Archive member included to satisfy reference by file (symbol)

/usr/lib/gcc/arm-none-eabi/12.2.1/../../../arm-none-eabi/lib/thumb/v7-m/nofp/libg_nano.a(lib_a-fflush.o)
                              ./output/startup_gcc.o (fflush)
/usr/lib/gcc/arm-none-eabi/12.2.1/../../../arm-none-eabi/lib/thumb/v7-m/nofp/libg_nano.a(lib_a-findfp.o)
                              /usr/lib/gcc/arm-none-eabi/12.2.1/../../../arm-none-eabi/lib/thumb/v7-m/nofp/libg_nano.a(lib_a-fflush.o) (__sinit)
/usr/lib/gcc/arm-none-eabi/12.2.1/../../../arm-none-eabi/lib/thumb/v7-m/nofp/libg_nano.a(lib_a-fwalk.o)
                              /usr/lib/gcc/arm-none-eabi/12.2.1/../../../arm-none-eabi/lib/thumb/v7-m/nofp/libg_nano.a(lib_a-findfp.o) (_fwalk)
/usr/lib/gcc/arm-none-eabi/12.2.1/../../../arm-none-eabi/lib/thumb/v7-m/nofp/libg_nano.a(lib_a-impure.o)
                              /usr/lib/gcc/arm-none-eabi/12.2.1/../../../arm-none-eabi/lib/thumb/v7-m/nofp/libg_nano.a(lib_a-fflush.o) (_global_impure_ptr)
/usr/lib/gcc/arm-none-eabi/12.2.1/../../../arm-none-eabi/lib/thumb/v7-m/nofp/libg_nano.a(lib_a-memcmp.o)
                              ./output/MessageBufferDemo.o (memcmp)
/usr/lib/gcc/arm-none-eabi/12.2.1/../../../arm-none-eabi/lib/thumb/v7-m/nofp/libg_nano.a(lib_a-memcpy.o)
                              ./output/queue.o (memcpy)
/usr/lib/gcc/arm-none-eabi/12.2.1/../../../arm-none-eabi/lib/thumb/v7-m/nofp/libg_nano.a(lib_a-memset.o)
                              ./output/tasks.o (memset)
/usr/lib/gcc/arm-none-eabi/12.2.1/../../../arm-none-eabi/lib/thumb/v7-m/nofp/libg_nano.a(lib_a-nano-freer.o)
                              /usr/lib/gcc/arm-none-eabi/12.2.1/../../../arm-none-eabi/lib/thumb/v7-m/nofp/libg_nano.a(lib_a-fflush.o) (_free_r)
/usr/lib/gcc/arm-none-eabi/12.2.1/../../../arm-none-eabi/lib/thumb/v7-m/nofp/libg_nano.a(lib_a-nano-mallocr.o)
                              /usr/lib/gcc/arm-none-eabi/12.2.1/../../../arm-none-eabi/lib/thumb/v7-m/nofp/libg_nano.a(lib_a-findfp.o) (_malloc_r)
/usr/lib/gcc/arm-none-eabi/12.2.1/../../../arm-none-eabi/lib/thumb/v7-m/nofp/libg_nano.a(lib_a-sbrkr.o)
                              /usr/lib/gcc/arm-none-eabi/12.2.1/../../../arm-none-eabi/lib/thumb/v7-m/nofp/libg_nano.a(lib_a-nano-mallocr.o) (_sbrk_r)
/usr/lib/gcc/arm-none-eabi/12.2.1/../../../arm-none-eabi/lib/thumb/v7-m/nofp/libg_nano.a(lib_a-stdio.o)
                              /usr/lib/gcc/arm-none-eabi/12.2.1/../../../arm-none-eabi/lib/thumb/v7-m/nofp/libg_nano.a(lib_a-findfp.o) (__sread)
/usr/lib/gcc/arm-none-eabi/12.2.1/../../../arm-none-eabi/lib/thumb/v7-m/nofp/libg_nano.a(lib_a-strcmp.o)
                              ./output/MessageBufferAMP.o (strcmp)
/usr/lib/gcc/arm-none-eabi/12.2.1/../../../arm-none-eabi/lib/thumb/v7-m/nofp/libg_nano.a(lib_a-strlen-stub.o)
                              ./output/tasks.o (strlen)
/usr/lib/gcc/arm-none-eabi/12.2.1/../../../arm-none-eabi/lib/thumb/v7-m/nofp/libg_nano.a(lib_a-writer.o)
                              /usr/lib/gcc/arm-none-eabi/12.2.1/../../../arm-none-eabi/lib/thumb/v7-m/nofp/libg_nano.a(lib_a-stdio.o) (_write_r)
/usr/lib/gcc/arm-none-eabi/12.2.1/../../../arm-none-eabi/lib/thumb/v7-m/nofp/libg_nano.a(lib_a-closer.o)
                              /usr/lib/gcc/arm-none-eabi/12.2.1/../../../arm-none-eabi/lib/thumb/v7-m/nofp/libg_nano.a(lib_a-stdio.o) (_close_r)
/usr/lib/gcc/arm-none-eabi/12.2.1/../../../arm-none-eabi/lib/thumb/v7-m/nofp/libg_nano.a(lib_a-lseekr.o)
                              /usr/lib/gcc/arm-none-eabi/12.2.1/../../../arm-none-eabi/lib/thumb/v7-m/nofp/libg_nano.a(lib_a-stdio.o) (_lseek_r)
/usr/lib/gcc/arm-none-eabi/12.2.1/../../../arm-none-eabi/lib/thumb/v7-m/nofp/libg_nano.a(lib_a-mlock.o)
                              /usr/lib/gcc/arm-none-eabi/12.2.1/../../../arm-none-eabi/lib/thumb/v7-m/nofp/libg_nano.a(lib_a-nano-freer.o) (__malloc_lock)
/usr/lib/gcc/arm-none-eabi/12.2.1/../../../arm-none-eabi/lib/thumb/v7-m/nofp/libg_nano.a(lib_a-readr.o)
                              /usr/lib/gcc/arm-none-eabi/12.2.1/../../../arm-none-eabi/lib/thumb/v7-m/nofp/libg_nano.a(lib_a-stdio.o) (_read_r)
/usr/lib/gcc/arm-none-eabi/12.2.1/../../../arm-none-eabi/lib/thumb/v7-m/nofp/libg_nano.a(lib_a-reent.o)
                              /usr/lib/gcc/arm-none-eabi/12.2.1/../../../arm-none-eabi/lib/thumb/v7-m/nofp/libg_nano.a(lib_a-sbrkr.o) (errno)
/usr/lib/gcc/arm-none-eabi/12.2.1/../../../arm-none-eabi/lib/thumb/v7-m/nofp/librdimon_nano.a(rdimon-syscalls.o)
                              /usr/lib/gcc/arm-none-eabi/12.2.1/../../../arm-none-eabi/lib/thumb/v7-m/nofp/libg_nano.a(lib_a-readr.o) (_read)
/usr/lib/gcc/arm-none-eabi/12.2.1/../../../arm-none-eabi/lib/thumb/v7-m/nofp/libc_nano.a(lib_a-errno.o)
                              /usr/lib/gcc/arm-none-eabi/12.2.1/../../../arm-none-eabi/lib/thumb/v7-m/nofp/librdimon_nano.a(rdimon-syscalls.o) (__errno)

Discarded input sections

 .group         0x0000000000000000        0xc ./output/tasks.o
[...]
Memory Configuration

Name             Origin             Length             Attributes
FLASH            0x0000000000000000 0x0000000000400000 xr
RAM              0x0000000020000000 0x0000000000400000 rw
*default*        0x0000000000000000 0xffffffffffffffff

Linker script and memory map

LOAD ./output/tasks.o
LOAD ./output/list.o
LOAD ./output/queue.o
LOAD ./output/timers.o
LOAD ./output/event_groups.o
LOAD ./output/stream_buffer.o
LOAD ./output/heap_4.o
LOAD ./output/port.o
LOAD ./output/AbortDelay.o
LOAD ./output/BlockQ.o
LOAD ./output/blocktim.o
LOAD ./output/countsem.o
LOAD ./output/death.o
LOAD ./output/dynamic.o
LOAD ./output/EventGroupsDemo.o
LOAD ./output/GenQTest.o
LOAD ./output/integer.o
LOAD ./output/IntQueue.o
LOAD ./output/IntQueueTimer.o
LOAD ./output/IntSemTest.o
LOAD ./output/MessageBufferAMP.o
LOAD ./output/MessageBufferDemo.o
LOAD ./output/PollQ.o
LOAD ./output/QPeek.o
LOAD ./output/QueueOverwrite.o
LOAD ./output/QueueSet.o
LOAD ./output/QueueSetPolling.o
LOAD ./output/recmutex.o
LOAD ./output/semtest.o
LOAD ./output/StaticAllocation.o
LOAD ./output/StreamBufferDemo.o
LOAD ./output/StreamBufferInterrupt.o
LOAD ./output/TaskNotify.o
LOAD ./output/TaskNotifyArray.o
LOAD ./output/TimerDemo.o
LOAD ./output/mainPriorityChange.o
LOAD ./output/startup_gcc.o
LOAD ./output/printf-stdarg.o
                0x0000000000000008                _Min_Heap_Size = 0x8
                0x0000000000000400                _Min_Stack_Size = 0x400
                0x0000000020400000                _estack = (ORIGIN (RAM) + LENGTH (RAM))

.isr_vector     0x0000000000000000       0x78
                0x0000000000000000                __vector_table = .
 *(.isr_vector)
 .isr_vector    0x0000000000000000       0x78 ./output/startup_gcc.o
                0x0000000000000000                isr_vector
                0x0000000000000078                . = ALIGN (0x4)

.text           0x0000000000000078     0x1634
 *(.text)
 .text          0x0000000000000078      0x1dc /usr/lib/gcc/arm-none-eabi/12.2.1/../../../arm-none-eabi/lib/thumb/v7-m/nofp/libg_nano.a(lib_a-fflush.o)
                0x0000000000000078                __sflush_r
                0x0000000000000180                _fflush_r
                0x00000000000001d4                fflush
 .text          0x0000000000000254      0x230 /usr/lib/gcc/arm-none-eabi/12.2.1/../../../arm-none-eabi/lib/thumb/v7-m/nofp/libg_nano.a(lib_a-findfp.o)
                0x0000000000000258                _cleanup_r
                0x0000000000000268                __sfmoreglue
                0x0000000000000298                __sfp
                0x0000000000000430                _cleanup
                0x0000000000000444                __sinit
                0x000000000000044c                __sfp_lock_acquire
                0x0000000000000450                __sfp_lock_release
                0x0000000000000454                __sinit_lock_acquire
                0x0000000000000458                __sinit_lock_release
                0x000000000000045c                __fp_lock_all
                0x0000000000000470                __fp_unlock_all
 .text          0x0000000000000484       0x88 /usr/lib/gcc/arm-none-eabi/12.2.1/../../../arm-none-eabi/lib/thumb/v7-m/nofp/libg_nano.a(lib_a-fwalk.o)
                0x0000000000000484                _fwalk
                0x00000000000004c4                _fwalk_reent
 .text          0x000000000000050c       0xec /usr/lib/gcc/arm-none-eabi/12.2.1/../../../arm-none-eabi/lib/thumb/v7-m/nofp/libg_nano.a(lib_a-memcpy.o)
                0x000000000000050c                memcpy
 .text          0x00000000000005f8       0xa4 /usr/lib/gcc/arm-none-eabi/12.2.1/../../../arm-none-eabi/lib/thumb/v7-m/nofp/libg_nano.a(lib_a-memset.o)
                0x00000000000005f8                memset
 .text          0x000000000000069c       0xcc /usr/lib/gcc/arm-none-eabi/12.2.1/../../../arm-none-eabi/lib/thumb/v7-m/nofp/libg_nano.a(lib_a-nano-freer.o)
                0x000000000000069c                _free_r
 .text          0x0000000000000768       0xb8 /usr/lib/gcc/arm-none-eabi/12.2.1/../../../arm-none-eabi/lib/thumb/v7-m/nofp/libg_nano.a(lib_a-nano-mallocr.o)
                0x0000000000000768                _malloc_r
 .text          0x0000000000000820       0x24 /usr/lib/gcc/arm-none-eabi/12.2.1/../../../arm-none-eabi/lib/thumb/v7-m/nofp/libg_nano.a(lib_a-sbrkr.o)
                0x0000000000000820                _sbrk_r
 .text          0x0000000000000844       0x90 /usr/lib/gcc/arm-none-eabi/12.2.1/../../../arm-none-eabi/lib/thumb/v7-m/nofp/libg_nano.a(lib_a-stdio.o)
                0x0000000000000844                __sread
                0x0000000000000868                __seofread
                0x000000000000086c                __swrite
                0x00000000000008ac                __sseek
                0x00000000000008cc                __sclose
 .text          0x00000000000008d4       0x5c /usr/lib/gcc/arm-none-eabi/12.2.1/../../../arm-none-eabi/lib/thumb/v7-m/nofp/libg_nano.a(lib_a-strlen-stub.o)
                0x00000000000008d4                strlen
 .text          0x0000000000000930       0x2c /usr/lib/gcc/arm-none-eabi/12.2.1/../../../arm-none-eabi/lib/thumb/v7-m/nofp/libg_nano.a(lib_a-writer.o)
                0x0000000000000930                _write_r
 .text          0x000000000000095c       0x24 /usr/lib/gcc/arm-none-eabi/12.2.1/../../../arm-none-eabi/lib/thumb/v7-m/nofp/libg_nano.a(lib_a-closer.o)
                0x000000000000095c                _close_r
 .text          0x0000000000000980       0x2c /usr/lib/gcc/arm-none-eabi/12.2.1/../../../arm-none-eabi/lib/thumb/v7-m/nofp/libg_nano.a(lib_a-lseekr.o)
                0x0000000000000980                _lseek_r
 .text          0x00000000000009ac        0x8 /usr/lib/gcc/arm-none-eabi/12.2.1/../../../arm-none-eabi/lib/thumb/v7-m/nofp/libg_nano.a(lib_a-mlock.o)
                0x00000000000009ac                __malloc_lock
                0x00000000000009b0                __malloc_unlock
 .text          0x00000000000009b4       0x2c /usr/lib/gcc/arm-none-eabi/12.2.1/../../../arm-none-eabi/lib/thumb/v7-m/nofp/libg_nano.a(lib_a-readr.o)
                0x00000000000009b4                _read_r
 .text          0x00000000000009e0      0xa10 /usr/lib/gcc/arm-none-eabi/12.2.1/../../../arm-none-eabi/lib/thumb/v7-m/nofp/librdimon_nano.a(rdimon-syscalls.o)
                0x00000000000009e0                _swiread
                0x0000000000000a1c                _read
                0x0000000000000aac                _swilseek
                0x0000000000000b90                _lseek
                0x0000000000000b94                _swiwrite
                0x0000000000000bd0                _write
                0x0000000000000c8c                _swiclose
                0x0000000000000cc4                _close
                0x0000000000000d5c                _getpid
                0x0000000000000d60                _sbrk
                0x0000000000000db4                _swistat
                0x0000000000000e34                _fstat
                0x0000000000000e50                _stat
                0x0000000000000e8c                _swiopen
                0x0000000000000f58                _open
                0x0000000000000f6c                _get_semihosting_exts
                0x000000000000107c                _has_ext_exit_extended
                0x00000000000010bc                _has_ext_stdout_stderr
                0x00000000000010fc                initialise_monitor_handles
                0x0000000000001228                _link
                0x000000000000123c                _unlink
                0x000000000000127c                _gettimeofday
                0x00000000000012a4                _clock
                0x00000000000012b8                _times
                0x00000000000012d8                _isatty
                0x0000000000001340                _system
                0x000000000000139c                _rename
 .text          0x00000000000013f0        0xc /usr/lib/gcc/arm-none-eabi/12.2.1/../../../arm-none-eabi/lib/thumb/v7-m/nofp/libc_nano.a(lib_a-errno.o)
                0x00000000000013f0                __errno
 *(.rodata*)
 .rodata        0x00000000000013fc       0x25 ./output/tasks.o
 *fill*         0x0000000000001421        0x3 
 .rodata        0x0000000000001424       0x1e ./output/queue.o
 *fill*         0x0000000000001442        0x2 
 .rodata        0x0000000000001444       0x2d ./output/timers.o
 *fill*         0x0000000000001471        0x3 
 .rodata        0x0000000000001474       0x30 ./output/heap_4.o
 .rodata        0x00000000000014a4       0x32 ./output/port.o
 *fill*         0x00000000000014d6        0x2 
 .rodata        0x00000000000014d8      0x113 ./output/mainPriorityChange.o
 *fill*         0x00000000000015eb        0x1 
 .rodata        0x00000000000015ec       0x36 ./output/startup_gcc.o
 *fill*         0x0000000000001622        0x2 
 .rodata        0x0000000000001624        0x7 ./output/printf-stdarg.o
 *fill*         0x000000000000162b        0x1 
 .rodata        0x000000000000162c       0x60 /usr/lib/gcc/arm-none-eabi/12.2.1/../../../arm-none-eabi/lib/thumb/v7-m/nofp/libg_nano.a(lib_a-findfp.o)
                0x000000000000162c                __sf_fake_stderr
                0x000000000000164c                __sf_fake_stdout
                0x000000000000166c                __sf_fake_stdin
 .rodata        0x000000000000168c        0x4 /usr/lib/gcc/arm-none-eabi/12.2.1/../../../arm-none-eabi/lib/thumb/v7-m/nofp/libg_nano.a(lib_a-impure.o)
                0x000000000000168c                _global_impure_ptr
 .rodata.str1.4
                0x0000000000001690       0x1c /usr/lib/gcc/arm-none-eabi/12.2.1/../../../arm-none-eabi/lib/thumb/v7-m/nofp/librdimon_nano.a(rdimon-syscalls.o)
 *(.constdata*)
                0x00000000000016ac                _etext = .
                0x00000000000016ac                _sidata = .

.glue_7         0x00000000000016ac        0x0
 .glue_7        0x00000000000016ac        0x0 linker stubs

.glue_7t        0x00000000000016ac        0x0
 .glue_7t       0x00000000000016ac        0x0 linker stubs

.vfp11_veneer   0x00000000000016ac        0x0
 .vfp11_veneer  0x00000000000016ac        0x0 linker stubs

.v4_bx          0x00000000000016ac        0x0
 .v4_bx         0x00000000000016ac        0x0 linker stubs

.text.prvCreateStaticTask
                0x00000000000016ac       0x9c
 .text.prvCreateStaticTask
                0x00000000000016ac       0x9c ./output/tasks.o

.text.xTaskCreateStatic
                0x0000000000001748       0x48
 .text.xTaskCreateStatic
                0x0000000000001748       0x48 ./output/tasks.o
                0x0000000000001748                xTaskCreateStatic

.text.prvCreateTask
                0x0000000000001790       0x82
 .text.prvCreateTask
                0x0000000000001790       0x82 ./output/tasks.o

.text.xTaskCreate
                0x0000000000001812       0x48
 .text.xTaskCreate
                0x0000000000001812       0x48 ./output/tasks.o
                0x0000000000001812                xTaskCreate

.text.prvInitialiseNewTask
                0x000000000000185c      0x108
 .text.prvInitialiseNewTask
                0x000000000000185c      0x108 ./output/tasks.o

.text.prvAddNewTaskToReadyList
                0x0000000000001964      0x124
 .text.prvAddNewTaskToReadyList
                0x0000000000001964      0x124 ./output/tasks.o

.text.uxTaskPriorityGet
                0x0000000000001a88       0x34
 .text.uxTaskPriorityGet
                0x0000000000001a88       0x34 ./output/tasks.o
                0x0000000000001a88                uxTaskPriorityGet

.text.vTaskPrioritySet
                0x0000000000001abc      0x1a8
 .text.vTaskPrioritySet
                0x0000000000001abc      0x1a8 ./output/tasks.o
                0x0000000000001abc                vTaskPrioritySet

.text.prvCreateIdleTasks
                0x0000000000001c64       0xd0
 .text.prvCreateIdleTasks
                0x0000000000001c64       0xd0 ./output/tasks.o

.text.vTaskStartScheduler
                0x0000000000001d34       0x80
 .text.vTaskStartScheduler
                0x0000000000001d34       0x80 ./output/tasks.o
                0x0000000000001d34                vTaskStartScheduler

.text.vTaskSuspendAll
                0x0000000000001db4       0x1c
 .text.vTaskSuspendAll
                0x0000000000001db4       0x1c ./output/tasks.o
                0x0000000000001db4                vTaskSuspendAll

.text.xTaskResumeAll
                0x0000000000001dd0      0x204
 .text.xTaskResumeAll
                0x0000000000001dd0      0x204 ./output/tasks.o
                0x0000000000001dd0                xTaskResumeAll

.text.xTaskGetTickCount
                0x0000000000001fd4       0x1c
 .text.xTaskGetTickCount
                0x0000000000001fd4       0x1c ./output/tasks.o
                0x0000000000001fd4                xTaskGetTickCount

.text.uxTaskGetNumberOfTasks
                0x0000000000001ff0       0x14
 .text.uxTaskGetNumberOfTasks
                0x0000000000001ff0       0x14 ./output/tasks.o
                0x0000000000001ff0                uxTaskGetNumberOfTasks

.text.xTaskIncrementTick
                0x0000000000002004      0x234
 .text.xTaskIncrementTick
                0x0000000000002004      0x234 ./output/tasks.o
                0x0000000000002004                xTaskIncrementTick

.text.vTaskSwitchContext
                0x0000000000002238       0xfc
 .text.vTaskSwitchContext
                0x0000000000002238       0xfc ./output/tasks.o
                0x0000000000002238                vTaskSwitchContext

.text.vTaskPlaceOnEventList
                0x0000000000002334       0x40
 .text.vTaskPlaceOnEventList
                0x0000000000002334       0x40 ./output/tasks.o
                0x0000000000002334                vTaskPlaceOnEventList

.text.vTaskPlaceOnEventListRestricted
                0x0000000000002374       0x84
 .text.vTaskPlaceOnEventListRestricted
                0x0000000000002374       0x84 ./output/tasks.o
                0x0000000000002374                vTaskPlaceOnEventListRestricted

.text.xTaskRemoveFromEventList
                0x00000000000023f8      0x1a0
 .text.xTaskRemoveFromEventList
                0x00000000000023f8      0x1a0 ./output/tasks.o
                0x00000000000023f8                xTaskRemoveFromEventList

.text.vTaskInternalSetTimeOutState
                0x0000000000002598       0x2c
 .text.vTaskInternalSetTimeOutState
                0x0000000000002598       0x2c ./output/tasks.o
                0x0000000000002598                vTaskInternalSetTimeOutState

.text.xTaskCheckForTimeOut
                0x00000000000025c4       0xd8
 .text.xTaskCheckForTimeOut
                0x00000000000025c4       0xd8 ./output/tasks.o
                0x00000000000025c4                xTaskCheckForTimeOut

.text.vTaskMissedYield
                0x000000000000269c       0x18
 .text.vTaskMissedYield
                0x000000000000269c       0x18 ./output/tasks.o
                0x000000000000269c                vTaskMissedYield

.text.prvIdleTask
                0x00000000000026b4        0xe
 .text.prvIdleTask
                0x00000000000026b4        0xe ./output/tasks.o

.text.prvInitialiseTaskLists
                0x00000000000026c4       0x80
 .text.prvInitialiseTaskLists
                0x00000000000026c4       0x80 ./output/tasks.o

.text.prvCheckTasksWaitingTermination
                0x0000000000002744       0x5c
 .text.prvCheckTasksWaitingTermination
                0x0000000000002744       0x5c ./output/tasks.o

.text.prvDeleteTCB
                0x00000000000027a0       0x58
 .text.prvDeleteTCB
                0x00000000000027a0       0x58 ./output/tasks.o

.text.prvResetNextTaskUnblockTime
                0x00000000000027f8       0x34
 .text.prvResetNextTaskUnblockTime
                0x00000000000027f8       0x34 ./output/tasks.o

.text.xTaskGetSchedulerState
                0x000000000000282c       0x3c
 .text.xTaskGetSchedulerState
                0x000000000000282c       0x3c ./output/tasks.o
                0x000000000000282c                xTaskGetSchedulerState

.text.xTaskPriorityDisinherit
                0x0000000000002868      0x130
 .text.xTaskPriorityDisinherit
                0x0000000000002868      0x130 ./output/tasks.o
                0x0000000000002868                xTaskPriorityDisinherit

.text.prvAddCurrentTaskToDelayedList
                0x0000000000002998      0x10c
 .text.prvAddCurrentTaskToDelayedList
                0x0000000000002998      0x10c ./output/tasks.o

.iplt           0x0000000000002aa4        0x0
 .iplt          0x0000000000002aa4        0x0 ./output/tasks.o

.text.vListInitialise
                0x0000000000002aa4       0x3e
 .text.vListInitialise
                0x0000000000002aa4       0x3e ./output/list.o
                0x0000000000002aa4                vListInitialise

.text.vListInitialiseItem
                0x0000000000002ae2       0x18
 .text.vListInitialiseItem
                0x0000000000002ae2       0x18 ./output/list.o
                0x0000000000002ae2                vListInitialiseItem

.text.vListInsert
                0x0000000000002afa       0x70
 .text.vListInsert
                0x0000000000002afa       0x70 ./output/list.o
                0x0000000000002afa                vListInsert

.text.uxListRemove
                0x0000000000002b6a       0x52
 .text.uxListRemove
                0x0000000000002b6a       0x52 ./output/list.o
                0x0000000000002b6a                uxListRemove

.text.xQueueGenericReset
                0x0000000000002bbc      0x10c
 .text.xQueueGenericReset
                0x0000000000002bbc      0x10c ./output/queue.o
                0x0000000000002bbc                xQueueGenericReset

.text.xQueueGenericCreateStatic
                0x0000000000002cc8       0x9c
 .text.xQueueGenericCreateStatic
                0x0000000000002cc8       0x9c ./output/queue.o
                0x0000000000002cc8                xQueueGenericCreateStatic

.text.prvInitialiseNewQueue
                0x0000000000002d64       0x44
 .text.prvInitialiseNewQueue
                0x0000000000002d64       0x44 ./output/queue.o

.text.xQueueGenericSendFromISR
                0x0000000000002da8      0x168
 .text.xQueueGenericSendFromISR
                0x0000000000002da8      0x168 ./output/queue.o
                0x0000000000002da8                xQueueGenericSendFromISR

.text.xQueueReceive
                0x0000000000002f10      0x1a0
 .text.xQueueReceive
                0x0000000000002f10      0x1a0 ./output/queue.o
                0x0000000000002f10                xQueueReceive

.text.xQueueReceiveFromISR
                0x00000000000030b0      0x110
 .text.xQueueReceiveFromISR
                0x00000000000030b0      0x110 ./output/queue.o
                0x00000000000030b0                xQueueReceiveFromISR

.text.prvCopyDataToQueue
                0x00000000000031c0       0xd4
 .text.prvCopyDataToQueue
                0x00000000000031c0       0xd4 ./output/queue.o

.text.prvCopyDataFromQueue
                0x0000000000003294       0x4c
 .text.prvCopyDataFromQueue
                0x0000000000003294       0x4c ./output/queue.o

.text.prvUnlockQueue
                0x00000000000032e0       0xbe
 .text.prvUnlockQueue
                0x00000000000032e0       0xbe ./output/queue.o

.text.prvIsQueueEmpty
                0x000000000000339e       0x2c
 .text.prvIsQueueEmpty
                0x000000000000339e       0x2c ./output/queue.o

.text.xQueueIsQueueFullFromISR
                0x00000000000033cc       0x40
 .text.xQueueIsQueueFullFromISR
                0x00000000000033cc       0x40 ./output/queue.o
                0x00000000000033cc                xQueueIsQueueFullFromISR

.text.vQueueAddToRegistry
                0x000000000000340c       0x90
 .text.vQueueAddToRegistry
                0x000000000000340c       0x90 ./output/queue.o
                0x000000000000340c                vQueueAddToRegistry

.text.vQueueWaitForMessageRestricted
                0x000000000000349c       0x68
 .text.vQueueWaitForMessageRestricted
                0x000000000000349c       0x68 ./output/queue.o
                0x000000000000349c                vQueueWaitForMessageRestricted

.text.prvNotifyQueueSetContainer
                0x0000000000003504       0xc0
 .text.prvNotifyQueueSetContainer
                0x0000000000003504       0xc0 ./output/queue.o

.text.xTimerCreateTimerTask
                0x00000000000035c4       0x88
 .text.xTimerCreateTimerTask
                0x00000000000035c4       0x88 ./output/timers.o
                0x00000000000035c4                xTimerCreateTimerTask

.text.prvReloadTimer
                0x000000000000364c       0x42
 .text.prvReloadTimer
                0x000000000000364c       0x42 ./output/timers.o

.text.prvProcessExpiredTimer
                0x0000000000003690       0x60
 .text.prvProcessExpiredTimer
                0x0000000000003690       0x60 ./output/timers.o

.text.prvTimerTask
                0x00000000000036f0       0x26
 .text.prvTimerTask
                0x00000000000036f0       0x26 ./output/timers.o

.text.prvProcessTimerOrBlockTask
                0x0000000000003718       0x9c
 .text.prvProcessTimerOrBlockTask
                0x0000000000003718       0x9c ./output/timers.o

.text.prvGetNextExpireTime
                0x00000000000037b4       0x44
 .text.prvGetNextExpireTime
                0x00000000000037b4       0x44 ./output/timers.o

.text.prvSampleTimeNow
                0x00000000000037f8       0x40
 .text.prvSampleTimeNow
                0x00000000000037f8       0x40 ./output/timers.o

.text.prvInsertTimerInActiveList
                0x0000000000003838       0x84
 .text.prvInsertTimerInActiveList
                0x0000000000003838       0x84 ./output/timers.o

.text.prvProcessReceivedCommands
                0x00000000000038bc      0x1b0
 .text.prvProcessReceivedCommands
                0x00000000000038bc      0x1b0 ./output/timers.o

.text.prvSwitchTimerLists
                0x0000000000003a6c       0x4c
 .text.prvSwitchTimerLists
                0x0000000000003a6c       0x4c ./output/timers.o

.text.prvCheckForValidListAndQueue
                0x0000000000003ab8       0x80
 .text.prvCheckForValidListAndQueue
                0x0000000000003ab8       0x80 ./output/timers.o

.text.pvPortMalloc
                0x0000000000003b38      0x21c
 .text.pvPortMalloc
                0x0000000000003b38      0x21c ./output/heap_4.o
                0x0000000000003b38                pvPortMalloc

.text.vPortFree
                0x0000000000003d54       0xd0
 .text.vPortFree
                0x0000000000003d54       0xd0 ./output/heap_4.o
                0x0000000000003d54                vPortFree

.text.prvHeapInit
                0x0000000000003e24       0xb4
 .text.prvHeapInit
                0x0000000000003e24       0xb4 ./output/heap_4.o

.text.prvInsertBlockIntoFreeList
                0x0000000000003ed8       0xe8
 .text.prvInsertBlockIntoFreeList
                0x0000000000003ed8       0xe8 ./output/heap_4.o

.text.pxPortInitialiseStack
                0x0000000000003fc0       0x58
 .text.pxPortInitialiseStack
                0x0000000000003fc0       0x58 ./output/port.o
                0x0000000000003fc0                pxPortInitialiseStack

.text.prvTaskExitError
                0x0000000000004018       0x4c
 .text.prvTaskExitError
                0x0000000000004018       0x4c ./output/port.o

.text.vPortSVCHandler
                0x0000000000004070       0x28
 .text.vPortSVCHandler
                0x0000000000004070       0x28 ./output/port.o
                0x0000000000004070                vPortSVCHandler

.text.prvPortStartFirstTask
                0x0000000000004098       0x24
 .text.prvPortStartFirstTask
                0x0000000000004098       0x24 ./output/port.o

.text.xPortStartScheduler
                0x00000000000040bc      0x148
 .text.xPortStartScheduler
                0x00000000000040bc      0x148 ./output/port.o
                0x00000000000040bc                xPortStartScheduler

.text.vPortEnterCritical
                0x0000000000004204       0x54
 .text.vPortEnterCritical
                0x0000000000004204       0x54 ./output/port.o
                0x0000000000004204                vPortEnterCritical

.text.vPortExitCritical
                0x0000000000004258       0x48
 .text.vPortExitCritical
                0x0000000000004258       0x48 ./output/port.o
                0x0000000000004258                vPortExitCritical

.text.xPortPendSVHandler
                0x00000000000042a0       0x48
 .text.xPortPendSVHandler
                0x00000000000042a0       0x48 ./output/port.o
                0x00000000000042a0                xPortPendSVHandler

.text.xPortSysTickHandler
                0x00000000000042e8       0x44
 .text.xPortSysTickHandler
                0x00000000000042e8       0x44 ./output/port.o
                0x00000000000042e8                xPortSysTickHandler

.text.vPortSetupTimerInterrupt
                0x000000000000432c       0x34
 .text.vPortSetupTimerInterrupt
                0x000000000000432c       0x34 ./output/port.o
                0x000000000000432c                vPortSetupTimerInterrupt

.text.vPortValidateInterruptPriority
                0x0000000000004360       0x68
 .text.vPortValidateInterruptPriority
                0x0000000000004360       0x68 ./output/port.o
                0x0000000000004360                vPortValidateInterruptPriority

.text.prvRecordValue_NormallyFull
                0x00000000000043c8       0x3c
 .text.prvRecordValue_NormallyFull
                0x00000000000043c8       0x3c ./output/IntQueue.o

.text.prvRecordValue_NormallyEmpty
                0x0000000000004404       0x3c
 .text.prvRecordValue_NormallyEmpty
                0x0000000000004404       0x3c ./output/IntQueue.o

.text.prvQueueAccessLogError
                0x0000000000004440       0x28
 .text.prvQueueAccessLogError
                0x0000000000004440       0x28 ./output/IntQueue.o

.text.xFirstTimerHandler
                0x0000000000004468      0x1b8
 .text.xFirstTimerHandler
                0x0000000000004468      0x1b8 ./output/IntQueue.o
                0x0000000000004468                xFirstTimerHandler

.text.xSecondTimerHandler
                0x0000000000004620      0x290
 .text.xSecondTimerHandler
                0x0000000000004620      0x290 ./output/IntQueue.o
                0x0000000000004620                xSecondTimerHandler

.text.TIMER0_Handler
                0x00000000000048b0       0x48
 .text.TIMER0_Handler
                0x00000000000048b0       0x48 ./output/IntQueueTimer.o
                0x00000000000048b0                TIMER0_Handler

.text.TIMER1_Handler
                0x00000000000048f8       0x48
 .text.TIMER1_Handler
                0x00000000000048f8       0x48 ./output/IntQueueTimer.o
                0x00000000000048f8                TIMER1_Handler

.text.main      0x0000000000004940       0x60
 .text.main     0x0000000000004940       0x60 ./output/mainPriorityChange.o
                0x0000000000004940                main

.text.vTask1    0x00000000000049a0       0x30
 .text.vTask1   0x00000000000049a0       0x30 ./output/mainPriorityChange.o

.text.vTask2    0x00000000000049d0       0x3c
 .text.vTask2   0x00000000000049d0       0x3c ./output/mainPriorityChange.o

.text.vApplicationMallocFailedHook
                0x0000000000004a0c       0x28
 .text.vApplicationMallocFailedHook
                0x0000000000004a0c       0x28 ./output/mainPriorityChange.o
                0x0000000000004a0c                vApplicationMallocFailedHook

.text.vApplicationStackOverflowHook
                0x0000000000004a34       0x30
 .text.vApplicationStackOverflowHook
                0x0000000000004a34       0x30 ./output/mainPriorityChange.o
                0x0000000000004a34                vApplicationStackOverflowHook

.text.vApplicationTickHook
                0x0000000000004a64        0xc
 .text.vApplicationTickHook
                0x0000000000004a64        0xc ./output/mainPriorityChange.o
                0x0000000000004a64                vApplicationTickHook

.text.vAssertCalled
                0x0000000000004a70       0x3c
 .text.vAssertCalled
                0x0000000000004a70       0x3c ./output/mainPriorityChange.o
                0x0000000000004a70                vAssertCalled

.text.vApplicationGetIdleTaskMemory
                0x0000000000004aac       0x30
 .text.vApplicationGetIdleTaskMemory
                0x0000000000004aac       0x30 ./output/mainPriorityChange.o
                0x0000000000004aac                vApplicationGetIdleTaskMemory

.text.vApplicationGetTimerTaskMemory
                0x0000000000004adc       0x30
 .text.vApplicationGetTimerTaskMemory
                0x0000000000004adc       0x30 ./output/mainPriorityChange.o
                0x0000000000004adc                vApplicationGetTimerTaskMemory

.text.prvUARTInit
                0x0000000000004b0c       0x20
 .text.prvUARTInit
                0x0000000000004b0c       0x20 ./output/mainPriorityChange.o

.text.Reset_Handler
                0x0000000000004b2c        0xc
 .text.Reset_Handler
                0x0000000000004b2c        0xc ./output/startup_gcc.o
                0x0000000000004b2c                Reset_Handler

.text.prvGetRegistersFromStack
                0x0000000000004b38       0x88
 .text.prvGetRegistersFromStack
                0x0000000000004b38       0x88 ./output/startup_gcc.o
                0x0000000000004b38                prvGetRegistersFromStack

.text.Default_Handler
                0x0000000000004c00       0x18
 .text.Default_Handler
                0x0000000000004c00       0x18 ./output/startup_gcc.o

.text.HardFault_Handler
                0x0000000000004d00       0x1c
 .text.HardFault_Handler
                0x0000000000004d00       0x1c ./output/startup_gcc.o

.text.printchar
                0x0000000000004d1c       0x62
 .text.printchar
                0x0000000000004d1c       0x62 ./output/printf-stdarg.o

.text.prints    0x0000000000004d7e       0xb6
 .text.prints   0x0000000000004d7e       0xb6 ./output/printf-stdarg.o

.text.printi    0x0000000000004e34       0xe2
 .text.printi   0x0000000000004e34       0xe2 ./output/printf-stdarg.o

.text.tiny_print
                0x0000000000004f18      0x1fc
 .text.tiny_print
                0x0000000000004f18      0x1fc ./output/printf-stdarg.o

.text.printf    0x0000000000005114       0x2a
 .text.printf   0x0000000000005114       0x2a ./output/printf-stdarg.o
                0x0000000000005114                printf

.rel.dyn        0x0000000000005140        0x0
 .rel.iplt      0x0000000000005140        0x0 ./output/tasks.o

.data           0x0000000020000000       0x70
                0x0000000020000000                . = ALIGN (0x8)
                0x0000000020000000                _data = .
                0x0000000020000000                _sdata = .
 *(vtable)
 *(.data)
 .data          0x0000000020000000       0x64 /usr/lib/gcc/arm-none-eabi/12.2.1/../../../arm-none-eabi/lib/thumb/v7-m/nofp/libg_nano.a(lib_a-impure.o)
                0x0000000020000000                _impure_ptr
 .data          0x0000000020000064        0xc /usr/lib/gcc/arm-none-eabi/12.2.1/../../../arm-none-eabi/lib/thumb/v7-m/nofp/librdimon_nano.a(rdimon-syscalls.o)
                0x0000000020000064                __heap_limit
                0x0000000020000070                _edata = .

.data.uxTopUsedPriority
                0x0000000020000070        0x4
 .data.uxTopUsedPriority
                0x0000000020000070        0x4 ./output/tasks.o

.igot.plt       0x0000000020000074        0x0
 .igot.plt      0x0000000020000074        0x0 ./output/tasks.o

.data.uxCriticalNesting
                0x0000000020000074        0x4
 .data.uxCriticalNesting
                0x0000000020000074        0x4 ./output/port.o

.data.xErrorStatus
                0x0000000020000078        0x4
 .data.xErrorStatus
                0x0000000020000078        0x4 ./output/IntQueue.o

.bss            0x000000002000007c       0xc0
                0x0000000020000080                . = ALIGN (0x8)
 *fill*         0x000000002000007c        0x4 
                0x0000000020000080                _bss = .
                0x0000000020000080                _sbss = .
 *(.bss)
 .bss           0x0000000020000080        0x8 /usr/lib/gcc/arm-none-eabi/12.2.1/../../../arm-none-eabi/lib/thumb/v7-m/nofp/libg_nano.a(lib_a-nano-mallocr.o)
                0x0000000020000080                __malloc_free_list
                0x0000000020000084                __malloc_sbrk_start
 .bss           0x0000000020000088        0x4 /usr/lib/gcc/arm-none-eabi/12.2.1/../../../arm-none-eabi/lib/thumb/v7-m/nofp/libg_nano.a(lib_a-reent.o)
                0x0000000020000088                errno
 .bss           0x000000002000008c       0xb0 /usr/lib/gcc/arm-none-eabi/12.2.1/../../../arm-none-eabi/lib/thumb/v7-m/nofp/librdimon_nano.a(rdimon-syscalls.o)
                0x000000002000013c                _ebss = .

.bss.pxCurrentTCB
                0x000000002000013c        0x4
 .bss.pxCurrentTCB
                0x000000002000013c        0x4 ./output/tasks.o
                0x000000002000013c                pxCurrentTCB

.bss.pxReadyTasksLists
                0x0000000020000140       0xb4
 .bss.pxReadyTasksLists
                0x0000000020000140       0xb4 ./output/tasks.o

.bss.xDelayedTaskList1
                0x00000000200001f4       0x14
 .bss.xDelayedTaskList1
                0x00000000200001f4       0x14 ./output/tasks.o

.bss.xDelayedTaskList2
                0x0000000020000208       0x14
 .bss.xDelayedTaskList2
                0x0000000020000208       0x14 ./output/tasks.o

.bss.pxDelayedTaskList
                0x000000002000021c        0x4
 .bss.pxDelayedTaskList
                0x000000002000021c        0x4 ./output/tasks.o

.bss.pxOverflowDelayedTaskList
                0x0000000020000220        0x4
 .bss.pxOverflowDelayedTaskList
                0x0000000020000220        0x4 ./output/tasks.o

.bss.xPendingReadyList
                0x0000000020000224       0x14
 .bss.xPendingReadyList
                0x0000000020000224       0x14 ./output/tasks.o

.bss.xTasksWaitingTermination
                0x0000000020000238       0x14
 .bss.xTasksWaitingTermination
                0x0000000020000238       0x14 ./output/tasks.o

.bss.uxDeletedTasksWaitingCleanUp
                0x000000002000024c        0x4
 .bss.uxDeletedTasksWaitingCleanUp
                0x000000002000024c        0x4 ./output/tasks.o

.bss.xSuspendedTaskList
                0x0000000020000250       0x14
 .bss.xSuspendedTaskList
                0x0000000020000250       0x14 ./output/tasks.o

.bss.uxCurrentNumberOfTasks
                0x0000000020000264        0x4
 .bss.uxCurrentNumberOfTasks
                0x0000000020000264        0x4 ./output/tasks.o

.bss.xTickCount
                0x0000000020000268        0x4
 .bss.xTickCount
                0x0000000020000268        0x4 ./output/tasks.o

.bss.uxTopReadyPriority
                0x000000002000026c        0x4
 .bss.uxTopReadyPriority
                0x000000002000026c        0x4 ./output/tasks.o

.bss.xSchedulerRunning
                0x0000000020000270        0x4
 .bss.xSchedulerRunning
                0x0000000020000270        0x4 ./output/tasks.o

.bss.xPendedTicks
                0x0000000020000274        0x4
 .bss.xPendedTicks
                0x0000000020000274        0x4 ./output/tasks.o

.bss.xYieldPendings
                0x0000000020000278        0x4
 .bss.xYieldPendings
                0x0000000020000278        0x4 ./output/tasks.o

.bss.xNumOfOverflows
                0x000000002000027c        0x4
 .bss.xNumOfOverflows
                0x000000002000027c        0x4 ./output/tasks.o

.bss.uxTaskNumber
                0x0000000020000280        0x4
 .bss.uxTaskNumber
                0x0000000020000280        0x4 ./output/tasks.o

.bss.xNextTaskUnblockTime
                0x0000000020000284        0x4
 .bss.xNextTaskUnblockTime
                0x0000000020000284        0x4 ./output/tasks.o

.bss.xIdleTaskHandles
                0x0000000020000288        0x4
 .bss.xIdleTaskHandles
                0x0000000020000288        0x4 ./output/tasks.o

.bss.uxSchedulerSuspended
                0x000000002000028c        0x4
 .bss.uxSchedulerSuspended
                0x000000002000028c        0x4 ./output/tasks.o

.bss.xQueueRegistry
                0x0000000020000290       0x50
 .bss.xQueueRegistry
                0x0000000020000290       0x50 ./output/queue.o
                0x0000000020000290                xQueueRegistry

.bss.xActiveTimerList1
                0x00000000200002e0       0x14
 .bss.xActiveTimerList1
                0x00000000200002e0       0x14 ./output/timers.o

.bss.xActiveTimerList2
                0x00000000200002f4       0x14
 .bss.xActiveTimerList2
                0x00000000200002f4       0x14 ./output/timers.o

.bss.pxCurrentTimerList
                0x0000000020000308        0x4
 .bss.pxCurrentTimerList
                0x0000000020000308        0x4 ./output/timers.o

.bss.pxOverflowTimerList
                0x000000002000030c        0x4
 .bss.pxOverflowTimerList
                0x000000002000030c        0x4 ./output/timers.o

.bss.xTimerQueue
                0x0000000020000310        0x4
 .bss.xTimerQueue
                0x0000000020000310        0x4 ./output/timers.o

.bss.xTimerTaskHandle
                0x0000000020000314        0x4
 .bss.xTimerTaskHandle
                0x0000000020000314        0x4 ./output/timers.o

.bss.xLastTime.2
                0x0000000020000318        0x4
 .bss.xLastTime.2
                0x0000000020000318        0x4 ./output/timers.o

.bss.ucStaticTimerQueueStorage.1
                0x000000002000031c      0x140
 .bss.ucStaticTimerQueueStorage.1
                0x000000002000031c      0x140 ./output/timers.o

.bss.xStaticTimerQueue.0
                0x000000002000045c       0x4c
 .bss.xStaticTimerQueue.0
                0x000000002000045c       0x4c ./output/timers.o

.bss.ucHeap     0x00000000200004a8     0xf000
 .bss.ucHeap    0x00000000200004a8     0xf000 ./output/heap_4.o

.bss.xStart     0x000000002000f4a8        0x8
 .bss.xStart    0x000000002000f4a8        0x8 ./output/heap_4.o

.bss.pxEnd      0x000000002000f4b0        0x4
 .bss.pxEnd     0x000000002000f4b0        0x4 ./output/heap_4.o

.bss.xFreeBytesRemaining
                0x000000002000f4b4        0x4
 .bss.xFreeBytesRemaining
                0x000000002000f4b4        0x4 ./output/heap_4.o

.bss.xMinimumEverFreeBytesRemaining
                0x000000002000f4b8        0x4
 .bss.xMinimumEverFreeBytesRemaining
                0x000000002000f4b8        0x4 ./output/heap_4.o

.bss.xNumberOfSuccessfulAllocations
                0x000000002000f4bc        0x4
 .bss.xNumberOfSuccessfulAllocations
                0x000000002000f4bc        0x4 ./output/heap_4.o

.bss.xNumberOfSuccessfulFrees
                0x000000002000f4c0        0x4
 .bss.xNumberOfSuccessfulFrees
                0x000000002000f4c0        0x4 ./output/heap_4.o

.bss.ucMaxSysCallPriority
                0x000000002000f4c4        0x1
 .bss.ucMaxSysCallPriority
                0x000000002000f4c4        0x1 ./output/port.o

.bss.ulMaxPRIGROUPValue
                0x000000002000f4c8        0x4
 .bss.ulMaxPRIGROUPValue
                0x000000002000f4c8        0x4 ./output/port.o

.bss.xNormallyEmptyQueue
                0x000000002000f4cc        0x4
 .bss.xNormallyEmptyQueue
                0x000000002000f4cc        0x4 ./output/IntQueue.o

.bss.xNormallyFullQueue
                0x000000002000f4d0        0x4
 .bss.xNormallyFullQueue
                0x000000002000f4d0        0x4 ./output/IntQueue.o

.bss.xErrorLine
                0x000000002000f4d4        0x4
 .bss.xErrorLine
                0x000000002000f4d4        0x4 ./output/IntQueue.o

.bss.uxValueForNormallyEmptyQueue
                0x000000002000f4d8        0x4
 .bss.uxValueForNormallyEmptyQueue
                0x000000002000f4d8        0x4 ./output/IntQueue.o

.bss.uxValueForNormallyFullQueue
                0x000000002000f4dc        0x4
 .bss.uxValueForNormallyFullQueue
                0x000000002000f4dc        0x4 ./output/IntQueue.o

.bss.ucNormallyEmptyReceivedValues
                0x000000002000f4e0       0xc8
 .bss.ucNormallyEmptyReceivedValues
                0x000000002000f4e0       0xc8 ./output/IntQueue.o

.bss.ucNormallyFullReceivedValues
                0x000000002000f5a8       0xc8
 .bss.ucNormallyFullReceivedValues
                0x000000002000f5a8       0xc8 ./output/IntQueue.o

.bss.uxNextOperation.5
                0x000000002000f670        0x4
 .bss.uxNextOperation.5
                0x000000002000f670        0x4 ./output/IntQueue.o

.bss.uxNextOperation.4
                0x000000002000f674        0x4
 .bss.uxNextOperation.4
                0x000000002000f674        0x4 ./output/IntQueue.o

.bss.ulNest     0x000000002000f678        0x4
 .bss.ulNest    0x000000002000f678        0x4 ./output/IntQueueTimer.o
                0x000000002000f678                ulNest

.bss.ulNestCount
                0x000000002000f67c        0x4
 .bss.ulNestCount
                0x000000002000f67c        0x4 ./output/IntQueueTimer.o
                0x000000002000f67c                ulNestCount

.bss.xTask2Handle
                0x000000002000f680        0x4
 .bss.xTask2Handle
                0x000000002000f680        0x4 ./output/mainPriorityChange.o

.bss.xIdleTaskTCB.3
                0x000000002000f684       0x5c
 .bss.xIdleTaskTCB.3
                0x000000002000f684       0x5c ./output/mainPriorityChange.o

.bss.uxIdleTaskStack.2
                0x000000002000f6e0      0x140
 .bss.uxIdleTaskStack.2
                0x000000002000f6e0      0x140 ./output/mainPriorityChange.o

.bss.xTimerTaskTCB.1
                0x000000002000f820       0x5c
 .bss.xTimerTaskTCB.1
                0x000000002000f820       0x5c ./output/mainPriorityChange.o

.bss.uxTimerTaskStack.0
                0x000000002000f87c      0x280
 .bss.uxTimerTaskStack.0
                0x000000002000f87c      0x280 ./output/mainPriorityChange.o

.bss.r0         0x000000002000fafc        0x4
 .bss.r0        0x000000002000fafc        0x4 ./output/startup_gcc.o
                0x000000002000fafc                r0

.bss.r1         0x000000002000fb00        0x4
 .bss.r1        0x000000002000fb00        0x4 ./output/startup_gcc.o
                0x000000002000fb00                r1

.bss.r2         0x000000002000fb04        0x4
 .bss.r2        0x000000002000fb04        0x4 ./output/startup_gcc.o
                0x000000002000fb04                r2

.bss.r3         0x000000002000fb08        0x4
 .bss.r3        0x000000002000fb08        0x4 ./output/startup_gcc.o
                0x000000002000fb08                r3

.bss.r12        0x000000002000fb0c        0x4
 .bss.r12       0x000000002000fb0c        0x4 ./output/startup_gcc.o
                0x000000002000fb0c                r12

.bss.lr         0x000000002000fb10        0x4
 .bss.lr        0x000000002000fb10        0x4 ./output/startup_gcc.o
                0x000000002000fb10                lr

.bss.pc         0x000000002000fb14        0x4
 .bss.pc        0x000000002000fb14        0x4 ./output/startup_gcc.o
                0x000000002000fb14                pc

.bss.psr        0x000000002000fb18        0x4
 .bss.psr       0x000000002000fb18        0x4 ./output/startup_gcc.o
                0x000000002000fb18                psr

.heap           0x000000002000fb1c      0x40c
                0x000000002000fb20                . = ALIGN (0x8)
 *fill*         0x000000002000fb1c        0x4 
                0x000000002000fb20                PROVIDE (end = .)
                [!provide]                        PROVIDE (_end = .)
                0x000000002000fb20                _heap_bottom = .
                0x000000002000fb28                . = (. + _Min_Heap_Size)
 *fill*         0x000000002000fb20        0x8 
                0x000000002000fb28                _heap_top = .
                0x000000002000ff28                . = (. + _Min_Stack_Size)
 *fill*         0x000000002000fb28      0x400 
                0x000000002000ff28                . = ALIGN (0x8)
                0x0000000020400000                __StackTop = (ORIGIN (RAM) + LENGTH (RAM))
                0x00000000203ffc00                __StackLimit = (__StackTop - _Min_Stack_Size)
                [!provide]                        PROVIDE (__stack = __StackTop)
                0x0000000000000001                ASSERT ((__StackLimit >= _heap_top), region RAM overflowed with stack)
START GROUP
LOAD /usr/lib/gcc/arm-none-eabi/12.2.1/thumb/v7-m/nofp/libgcc.a
LOAD /usr/lib/gcc/arm-none-eabi/12.2.1/../../../arm-none-eabi/lib/thumb/v7-m/nofp/libg_nano.a
LOAD /usr/lib/gcc/arm-none-eabi/12.2.1/../../../arm-none-eabi/lib/thumb/v7-m/nofp/libc_nano.a
END GROUP
START GROUP
LOAD /usr/lib/gcc/arm-none-eabi/12.2.1/thumb/v7-m/nofp/libgcc.a
LOAD /usr/lib/gcc/arm-none-eabi/12.2.1/../../../arm-none-eabi/lib/thumb/v7-m/nofp/libc_nano.a
LOAD /usr/lib/gcc/arm-none-eabi/12.2.1/../../../arm-none-eabi/lib/thumb/v7-m/nofp/librdimon_nano.a
LOAD /usr/lib/gcc/arm-none-eabi/12.2.1/../../../arm-none-eabi/lib/thumb/v7-m/nofp/libnosys.a
END GROUP
START GROUP
LOAD /usr/lib/gcc/arm-none-eabi/12.2.1/thumb/v7-m/nofp/libgcc.a
LOAD /usr/lib/gcc/arm-none-eabi/12.2.1/../../../arm-none-eabi/lib/thumb/v7-m/nofp/libc_nano.a
LOAD /usr/lib/gcc/arm-none-eabi/12.2.1/../../../arm-none-eabi/lib/thumb/v7-m/nofp/libnosys.a
END GROUP
START GROUP
LOAD /usr/lib/gcc/arm-none-eabi/12.2.1/thumb/v7-m/nofp/libgcc.a
LOAD /usr/lib/gcc/arm-none-eabi/12.2.1/../../../arm-none-eabi/lib/thumb/v7-m/nofp/libc_nano.a
LOAD /usr/lib/gcc/arm-none-eabi/12.2.1/../../../arm-none-eabi/lib/thumb/v7-m/nofp/librdimon_nano.a
END GROUP
OUTPUT(./output/RTOSDemo.out elf32-littlearm)
LOAD linker stubs

.debug_info     0x0000000000000000    0x1403f
 .debug_info    0x0000000000000000     0x24c6 ./output/tasks.o
 .debug_info    0x00000000000024c6      0x2a3 ./output/list.o
 .debug_info    0x0000000000002769     0x191f ./output/queue.o
 .debug_info    0x0000000000004088     0x1314 ./output/timers.o
 .debug_info    0x000000000000539c      0x4b3 ./output/heap_4.o
 .debug_info    0x000000000000584f      0x41e ./output/port.o
 .debug_info    0x0000000000005c6d      0xaca ./output/IntQueue.o
 .debug_info    0x0000000000006737      0x583 ./output/IntQueueTimer.o
 .debug_info    0x0000000000006cba      0x698 ./output/mainPriorityChange.o
 .debug_info    0x0000000000007352      0xa1b ./output/startup_gcc.o
 .debug_info    0x0000000000007d6d      0x403 ./output/printf-stdarg.o
 .debug_info    0x0000000000008170      0xb0a /usr/lib/gcc/arm-none-eabi/12.2.1/../../../arm-none-eabi/lib/thumb/v7-m/nofp/libg_nano.a(lib_a-fflush.o)
 .debug_info    0x0000000000008c7a      0xfae /usr/lib/gcc/arm-none-eabi/12.2.1/../../../arm-none-eabi/lib/thumb/v7-m/nofp/libg_nano.a(lib_a-findfp.o)
 .debug_info    0x0000000000009c28      0x900 /usr/lib/gcc/arm-none-eabi/12.2.1/../../../arm-none-eabi/lib/thumb/v7-m/nofp/libg_nano.a(lib_a-fwalk.o)
 .debug_info    0x000000000000a528      0x863 /usr/lib/gcc/arm-none-eabi/12.2.1/../../../arm-none-eabi/lib/thumb/v7-m/nofp/libg_nano.a(lib_a-impure.o)
 .debug_info    0x000000000000ad8b       0x26 /usr/lib/gcc/arm-none-eabi/12.2.1/../../../arm-none-eabi/lib/thumb/v7-m/nofp/libg_nano.a(lib_a-memcpy.o)
 .debug_info    0x000000000000adb1      0x137 /usr/lib/gcc/arm-none-eabi/12.2.1/../../../arm-none-eabi/lib/thumb/v7-m/nofp/libg_nano.a(lib_a-memset.o)
 .debug_info    0x000000000000aee8      0x940 /usr/lib/gcc/arm-none-eabi/12.2.1/../../../arm-none-eabi/lib/thumb/v7-m/nofp/libg_nano.a(lib_a-nano-freer.o)
 .debug_info    0x000000000000b828      0xa0c /usr/lib/gcc/arm-none-eabi/12.2.1/../../../arm-none-eabi/lib/thumb/v7-m/nofp/libg_nano.a(lib_a-nano-mallocr.o)
 .debug_info    0x000000000000c234      0x828 /usr/lib/gcc/arm-none-eabi/12.2.1/../../../arm-none-eabi/lib/thumb/v7-m/nofp/libg_nano.a(lib_a-sbrkr.o)
 .debug_info    0x000000000000ca5c      0xabc /usr/lib/gcc/arm-none-eabi/12.2.1/../../../arm-none-eabi/lib/thumb/v7-m/nofp/libg_nano.a(lib_a-stdio.o)
 .debug_info    0x000000000000d518       0xbc /usr/lib/gcc/arm-none-eabi/12.2.1/../../../arm-none-eabi/lib/thumb/v7-m/nofp/libg_nano.a(lib_a-strlen-stub.o)
 .debug_info    0x000000000000d5d4      0x85a /usr/lib/gcc/arm-none-eabi/12.2.1/../../../arm-none-eabi/lib/thumb/v7-m/nofp/libg_nano.a(lib_a-writer.o)
 .debug_info    0x000000000000de2e      0x805 /usr/lib/gcc/arm-none-eabi/12.2.1/../../../arm-none-eabi/lib/thumb/v7-m/nofp/libg_nano.a(lib_a-closer.o)
 .debug_info    0x000000000000e633      0x83b /usr/lib/gcc/arm-none-eabi/12.2.1/../../../arm-none-eabi/lib/thumb/v7-m/nofp/libg_nano.a(lib_a-lseekr.o)
 .debug_info    0x000000000000ee6e      0x7dc /usr/lib/gcc/arm-none-eabi/12.2.1/../../../arm-none-eabi/lib/thumb/v7-m/nofp/libg_nano.a(lib_a-mlock.o)
 .debug_info    0x000000000000f64a      0x853 /usr/lib/gcc/arm-none-eabi/12.2.1/../../../arm-none-eabi/lib/thumb/v7-m/nofp/libg_nano.a(lib_a-readr.o)
 .debug_info    0x000000000000fe9d      0xa7e /usr/lib/gcc/arm-none-eabi/12.2.1/../../../arm-none-eabi/lib/thumb/v7-m/nofp/libg_nano.a(lib_a-reent.o)
 .debug_info    0x000000000001091b     0x2f76 /usr/lib/gcc/arm-none-eabi/12.2.1/../../../arm-none-eabi/lib/thumb/v7-m/nofp/librdimon_nano.a(rdimon-syscalls.o)
 .debug_info    0x0000000000013891      0x7ae /usr/lib/gcc/arm-none-eabi/12.2.1/../../../arm-none-eabi/lib/thumb/v7-m/nofp/libc_nano.a(lib_a-errno.o)

.debug_abbrev   0x0000000000000000     0x3ea7
 .debug_abbrev  0x0000000000000000      0x3b8 ./output/tasks.o
 .debug_abbrev  0x00000000000003b8       0xf5 ./output/list.o
 .debug_abbrev  0x00000000000004ad      0x360 ./output/queue.o
 .debug_abbrev  0x000000000000080d      0x2e2 ./output/timers.o
 .debug_abbrev  0x0000000000000aef      0x21d ./output/heap_4.o
 .debug_abbrev  0x0000000000000d0c      0x254 ./output/port.o
 .debug_abbrev  0x0000000000000f60      0x286 ./output/IntQueue.o
 .debug_abbrev  0x00000000000011e6      0x1d7 ./output/IntQueueTimer.o
 .debug_abbrev  0x00000000000013bd      0x287 ./output/mainPriorityChange.o
 .debug_abbrev  0x0000000000001644      0x2a4 ./output/startup_gcc.o
 .debug_abbrev  0x00000000000018e8      0x16b ./output/printf-stdarg.o
 .debug_abbrev  0x0000000000001a53      0x2da /usr/lib/gcc/arm-none-eabi/12.2.1/../../../arm-none-eabi/lib/thumb/v7-m/nofp/libg_nano.a(lib_a-fflush.o)
 .debug_abbrev  0x0000000000001d2d      0x3cd /usr/lib/gcc/arm-none-eabi/12.2.1/../../../arm-none-eabi/lib/thumb/v7-m/nofp/libg_nano.a(lib_a-findfp.o)
 .debug_abbrev  0x00000000000020fa      0x197 /usr/lib/gcc/arm-none-eabi/12.2.1/../../../arm-none-eabi/lib/thumb/v7-m/nofp/libg_nano.a(lib_a-fwalk.o)
 .debug_abbrev  0x0000000000002291      0x151 /usr/lib/gcc/arm-none-eabi/12.2.1/../../../arm-none-eabi/lib/thumb/v7-m/nofp/libg_nano.a(lib_a-impure.o)
 .debug_abbrev  0x00000000000023e2       0x14 /usr/lib/gcc/arm-none-eabi/12.2.1/../../../arm-none-eabi/lib/thumb/v7-m/nofp/libg_nano.a(lib_a-memcpy.o)
 .debug_abbrev  0x00000000000023f6       0xb4 /usr/lib/gcc/arm-none-eabi/12.2.1/../../../arm-none-eabi/lib/thumb/v7-m/nofp/libg_nano.a(lib_a-memset.o)
 .debug_abbrev  0x00000000000024aa      0x245 /usr/lib/gcc/arm-none-eabi/12.2.1/../../../arm-none-eabi/lib/thumb/v7-m/nofp/libg_nano.a(lib_a-nano-freer.o)
 .debug_abbrev  0x00000000000026ef      0x290 /usr/lib/gcc/arm-none-eabi/12.2.1/../../../arm-none-eabi/lib/thumb/v7-m/nofp/libg_nano.a(lib_a-nano-mallocr.o)
 .debug_abbrev  0x000000000000297f      0x1d6 /usr/lib/gcc/arm-none-eabi/12.2.1/../../../arm-none-eabi/lib/thumb/v7-m/nofp/libg_nano.a(lib_a-sbrkr.o)
 .debug_abbrev  0x0000000000002b55      0x1fb /usr/lib/gcc/arm-none-eabi/12.2.1/../../../arm-none-eabi/lib/thumb/v7-m/nofp/libg_nano.a(lib_a-stdio.o)
 .debug_abbrev  0x0000000000002d50       0x79 /usr/lib/gcc/arm-none-eabi/12.2.1/../../../arm-none-eabi/lib/thumb/v7-m/nofp/libg_nano.a(lib_a-strlen-stub.o)
 .debug_abbrev  0x0000000000002dc9      0x1b0 /usr/lib/gcc/arm-none-eabi/12.2.1/../../../arm-none-eabi/lib/thumb/v7-m/nofp/libg_nano.a(lib_a-writer.o)
 .debug_abbrev  0x0000000000002f79      0x1ab /usr/lib/gcc/arm-none-eabi/12.2.1/../../../arm-none-eabi/lib/thumb/v7-m/nofp/libg_nano.a(lib_a-closer.o)
 .debug_abbrev  0x0000000000003124      0x1bf /usr/lib/gcc/arm-none-eabi/12.2.1/../../../arm-none-eabi/lib/thumb/v7-m/nofp/libg_nano.a(lib_a-lseekr.o)
 .debug_abbrev  0x00000000000032e3      0x189 /usr/lib/gcc/arm-none-eabi/12.2.1/../../../arm-none-eabi/lib/thumb/v7-m/nofp/libg_nano.a(lib_a-mlock.o)
 .debug_abbrev  0x000000000000346c      0x1ab /usr/lib/gcc/arm-none-eabi/12.2.1/../../../arm-none-eabi/lib/thumb/v7-m/nofp/libg_nano.a(lib_a-readr.o)
 .debug_abbrev  0x0000000000003617      0x265 /usr/lib/gcc/arm-none-eabi/12.2.1/../../../arm-none-eabi/lib/thumb/v7-m/nofp/libg_nano.a(lib_a-reent.o)
 .debug_abbrev  0x000000000000387c      0x4d4 /usr/lib/gcc/arm-none-eabi/12.2.1/../../../arm-none-eabi/lib/thumb/v7-m/nofp/librdimon_nano.a(rdimon-syscalls.o)
 .debug_abbrev  0x0000000000003d50      0x157 /usr/lib/gcc/arm-none-eabi/12.2.1/../../../arm-none-eabi/lib/thumb/v7-m/nofp/libc_nano.a(lib_a-errno.o)

.debug_aranges  0x0000000000000000      0xa00
 .debug_aranges
                0x0000000000000000      0x238 ./output/tasks.o
 .debug_aranges
                0x0000000000000238       0x40 ./output/list.o
 .debug_aranges
                0x0000000000000278      0x188 ./output/queue.o
 .debug_aranges
                0x0000000000000400      0x100 ./output/timers.o
 .debug_aranges
                0x0000000000000500       0x60 ./output/heap_4.o
 .debug_aranges
                0x0000000000000560       0x78 ./output/port.o
 .debug_aranges
                0x00000000000005d8       0x78 ./output/IntQueue.o
 .debug_aranges
                0x0000000000000650       0x40 ./output/IntQueueTimer.o
 .debug_aranges
                0x0000000000000690       0x88 ./output/mainPriorityChange.o
 .debug_aranges
                0x0000000000000718       0x38 ./output/startup_gcc.o
 .debug_aranges
                0x0000000000000750       0x58 ./output/printf-stdarg.o
 .debug_aranges
                0x00000000000007a8       0x20 /usr/lib/gcc/arm-none-eabi/12.2.1/../../../arm-none-eabi/lib/thumb/v7-m/nofp/libg_nano.a(lib_a-fflush.o)
 .debug_aranges
                0x00000000000007c8       0x20 /usr/lib/gcc/arm-none-eabi/12.2.1/../../../arm-none-eabi/lib/thumb/v7-m/nofp/libg_nano.a(lib_a-findfp.o)
 .debug_aranges
                0x00000000000007e8       0x20 /usr/lib/gcc/arm-none-eabi/12.2.1/../../../arm-none-eabi/lib/thumb/v7-m/nofp/libg_nano.a(lib_a-fwalk.o)
 .debug_aranges
                0x0000000000000808       0x18 /usr/lib/gcc/arm-none-eabi/12.2.1/../../../arm-none-eabi/lib/thumb/v7-m/nofp/libg_nano.a(lib_a-impure.o)
 .debug_aranges
                0x0000000000000820       0x20 /usr/lib/gcc/arm-none-eabi/12.2.1/../../../arm-none-eabi/lib/thumb/v7-m/nofp/libg_nano.a(lib_a-memcpy.o)
 .debug_aranges
                0x0000000000000840       0x20 /usr/lib/gcc/arm-none-eabi/12.2.1/../../../arm-none-eabi/lib/thumb/v7-m/nofp/libg_nano.a(lib_a-memset.o)
 .debug_aranges
                0x0000000000000860       0x20 /usr/lib/gcc/arm-none-eabi/12.2.1/../../../arm-none-eabi/lib/thumb/v7-m/nofp/libg_nano.a(lib_a-nano-freer.o)
 .debug_aranges
                0x0000000000000880       0x20 /usr/lib/gcc/arm-none-eabi/12.2.1/../../../arm-none-eabi/lib/thumb/v7-m/nofp/libg_nano.a(lib_a-nano-mallocr.o)
 .debug_aranges
                0x00000000000008a0       0x20 /usr/lib/gcc/arm-none-eabi/12.2.1/../../../arm-none-eabi/lib/thumb/v7-m/nofp/libg_nano.a(lib_a-sbrkr.o)
 .debug_aranges
                0x00000000000008c0       0x20 /usr/lib/gcc/arm-none-eabi/12.2.1/../../../arm-none-eabi/lib/thumb/v7-m/nofp/libg_nano.a(lib_a-stdio.o)
 .debug_aranges
                0x00000000000008e0       0x20 /usr/lib/gcc/arm-none-eabi/12.2.1/../../../arm-none-eabi/lib/thumb/v7-m/nofp/libg_nano.a(lib_a-strlen-stub.o)
 .debug_aranges
                0x0000000000000900       0x20 /usr/lib/gcc/arm-none-eabi/12.2.1/../../../arm-none-eabi/lib/thumb/v7-m/nofp/libg_nano.a(lib_a-writer.o)
 .debug_aranges
                0x0000000000000920       0x20 /usr/lib/gcc/arm-none-eabi/12.2.1/../../../arm-none-eabi/lib/thumb/v7-m/nofp/libg_nano.a(lib_a-closer.o)
 .debug_aranges
                0x0000000000000940       0x20 /usr/lib/gcc/arm-none-eabi/12.2.1/../../../arm-none-eabi/lib/thumb/v7-m/nofp/libg_nano.a(lib_a-lseekr.o)
 .debug_aranges
                0x0000000000000960       0x20 /usr/lib/gcc/arm-none-eabi/12.2.1/../../../arm-none-eabi/lib/thumb/v7-m/nofp/libg_nano.a(lib_a-mlock.o)
 .debug_aranges
                0x0000000000000980       0x20 /usr/lib/gcc/arm-none-eabi/12.2.1/../../../arm-none-eabi/lib/thumb/v7-m/nofp/libg_nano.a(lib_a-readr.o)
 .debug_aranges
                0x00000000000009a0       0x20 /usr/lib/gcc/arm-none-eabi/12.2.1/../../../arm-none-eabi/lib/thumb/v7-m/nofp/libg_nano.a(lib_a-reent.o)
 .debug_aranges
                0x00000000000009c0       0x20 /usr/lib/gcc/arm-none-eabi/12.2.1/../../../arm-none-eabi/lib/thumb/v7-m/nofp/librdimon_nano.a(rdimon-syscalls.o)
 .debug_aranges
                0x00000000000009e0       0x20 /usr/lib/gcc/arm-none-eabi/12.2.1/../../../arm-none-eabi/lib/thumb/v7-m/nofp/libc_nano.a(lib_a-errno.o)

.debug_rnglists
                0x0000000000000000      0x5d3
 .debug_rnglists
                0x0000000000000000      0x1c9 ./output/tasks.o
 .debug_rnglists
                0x00000000000001c9       0x2b ./output/list.o
 .debug_rnglists
                0x00000000000001f4      0x130 ./output/queue.o
 .debug_rnglists
                0x0000000000000324       0xc1 ./output/timers.o
 .debug_rnglists
                0x00000000000003e5       0x48 ./output/heap_4.o
 .debug_rnglists
                0x000000000000042d       0x56 ./output/port.o
 .debug_rnglists
                0x0000000000000483       0x5e ./output/IntQueue.o
 .debug_rnglists
                0x00000000000004e1       0x2b ./output/IntQueueTimer.o
 .debug_rnglists
                0x000000000000050c       0x61 ./output/mainPriorityChange.o
 .debug_rnglists
                0x000000000000056d       0x26 ./output/startup_gcc.o
 .debug_rnglists
                0x0000000000000593       0x40 ./output/printf-stdarg.o

.debug_macro    0x0000000000000000     0x6099
 .debug_macro   0x0000000000000000      0x288 ./output/tasks.o
 .debug_macro   0x0000000000000288      0xa96 ./output/tasks.o
 .debug_macro   0x0000000000000d1e       0x18 ./output/tasks.o
 .debug_macro   0x0000000000000d36       0x22 ./output/tasks.o
 .debug_macro   0x0000000000000d58       0x52 ./output/tasks.o
 .debug_macro   0x0000000000000daa       0x94 ./output/tasks.o
 .debug_macro   0x0000000000000e3e       0x35 ./output/tasks.o
 .debug_macro   0x0000000000000e73       0x34 ./output/tasks.o
 .debug_macro   0x0000000000000ea7       0x16 ./output/tasks.o
 .debug_macro   0x0000000000000ebd      0x11c ./output/tasks.o
 .debug_macro   0x0000000000000fd9       0x94 ./output/tasks.o
 .debug_macro   0x000000000000106d       0x16 ./output/tasks.o
 .debug_macro   0x0000000000001083       0x43 ./output/tasks.o
 .debug_macro   0x00000000000010c6       0x57 ./output/tasks.o
 .debug_macro   0x000000000000111d       0x34 ./output/tasks.o
 .debug_macro   0x0000000000001151       0x10 ./output/tasks.o
 .debug_macro   0x0000000000001161       0x52 ./output/tasks.o
 .debug_macro   0x00000000000011b3      0x182 ./output/tasks.o
 .debug_macro   0x0000000000001335      0x333 ./output/tasks.o
 .debug_macro   0x0000000000001668       0x16 ./output/tasks.o
 .debug_macro   0x000000000000167e       0x29 ./output/tasks.o
 .debug_macro   0x00000000000016a7       0x16 ./output/tasks.o
 .debug_macro   0x00000000000016bd       0x35 ./output/tasks.o
 .debug_macro   0x00000000000016f2      0x34e ./output/tasks.o
 .debug_macro   0x0000000000001a40       0x16 ./output/tasks.o
 .debug_macro   0x0000000000001a56      0x15c ./output/tasks.o
 .debug_macro   0x0000000000001bb2       0x1c ./output/tasks.o
 .debug_macro   0x0000000000001bce      0x182 ./output/tasks.o
 .debug_macro   0x0000000000001d50       0xe7 ./output/tasks.o
 .debug_macro   0x0000000000001e37       0x28 ./output/tasks.o
 .debug_macro   0x0000000000001e5f       0x1f ./output/tasks.o
 .debug_macro   0x0000000000001e7e       0x12 ./output/tasks.o
 .debug_macro   0x0000000000001e90     0x1047 ./output/tasks.o
 .debug_macro   0x0000000000002ed7       0xc3 ./output/tasks.o
 .debug_macro   0x0000000000002f9a      0x14f ./output/tasks.o
 .debug_macro   0x00000000000030e9       0x98 ./output/tasks.o
 .debug_macro   0x0000000000003181       0x16 ./output/tasks.o
 .debug_macro   0x0000000000003197      0x171 ./output/list.o
 .debug_macro   0x0000000000003308      0x203 ./output/queue.o
 .debug_macro   0x000000000000350b       0x8e ./output/queue.o
 .debug_macro   0x0000000000003599      0x1c0 ./output/timers.o
 .debug_macro   0x0000000000003759       0x9e ./output/timers.o
 .debug_macro   0x00000000000037f7      0x201 ./output/heap_4.o
 .debug_macro   0x00000000000039f8      0x162 ./output/port.o
 .debug_macro   0x0000000000003b5a      0x1fa ./output/IntQueue.o
 .debug_macro   0x0000000000003d54       0xfc ./output/IntQueueTimer.o
 .debug_macro   0x0000000000003e50       0x22 ./output/IntQueueTimer.o
 .debug_macro   0x0000000000003e72       0x1c ./output/IntQueueTimer.o
 .debug_macro   0x0000000000003e8e       0x22 ./output/IntQueueTimer.o
 .debug_macro   0x0000000000003eb0       0xd6 ./output/IntQueueTimer.o
 .debug_macro   0x0000000000003f86      0xe2d ./output/IntQueueTimer.o
 .debug_macro   0x0000000000004db3      0x11f ./output/IntQueueTimer.o
 .debug_macro   0x0000000000004ed2      0x7b3 ./output/IntQueueTimer.o
 .debug_macro   0x0000000000005685      0x4a6 ./output/IntQueueTimer.o
 .debug_macro   0x0000000000005b2b      0x293 ./output/mainPriorityChange.o
 .debug_macro   0x0000000000005dbe       0x94 ./output/mainPriorityChange.o
 .debug_macro   0x0000000000005e52      0x1b1 ./output/startup_gcc.o
 .debug_macro   0x0000000000006003       0x3e ./output/printf-stdarg.o
 .debug_macro   0x0000000000006041       0x58 ./output/printf-stdarg.o

.debug_line     0x0000000000000000     0x9a98
 .debug_line    0x0000000000000000     0x1a69 ./output/tasks.o
 .debug_line    0x0000000000001a69      0x3a4 ./output/list.o
 .debug_line    0x0000000000001e0d     0x1309 ./output/queue.o
 .debug_line    0x0000000000003116      0x958 ./output/timers.o
 .debug_line    0x0000000000003a6e      0x6a8 ./output/heap_4.o
 .debug_line    0x0000000000004116      0x418 ./output/port.o
 .debug_line    0x000000000000452e      0x881 ./output/IntQueue.o
 .debug_line    0x0000000000004daf      0x356 ./output/IntQueueTimer.o
 .debug_line    0x0000000000005105      0x59b ./output/mainPriorityChange.o
 .debug_line    0x00000000000056a0      0x295 ./output/startup_gcc.o
 .debug_line    0x0000000000005935      0x3d6 ./output/printf-stdarg.o
 .debug_line    0x0000000000005d0b      0x494 /usr/lib/gcc/arm-none-eabi/12.2.1/../../../arm-none-eabi/lib/thumb/v7-m/nofp/libg_nano.a(lib_a-fflush.o)
 .debug_line    0x000000000000619f      0x5ab /usr/lib/gcc/arm-none-eabi/12.2.1/../../../arm-none-eabi/lib/thumb/v7-m/nofp/libg_nano.a(lib_a-findfp.o)
 .debug_line    0x000000000000674a      0x27a /usr/lib/gcc/arm-none-eabi/12.2.1/../../../arm-none-eabi/lib/thumb/v7-m/nofp/libg_nano.a(lib_a-fwalk.o)
 .debug_line    0x00000000000069c4       0xe4 /usr/lib/gcc/arm-none-eabi/12.2.1/../../../arm-none-eabi/lib/thumb/v7-m/nofp/libg_nano.a(lib_a-impure.o)
 .debug_line    0x0000000000006aa8       0xc1 /usr/lib/gcc/arm-none-eabi/12.2.1/../../../arm-none-eabi/lib/thumb/v7-m/nofp/libg_nano.a(lib_a-memcpy.o)
 .debug_line    0x0000000000006b69      0x1bf /usr/lib/gcc/arm-none-eabi/12.2.1/../../../arm-none-eabi/lib/thumb/v7-m/nofp/libg_nano.a(lib_a-memset.o)
 .debug_line    0x0000000000006d28      0x2e5 /usr/lib/gcc/arm-none-eabi/12.2.1/../../../arm-none-eabi/lib/thumb/v7-m/nofp/libg_nano.a(lib_a-nano-freer.o)
 .debug_line    0x000000000000700d      0x2d6 /usr/lib/gcc/arm-none-eabi/12.2.1/../../../arm-none-eabi/lib/thumb/v7-m/nofp/libg_nano.a(lib_a-nano-mallocr.o)
 .debug_line    0x00000000000072e3      0x186 /usr/lib/gcc/arm-none-eabi/12.2.1/../../../arm-none-eabi/lib/thumb/v7-m/nofp/libg_nano.a(lib_a-sbrkr.o)
 .debug_line    0x0000000000007469      0x231 /usr/lib/gcc/arm-none-eabi/12.2.1/../../../arm-none-eabi/lib/thumb/v7-m/nofp/libg_nano.a(lib_a-stdio.o)
 .debug_line    0x000000000000769a       0xf4 /usr/lib/gcc/arm-none-eabi/12.2.1/../../../arm-none-eabi/lib/thumb/v7-m/nofp/libg_nano.a(lib_a-strlen-stub.o)
 .debug_line    0x000000000000778e      0x18d /usr/lib/gcc/arm-none-eabi/12.2.1/../../../arm-none-eabi/lib/thumb/v7-m/nofp/libg_nano.a(lib_a-writer.o)
 .debug_line    0x000000000000791b      0x186 /usr/lib/gcc/arm-none-eabi/12.2.1/../../../arm-none-eabi/lib/thumb/v7-m/nofp/libg_nano.a(lib_a-closer.o)
 .debug_line    0x0000000000007aa1      0x18d /usr/lib/gcc/arm-none-eabi/12.2.1/../../../arm-none-eabi/lib/thumb/v7-m/nofp/libg_nano.a(lib_a-lseekr.o)
 .debug_line    0x0000000000007c2e      0x13e /usr/lib/gcc/arm-none-eabi/12.2.1/../../../arm-none-eabi/lib/thumb/v7-m/nofp/libg_nano.a(lib_a-mlock.o)
 .debug_line    0x0000000000007d6c      0x18c /usr/lib/gcc/arm-none-eabi/12.2.1/../../../arm-none-eabi/lib/thumb/v7-m/nofp/libg_nano.a(lib_a-readr.o)
 .debug_line    0x0000000000007ef8      0x2c7 /usr/lib/gcc/arm-none-eabi/12.2.1/../../../arm-none-eabi/lib/thumb/v7-m/nofp/libg_nano.a(lib_a-reent.o)
 .debug_line    0x00000000000081bf     0x17d0 /usr/lib/gcc/arm-none-eabi/12.2.1/../../../arm-none-eabi/lib/thumb/v7-m/nofp/librdimon_nano.a(rdimon-syscalls.o)
 .debug_line    0x000000000000998f      0x109 /usr/lib/gcc/arm-none-eabi/12.2.1/../../../arm-none-eabi/lib/thumb/v7-m/nofp/libc_nano.a(lib_a-errno.o)

.debug_str      0x0000000000000000    0x24724
 .debug_str     0x0000000000000000    0x132f3 ./output/tasks.o
                                      0x13649 (size before relaxing)
 .debug_str     0x00000000000132f3       0x5e ./output/list.o
                                       0xfb9d (size before relaxing)
 .debug_str     0x0000000000013351     0x14c3 ./output/queue.o
                                      0x1285c (size before relaxing)
 .debug_str     0x0000000000014814      0x679 ./output/timers.o
                                      0x12bc6 (size before relaxing)
 .debug_str     0x0000000000014e8d      0x70b ./output/heap_4.o
                                      0x11699 (size before relaxing)
 .debug_str     0x0000000000015598      0x7f1 ./output/port.o
                                       0xed1b (size before relaxing)
 .debug_str     0x0000000000015d89      0xb1e ./output/IntQueue.o
                                      0x123a6 (size before relaxing)
 .debug_str     0x00000000000168a7     0xb47f ./output/IntQueueTimer.o
                                      0x17984 (size before relaxing)
 .debug_str     0x0000000000021d26     0x14d5 ./output/mainPriorityChange.o
                                      0x136d9 (size before relaxing)
 .debug_str     0x00000000000231fb      0x48e ./output/startup_gcc.o
                                       0x7c29 (size before relaxing)
 .debug_str     0x0000000000023689      0x1dc ./output/printf-stdarg.o
                                       0x308c (size before relaxing)
 .debug_str     0x0000000000023865      0x1aa /usr/lib/gcc/arm-none-eabi/12.2.1/../../../arm-none-eabi/lib/thumb/v7-m/nofp/libg_nano.a(lib_a-fflush.o)
                                        0x5b6 (size before relaxing)
 .debug_str     0x0000000000023a0f      0x1d4 /usr/lib/gcc/arm-none-eabi/12.2.1/../../../arm-none-eabi/lib/thumb/v7-m/nofp/libg_nano.a(lib_a-findfp.o)
                                        0x72f (size before relaxing)
 .debug_str     0x0000000000023be3       0x41 /usr/lib/gcc/arm-none-eabi/12.2.1/../../../arm-none-eabi/lib/thumb/v7-m/nofp/libg_nano.a(lib_a-fwalk.o)
                                        0x51c (size before relaxing)
 .debug_str     0x0000000000023c24       0x9c /usr/lib/gcc/arm-none-eabi/12.2.1/../../../arm-none-eabi/lib/thumb/v7-m/nofp/libg_nano.a(lib_a-impure.o)
                                        0x556 (size before relaxing)
 .debug_str     0x0000000000023cc0       0xb2 /usr/lib/gcc/arm-none-eabi/12.2.1/../../../arm-none-eabi/lib/thumb/v7-m/nofp/libg_nano.a(lib_a-memcpy.o)
 .debug_str     0x0000000000023d72       0xa6 /usr/lib/gcc/arm-none-eabi/12.2.1/../../../arm-none-eabi/lib/thumb/v7-m/nofp/libg_nano.a(lib_a-memset.o)
                                        0x1b8 (size before relaxing)
 .debug_str     0x0000000000023e18      0x112 /usr/lib/gcc/arm-none-eabi/12.2.1/../../../arm-none-eabi/lib/thumb/v7-m/nofp/libg_nano.a(lib_a-nano-freer.o)
                                        0x58d (size before relaxing)
 .debug_str     0x0000000000023f2a       0x46 /usr/lib/gcc/arm-none-eabi/12.2.1/../../../arm-none-eabi/lib/thumb/v7-m/nofp/libg_nano.a(lib_a-nano-mallocr.o)
                                        0x5b8 (size before relaxing)
 .debug_str     0x0000000000023f70       0x3d /usr/lib/gcc/arm-none-eabi/12.2.1/../../../arm-none-eabi/lib/thumb/v7-m/nofp/libg_nano.a(lib_a-sbrkr.o)
                                        0x50e (size before relaxing)
 .debug_str     0x0000000000023fad       0x92 /usr/lib/gcc/arm-none-eabi/12.2.1/../../../arm-none-eabi/lib/thumb/v7-m/nofp/libg_nano.a(lib_a-stdio.o)
                                        0x56b (size before relaxing)
 .debug_str     0x000000000002403f       0x41 /usr/lib/gcc/arm-none-eabi/12.2.1/../../../arm-none-eabi/lib/thumb/v7-m/nofp/libg_nano.a(lib_a-strlen-stub.o)
                                        0x1b6 (size before relaxing)
 .debug_str     0x0000000000024080       0x33 /usr/lib/gcc/arm-none-eabi/12.2.1/../../../arm-none-eabi/lib/thumb/v7-m/nofp/libg_nano.a(lib_a-writer.o)
                                        0x50b (size before relaxing)
 .debug_str     0x00000000000240b3       0x33 /usr/lib/gcc/arm-none-eabi/12.2.1/../../../arm-none-eabi/lib/thumb/v7-m/nofp/libg_nano.a(lib_a-closer.o)
                                        0x4fb (size before relaxing)
 .debug_str     0x00000000000240e6       0x3a /usr/lib/gcc/arm-none-eabi/12.2.1/../../../arm-none-eabi/lib/thumb/v7-m/nofp/libg_nano.a(lib_a-lseekr.o)
                                        0x509 (size before relaxing)
 .debug_str     0x0000000000024120       0x4c /usr/lib/gcc/arm-none-eabi/12.2.1/../../../arm-none-eabi/lib/thumb/v7-m/nofp/libg_nano.a(lib_a-mlock.o)
                                        0x524 (size before relaxing)
 .debug_str     0x000000000002416c       0x32 /usr/lib/gcc/arm-none-eabi/12.2.1/../../../arm-none-eabi/lib/thumb/v7-m/nofp/libg_nano.a(lib_a-readr.o)
                                        0x509 (size before relaxing)
 .debug_str     0x000000000002419e       0x5e /usr/lib/gcc/arm-none-eabi/12.2.1/../../../arm-none-eabi/lib/thumb/v7-m/nofp/libg_nano.a(lib_a-reent.o)
                                        0x536 (size before relaxing)
 .debug_str     0x00000000000241fc      0x499 /usr/lib/gcc/arm-none-eabi/12.2.1/../../../arm-none-eabi/lib/thumb/v7-m/nofp/librdimon_nano.a(rdimon-syscalls.o)
                                        0x96e (size before relaxing)
 .debug_str     0x0000000000024695       0x8f /usr/lib/gcc/arm-none-eabi/12.2.1/../../../arm-none-eabi/lib/thumb/v7-m/nofp/libc_nano.a(lib_a-errno.o)
                                        0x4ff (size before relaxing)

.comment        0x0000000000000000       0x59
 .comment       0x0000000000000000       0x26 ./output/tasks.o
                                         0x27 (size before relaxing)
 .comment       0x0000000000000026       0x27 ./output/list.o
 .comment       0x0000000000000026       0x27 ./output/queue.o
 .comment       0x0000000000000026       0x27 ./output/timers.o
 .comment       0x0000000000000026       0x27 ./output/heap_4.o
 .comment       0x0000000000000026       0x27 ./output/port.o
 .comment       0x0000000000000026       0x27 ./output/IntQueue.o
 .comment       0x0000000000000026       0x27 ./output/IntQueueTimer.o
 .comment       0x0000000000000026       0x27 ./output/mainPriorityChange.o
 .comment       0x0000000000000026       0x27 ./output/startup_gcc.o
 .comment       0x0000000000000026       0x27 ./output/printf-stdarg.o
 .comment       0x0000000000000026       0x33 /usr/lib/gcc/arm-none-eabi/12.2.1/../../../arm-none-eabi/lib/thumb/v7-m/nofp/libg_nano.a(lib_a-fflush.o)
                                         0x34 (size before relaxing)
 .comment       0x0000000000000059       0x34 /usr/lib/gcc/arm-none-eabi/12.2.1/../../../arm-none-eabi/lib/thumb/v7-m/nofp/libg_nano.a(lib_a-findfp.o)
 .comment       0x0000000000000059       0x34 /usr/lib/gcc/arm-none-eabi/12.2.1/../../../arm-none-eabi/lib/thumb/v7-m/nofp/libg_nano.a(lib_a-fwalk.o)
 .comment       0x0000000000000059       0x34 /usr/lib/gcc/arm-none-eabi/12.2.1/../../../arm-none-eabi/lib/thumb/v7-m/nofp/libg_nano.a(lib_a-impure.o)
 .comment       0x0000000000000059       0x34 /usr/lib/gcc/arm-none-eabi/12.2.1/../../../arm-none-eabi/lib/thumb/v7-m/nofp/libg_nano.a(lib_a-memset.o)
 .comment       0x0000000000000059       0x34 /usr/lib/gcc/arm-none-eabi/12.2.1/../../../arm-none-eabi/lib/thumb/v7-m/nofp/libg_nano.a(lib_a-nano-freer.o)
 .comment       0x0000000000000059       0x34 /usr/lib/gcc/arm-none-eabi/12.2.1/../../../arm-none-eabi/lib/thumb/v7-m/nofp/libg_nano.a(lib_a-nano-mallocr.o)
 .comment       0x0000000000000059       0x34 /usr/lib/gcc/arm-none-eabi/12.2.1/../../../arm-none-eabi/lib/thumb/v7-m/nofp/libg_nano.a(lib_a-sbrkr.o)
 .comment       0x0000000000000059       0x34 /usr/lib/gcc/arm-none-eabi/12.2.1/../../../arm-none-eabi/lib/thumb/v7-m/nofp/libg_nano.a(lib_a-stdio.o)
 .comment       0x0000000000000059       0x34 /usr/lib/gcc/arm-none-eabi/12.2.1/../../../arm-none-eabi/lib/thumb/v7-m/nofp/libg_nano.a(lib_a-strlen-stub.o)
 .comment       0x0000000000000059       0x34 /usr/lib/gcc/arm-none-eabi/12.2.1/../../../arm-none-eabi/lib/thumb/v7-m/nofp/libg_nano.a(lib_a-writer.o)
 .comment       0x0000000000000059       0x34 /usr/lib/gcc/arm-none-eabi/12.2.1/../../../arm-none-eabi/lib/thumb/v7-m/nofp/libg_nano.a(lib_a-closer.o)
 .comment       0x0000000000000059       0x34 /usr/lib/gcc/arm-none-eabi/12.2.1/../../../arm-none-eabi/lib/thumb/v7-m/nofp/libg_nano.a(lib_a-lseekr.o)
 .comment       0x0000000000000059       0x34 /usr/lib/gcc/arm-none-eabi/12.2.1/../../../arm-none-eabi/lib/thumb/v7-m/nofp/libg_nano.a(lib_a-mlock.o)
 .comment       0x0000000000000059       0x34 /usr/lib/gcc/arm-none-eabi/12.2.1/../../../arm-none-eabi/lib/thumb/v7-m/nofp/libg_nano.a(lib_a-readr.o)
 .comment       0x0000000000000059       0x34 /usr/lib/gcc/arm-none-eabi/12.2.1/../../../arm-none-eabi/lib/thumb/v7-m/nofp/libg_nano.a(lib_a-reent.o)
 .comment       0x0000000000000059       0x34 /usr/lib/gcc/arm-none-eabi/12.2.1/../../../arm-none-eabi/lib/thumb/v7-m/nofp/librdimon_nano.a(rdimon-syscalls.o)
 .comment       0x0000000000000059       0x34 /usr/lib/gcc/arm-none-eabi/12.2.1/../../../arm-none-eabi/lib/thumb/v7-m/nofp/libc_nano.a(lib_a-errno.o)

.ARM.attributes
                0x0000000000000000       0x2b
 .ARM.attributes
                0x0000000000000000       0x2d ./output/tasks.o
 .ARM.attributes
                0x000000000000002d       0x2d ./output/list.o
 .ARM.attributes
                0x000000000000005a       0x2d ./output/queue.o
 .ARM.attributes
                0x0000000000000087       0x2d ./output/timers.o
 .ARM.attributes
                0x00000000000000b4       0x2d ./output/heap_4.o
 .ARM.attributes
                0x00000000000000e1       0x2d ./output/port.o
 .ARM.attributes
                0x000000000000010e       0x2d ./output/IntQueue.o
 .ARM.attributes
                0x000000000000013b       0x2d ./output/IntQueueTimer.o
 .ARM.attributes
                0x0000000000000168       0x2d ./output/mainPriorityChange.o
 .ARM.attributes
                0x0000000000000195       0x2d ./output/startup_gcc.o
 .ARM.attributes
                0x00000000000001c2       0x2d ./output/printf-stdarg.o
 .ARM.attributes
                0x00000000000001ef       0x2d /usr/lib/gcc/arm-none-eabi/12.2.1/../../../arm-none-eabi/lib/thumb/v7-m/nofp/libg_nano.a(lib_a-fflush.o)
 .ARM.attributes
                0x000000000000021c       0x2d /usr/lib/gcc/arm-none-eabi/12.2.1/../../../arm-none-eabi/lib/thumb/v7-m/nofp/libg_nano.a(lib_a-findfp.o)
 .ARM.attributes
                0x0000000000000249       0x2d /usr/lib/gcc/arm-none-eabi/12.2.1/../../../arm-none-eabi/lib/thumb/v7-m/nofp/libg_nano.a(lib_a-fwalk.o)
 .ARM.attributes
                0x0000000000000276       0x2d /usr/lib/gcc/arm-none-eabi/12.2.1/../../../arm-none-eabi/lib/thumb/v7-m/nofp/libg_nano.a(lib_a-impure.o)
 .ARM.attributes
                0x00000000000002a3       0x1b /usr/lib/gcc/arm-none-eabi/12.2.1/../../../arm-none-eabi/lib/thumb/v7-m/nofp/libg_nano.a(lib_a-memcpy.o)
 .ARM.attributes
                0x00000000000002be       0x2d /usr/lib/gcc/arm-none-eabi/12.2.1/../../../arm-none-eabi/lib/thumb/v7-m/nofp/libg_nano.a(lib_a-memset.o)
 .ARM.attributes
                0x00000000000002eb       0x2d /usr/lib/gcc/arm-none-eabi/12.2.1/../../../arm-none-eabi/lib/thumb/v7-m/nofp/libg_nano.a(lib_a-nano-freer.o)
 .ARM.attributes
                0x0000000000000318       0x2d /usr/lib/gcc/arm-none-eabi/12.2.1/../../../arm-none-eabi/lib/thumb/v7-m/nofp/libg_nano.a(lib_a-nano-mallocr.o)
 .ARM.attributes
                0x0000000000000345       0x2d /usr/lib/gcc/arm-none-eabi/12.2.1/../../../arm-none-eabi/lib/thumb/v7-m/nofp/libg_nano.a(lib_a-sbrkr.o)
 .ARM.attributes
                0x0000000000000372       0x2d /usr/lib/gcc/arm-none-eabi/12.2.1/../../../arm-none-eabi/lib/thumb/v7-m/nofp/libg_nano.a(lib_a-stdio.o)
 .ARM.attributes
                0x000000000000039f       0x2d /usr/lib/gcc/arm-none-eabi/12.2.1/../../../arm-none-eabi/lib/thumb/v7-m/nofp/libg_nano.a(lib_a-strlen-stub.o)
 .ARM.attributes
                0x00000000000003cc       0x2d /usr/lib/gcc/arm-none-eabi/12.2.1/../../../arm-none-eabi/lib/thumb/v7-m/nofp/libg_nano.a(lib_a-writer.o)
 .ARM.attributes
                0x00000000000003f9       0x2d /usr/lib/gcc/arm-none-eabi/12.2.1/../../../arm-none-eabi/lib/thumb/v7-m/nofp/libg_nano.a(lib_a-closer.o)
 .ARM.attributes
                0x0000000000000426       0x2d /usr/lib/gcc/arm-none-eabi/12.2.1/../../../arm-none-eabi/lib/thumb/v7-m/nofp/libg_nano.a(lib_a-lseekr.o)
 .ARM.attributes
                0x0000000000000453       0x2d /usr/lib/gcc/arm-none-eabi/12.2.1/../../../arm-none-eabi/lib/thumb/v7-m/nofp/libg_nano.a(lib_a-mlock.o)
 .ARM.attributes
                0x0000000000000480       0x2d /usr/lib/gcc/arm-none-eabi/12.2.1/../../../arm-none-eabi/lib/thumb/v7-m/nofp/libg_nano.a(lib_a-readr.o)
 .ARM.attributes
                0x00000000000004ad       0x2d /usr/lib/gcc/arm-none-eabi/12.2.1/../../../arm-none-eabi/lib/thumb/v7-m/nofp/libg_nano.a(lib_a-reent.o)
 .ARM.attributes
                0x00000000000004da       0x2d /usr/lib/gcc/arm-none-eabi/12.2.1/../../../arm-none-eabi/lib/thumb/v7-m/nofp/librdimon_nano.a(rdimon-syscalls.o)
 .ARM.attributes
                0x0000000000000507       0x2d /usr/lib/gcc/arm-none-eabi/12.2.1/../../../arm-none-eabi/lib/thumb/v7-m/nofp/libc_nano.a(lib_a-errno.o)

.debug_frame    0x0000000000000000     0x2774
 .debug_frame   0x0000000000000000      0x9b0 ./output/tasks.o
 .debug_frame   0x00000000000009b0       0xd8 ./output/list.o
 .debug_frame   0x0000000000000a88      0x6a4 ./output/queue.o
 .debug_frame   0x000000000000112c      0x41c ./output/timers.o
 .debug_frame   0x0000000000001548      0x14c ./output/heap_4.o
 .debug_frame   0x0000000000001694      0x17c ./output/port.o
 .debug_frame   0x0000000000001810      0x1ac ./output/IntQueue.o
 .debug_frame   0x00000000000019bc       0xb4 ./output/IntQueueTimer.o
 .debug_frame   0x0000000000001a70      0x1ec ./output/mainPriorityChange.o
 .debug_frame   0x0000000000001c5c       0x6c ./output/startup_gcc.o
 .debug_frame   0x0000000000001cc8      0x194 ./output/printf-stdarg.o
 .debug_frame   0x0000000000001e5c       0x88 /usr/lib/gcc/arm-none-eabi/12.2.1/../../../arm-none-eabi/lib/thumb/v7-m/nofp/libg_nano.a(lib_a-fflush.o)
 .debug_frame   0x0000000000001ee4      0x120 /usr/lib/gcc/arm-none-eabi/12.2.1/../../../arm-none-eabi/lib/thumb/v7-m/nofp/libg_nano.a(lib_a-findfp.o)
 .debug_frame   0x0000000000002004       0x54 /usr/lib/gcc/arm-none-eabi/12.2.1/../../../arm-none-eabi/lib/thumb/v7-m/nofp/libg_nano.a(lib_a-fwalk.o)
 .debug_frame   0x0000000000002058       0x2c /usr/lib/gcc/arm-none-eabi/12.2.1/../../../arm-none-eabi/lib/thumb/v7-m/nofp/libg_nano.a(lib_a-memset.o)
 .debug_frame   0x0000000000002084       0x64 /usr/lib/gcc/arm-none-eabi/12.2.1/../../../arm-none-eabi/lib/thumb/v7-m/nofp/libg_nano.a(lib_a-nano-freer.o)
 .debug_frame   0x00000000000020e8       0x30 /usr/lib/gcc/arm-none-eabi/12.2.1/../../../arm-none-eabi/lib/thumb/v7-m/nofp/libg_nano.a(lib_a-nano-mallocr.o)
 .debug_frame   0x0000000000002118       0x2c /usr/lib/gcc/arm-none-eabi/12.2.1/../../../arm-none-eabi/lib/thumb/v7-m/nofp/libg_nano.a(lib_a-sbrkr.o)
 .debug_frame   0x0000000000002144       0x8c /usr/lib/gcc/arm-none-eabi/12.2.1/../../../arm-none-eabi/lib/thumb/v7-m/nofp/libg_nano.a(lib_a-stdio.o)
 .debug_frame   0x00000000000021d0       0x20 /usr/lib/gcc/arm-none-eabi/12.2.1/../../../arm-none-eabi/lib/thumb/v7-m/nofp/libg_nano.a(lib_a-strlen-stub.o)
 .debug_frame   0x00000000000021f0       0x2c /usr/lib/gcc/arm-none-eabi/12.2.1/../../../arm-none-eabi/lib/thumb/v7-m/nofp/libg_nano.a(lib_a-writer.o)
 .debug_frame   0x000000000000221c       0x2c /usr/lib/gcc/arm-none-eabi/12.2.1/../../../arm-none-eabi/lib/thumb/v7-m/nofp/libg_nano.a(lib_a-closer.o)
 .debug_frame   0x0000000000002248       0x2c /usr/lib/gcc/arm-none-eabi/12.2.1/../../../arm-none-eabi/lib/thumb/v7-m/nofp/libg_nano.a(lib_a-lseekr.o)
 .debug_frame   0x0000000000002274       0x30 /usr/lib/gcc/arm-none-eabi/12.2.1/../../../arm-none-eabi/lib/thumb/v7-m/nofp/libg_nano.a(lib_a-mlock.o)
 .debug_frame   0x00000000000022a4       0x2c /usr/lib/gcc/arm-none-eabi/12.2.1/../../../arm-none-eabi/lib/thumb/v7-m/nofp/libg_nano.a(lib_a-readr.o)
 .debug_frame   0x00000000000022d0       0x70 /usr/lib/gcc/arm-none-eabi/12.2.1/../../../arm-none-eabi/lib/thumb/v7-m/nofp/libg_nano.a(lib_a-reent.o)
 .debug_frame   0x0000000000002340      0x414 /usr/lib/gcc/arm-none-eabi/12.2.1/../../../arm-none-eabi/lib/thumb/v7-m/nofp/librdimon_nano.a(rdimon-syscalls.o)
 .debug_frame   0x0000000000002754       0x20 /usr/lib/gcc/arm-none-eabi/12.2.1/../../../arm-none-eabi/lib/thumb/v7-m/nofp/libc_nano.a(lib_a-errno.o)

.debug_loc      0x0000000000000000     0x4333
 .debug_loc     0x0000000000000000      0x4c9 /usr/lib/gcc/arm-none-eabi/12.2.1/../../../arm-none-eabi/lib/thumb/v7-m/nofp/libg_nano.a(lib_a-fflush.o)
 .debug_loc     0x00000000000004c9      0x3d9 /usr/lib/gcc/arm-none-eabi/12.2.1/../../../arm-none-eabi/lib/thumb/v7-m/nofp/libg_nano.a(lib_a-findfp.o)
 .debug_loc     0x00000000000008a2      0x1bf /usr/lib/gcc/arm-none-eabi/12.2.1/../../../arm-none-eabi/lib/thumb/v7-m/nofp/libg_nano.a(lib_a-fwalk.o)
 .debug_loc     0x0000000000000a61      0x22c /usr/lib/gcc/arm-none-eabi/12.2.1/../../../arm-none-eabi/lib/thumb/v7-m/nofp/libg_nano.a(lib_a-memset.o)
 .debug_loc     0x0000000000000c8d      0x27f /usr/lib/gcc/arm-none-eabi/12.2.1/../../../arm-none-eabi/lib/thumb/v7-m/nofp/libg_nano.a(lib_a-nano-freer.o)
 .debug_loc     0x0000000000000f0c      0x3da /usr/lib/gcc/arm-none-eabi/12.2.1/../../../arm-none-eabi/lib/thumb/v7-m/nofp/libg_nano.a(lib_a-nano-mallocr.o)
 .debug_loc     0x00000000000012e6       0x6c /usr/lib/gcc/arm-none-eabi/12.2.1/../../../arm-none-eabi/lib/thumb/v7-m/nofp/libg_nano.a(lib_a-sbrkr.o)
 .debug_loc     0x0000000000001352      0x3a0 /usr/lib/gcc/arm-none-eabi/12.2.1/../../../arm-none-eabi/lib/thumb/v7-m/nofp/libg_nano.a(lib_a-stdio.o)
 .debug_loc     0x00000000000016f2       0x25 /usr/lib/gcc/arm-none-eabi/12.2.1/../../../arm-none-eabi/lib/thumb/v7-m/nofp/libg_nano.a(lib_a-strlen-stub.o)
 .debug_loc     0x0000000000001717       0xea /usr/lib/gcc/arm-none-eabi/12.2.1/../../../arm-none-eabi/lib/thumb/v7-m/nofp/libg_nano.a(lib_a-writer.o)
 .debug_loc     0x0000000000001801       0x6c /usr/lib/gcc/arm-none-eabi/12.2.1/../../../arm-none-eabi/lib/thumb/v7-m/nofp/libg_nano.a(lib_a-closer.o)
 .debug_loc     0x000000000000186d       0xea /usr/lib/gcc/arm-none-eabi/12.2.1/../../../arm-none-eabi/lib/thumb/v7-m/nofp/libg_nano.a(lib_a-lseekr.o)
 .debug_loc     0x0000000000001957       0xea /usr/lib/gcc/arm-none-eabi/12.2.1/../../../arm-none-eabi/lib/thumb/v7-m/nofp/libg_nano.a(lib_a-readr.o)
 .debug_loc     0x0000000000001a41      0x1cd /usr/lib/gcc/arm-none-eabi/12.2.1/../../../arm-none-eabi/lib/thumb/v7-m/nofp/libg_nano.a(lib_a-reent.o)
 .debug_loc     0x0000000000001c0e     0x2725 /usr/lib/gcc/arm-none-eabi/12.2.1/../../../arm-none-eabi/lib/thumb/v7-m/nofp/librdimon_nano.a(rdimon-syscalls.o)

.debug_ranges   0x0000000000000000     0x1088
 .debug_ranges  0x0000000000000000       0xb8 /usr/lib/gcc/arm-none-eabi/12.2.1/../../../arm-none-eabi/lib/thumb/v7-m/nofp/libg_nano.a(lib_a-fflush.o)
 .debug_ranges  0x00000000000000b8      0x140 /usr/lib/gcc/arm-none-eabi/12.2.1/../../../arm-none-eabi/lib/thumb/v7-m/nofp/libg_nano.a(lib_a-findfp.o)
 .debug_ranges  0x00000000000001f8       0x18 /usr/lib/gcc/arm-none-eabi/12.2.1/../../../arm-none-eabi/lib/thumb/v7-m/nofp/libg_nano.a(lib_a-nano-freer.o)
 .debug_ranges  0x0000000000000210       0x38 /usr/lib/gcc/arm-none-eabi/12.2.1/../../../arm-none-eabi/lib/thumb/v7-m/nofp/libg_nano.a(lib_a-nano-mallocr.o)
 .debug_ranges  0x0000000000000248       0x10 /usr/lib/gcc/arm-none-eabi/12.2.1/../../../arm-none-eabi/lib/thumb/v7-m/nofp/libg_nano.a(lib_a-strlen-stub.o)
 .debug_ranges  0x0000000000000258      0xe30 /usr/lib/gcc/arm-none-eabi/12.2.1/../../../arm-none-eabi/lib/thumb/v7-m/nofp/librdimon_nano.a(rdimon-syscalls.o)
