Archive member included to satisfy reference by file (symbol)

/usr/lib/gcc/arm-none-eabi/12.2.1/../../../arm-none-eabi/lib/thumb/v7-m/nofp/libg_nano.a(lib_a-fflush.o)
                              ./output/startup_gcc.o (fflush)
/usr/lib/gcc/arm-none-eabi/12.2.1/../../../arm-none-eabi/lib/thumb/v7-m/nofp/libg_nano.a(lib_a-findfp.o)
                              /usr/lib/gcc/arm-none-eabi/12.2.1/../../../arm-none-eabi/lib/thumb/v7-m/nofp/libg_nano.a(lib_a-fflush.o) (__sinit)
/usr/lib/gcc/arm-none-eabi/12.2.1/../../../arm-none-eabi/lib/thumb/v7-m/nofp/libg_nano.a(lib_a-fwalk.o)
                              /usr/lib/gcc/arm-none-eabi/12.2.1/../../../arm-none-eabi/lib/thumb/v7-m/nofp/libg_nano.a(lib_a-findfp.o) (_fwalk)
/usr/lib/gcc/arm-none-eabi/12.2.1/../../../arm-none-eabi/lib/thumb/v7-m/nofp/libg_nano.a(lib_a-impure.o)
                              /usr/lib/gcc/arm-none-eabi/12.2.1/../../../arm-none-eabi/lib/thumb/v7-m/nofp/libg_nano.a(lib_a-fflush.o) (_global_impure_ptr)
/usr/lib/gcc/arm-none-eabi/12.2.1/../../../arm-none-eabi/lib/thumb/v7-m/nofp/libg_nano.a(lib_a-memcpy.o)
                              ./output/queue.o (memcpy)
/usr/lib/gcc/arm-none-eabi/12.2.1/../../../arm-none-eabi/lib/thumb/v7-m/nofp/libg_nano.a(lib_a-memset.o)
                              ./output/tasks.o (memset)
/usr/lib/gcc/arm-none-eabi/12.2.1/../../../arm-none-eabi/lib/thumb/v7-m/nofp/libg_nano.a(lib_a-nano-freer.o)
                              /usr/lib/gcc/arm-none-eabi/12.2.1/../../../arm-none-eabi/lib/thumb/v7-m/nofp/libg_nano.a(lib_a-fflush.o) (_free_r)
/usr/lib/gcc/arm-none-eabi/12.2.1/../../../arm-none-eabi/lib/thumb/v7-m/nofp/libg_nano.a(lib_a-nano-mallocr.o)
                              /usr/lib/gcc/arm-none-eabi/12.2.1/../../../arm-none-eabi/lib/thumb/v7-m/nofp/libg_nano.a(lib_a-findfp.o) (_malloc_r)
/usr/lib/gcc/arm-none-eabi/12.2.1/../../../arm-none-eabi/lib/thumb/v7-m/nofp/libg_nano.a(lib_a-rand.o)
                              ./output/main_mem_demo.o (srand)
/usr/lib/gcc/arm-none-eabi/12.2.1/../../../arm-none-eabi/lib/thumb/v7-m/nofp/libg_nano.a(lib_a-sbrkr.o)
                              /usr/lib/gcc/arm-none-eabi/12.2.1/../../../arm-none-eabi/lib/thumb/v7-m/nofp/libg_nano.a(lib_a-nano-mallocr.o) (_sbrk_r)
/usr/lib/gcc/arm-none-eabi/12.2.1/../../../arm-none-eabi/lib/thumb/v7-m/nofp/libg_nano.a(lib_a-stdio.o)
                              /usr/lib/gcc/arm-none-eabi/12.2.1/../../../arm-none-eabi/lib/thumb/v7-m/nofp/libg_nano.a(lib_a-findfp.o) (__sread)
/usr/lib/gcc/arm-none-eabi/12.2.1/../../../arm-none-eabi/lib/thumb/v7-m/nofp/libg_nano.a(lib_a-writer.o)
                              /usr/lib/gcc/arm-none-eabi/12.2.1/../../../arm-none-eabi/lib/thumb/v7-m/nofp/libg_nano.a(lib_a-stdio.o) (_write_r)
/usr/lib/gcc/arm-none-eabi/12.2.1/../../../arm-none-eabi/lib/thumb/v7-m/nofp/libg_nano.a(lib_a-assert.o)
                              /usr/lib/gcc/arm-none-eabi/12.2.1/../../../arm-none-eabi/lib/thumb/v7-m/nofp/libg_nano.a(lib_a-rand.o) (__assert_func)
/usr/lib/gcc/arm-none-eabi/12.2.1/../../../arm-none-eabi/lib/thumb/v7-m/nofp/libg_nano.a(lib_a-closer.o)
                              /usr/lib/gcc/arm-none-eabi/12.2.1/../../../arm-none-eabi/lib/thumb/v7-m/nofp/libg_nano.a(lib_a-stdio.o) (_close_r)
/usr/lib/gcc/arm-none-eabi/12.2.1/../../../arm-none-eabi/lib/thumb/v7-m/nofp/libg_nano.a(lib_a-fprintf.o)
                              /usr/lib/gcc/arm-none-eabi/12.2.1/../../../arm-none-eabi/lib/thumb/v7-m/nofp/libg_nano.a(lib_a-assert.o) (fiprintf)
/usr/lib/gcc/arm-none-eabi/12.2.1/../../../arm-none-eabi/lib/thumb/v7-m/nofp/libg_nano.a(lib_a-lseekr.o)
                              /usr/lib/gcc/arm-none-eabi/12.2.1/../../../arm-none-eabi/lib/thumb/v7-m/nofp/libg_nano.a(lib_a-stdio.o) (_lseek_r)
/usr/lib/gcc/arm-none-eabi/12.2.1/../../../arm-none-eabi/lib/thumb/v7-m/nofp/libg_nano.a(lib_a-malloc.o)
                              /usr/lib/gcc/arm-none-eabi/12.2.1/../../../arm-none-eabi/lib/thumb/v7-m/nofp/libg_nano.a(lib_a-rand.o) (malloc)
/usr/lib/gcc/arm-none-eabi/12.2.1/../../../arm-none-eabi/lib/thumb/v7-m/nofp/libg_nano.a(lib_a-mlock.o)
                              /usr/lib/gcc/arm-none-eabi/12.2.1/../../../arm-none-eabi/lib/thumb/v7-m/nofp/libg_nano.a(lib_a-nano-freer.o) (__malloc_lock)
/usr/lib/gcc/arm-none-eabi/12.2.1/../../../arm-none-eabi/lib/thumb/v7-m/nofp/libg_nano.a(lib_a-nano-vfprintf.o)
                              /usr/lib/gcc/arm-none-eabi/12.2.1/../../../arm-none-eabi/lib/thumb/v7-m/nofp/libg_nano.a(lib_a-fprintf.o) (_vfprintf_r)
/usr/lib/gcc/arm-none-eabi/12.2.1/../../../arm-none-eabi/lib/thumb/v7-m/nofp/libg_nano.a(lib_a-nano-vfprintf_i.o)
                              /usr/lib/gcc/arm-none-eabi/12.2.1/../../../arm-none-eabi/lib/thumb/v7-m/nofp/libg_nano.a(lib_a-nano-vfprintf.o) (_printf_i)
/usr/lib/gcc/arm-none-eabi/12.2.1/../../../arm-none-eabi/lib/thumb/v7-m/nofp/libg_nano.a(lib_a-readr.o)
[...]
Memory Configuration

Name             Origin             Length             Attributes
FLASH            0x0000000000000000 0x0000000000400000 xr
RAM              0x0000000020000000 0x0000000000400000 rw
*default*        0x0000000000000000 0xffffffffffffffff

Linker script and memory map

LOAD ./output/tasks.o
LOAD ./output/list.o
LOAD ./output/queue.o
LOAD ./output/timers.o
LOAD ./output/heap_custom.o
LOAD ./output/port.o
LOAD ./output/dynamic.o
LOAD ./output/integer.o
LOAD ./output/IntQueue.o
LOAD ./output/IntQueueTimer.o
LOAD ./output/StaticAllocation.o
LOAD ./output/main.o
LOAD ./output/main_mem_demo.o
LOAD ./output/startup_gcc.o
LOAD ./output/printf-stdarg.o
                0x0000000000001000                _Min_Heap_Size = 0x1000
                0x0000000000004000                _Min_Stack_Size = 0x4000
                0x0000000020400000                _estack = (ORIGIN (RAM) + LENGTH (RAM))

.isr_vector     0x0000000000000000       0x78
                0x0000000000000000                __vector_table = .
 *(.isr_vector)
 .isr_vector    0x0000000000000000       0x78 ./output/startup_gcc.o
                0x0000000000000000                isr_vector
                0x0000000000000078                . = ALIGN (0x4)

.text           0x0000000000000078     0x3208
 *(.text)
 .text          0x0000000000000078      0x1dc /usr/lib/gcc/arm-none-eabi/12.2.1/../../../arm-none-eabi/lib/thumb/v7-m/nofp/libg_nano.a(lib_a-fflush.o)
                0x0000000000000078                __sflush_r
                0x0000000000000180                _fflush_r
                0x00000000000001d4                fflush
 .text          0x0000000000000254      0x230 /usr/lib/gcc/arm-none-eabi/12.2.1/../../../arm-none-eabi/lib/thumb/v7-m/nofp/libg_nano.a(lib_a-findfp.o)
                0x0000000000000258                _cleanup_r
                0x0000000000000268                __sfmoreglue
                0x0000000000000298                __sfp
                0x0000000000000430                _cleanup
                0x0000000000000444                __sinit
                0x000000000000044c                __sfp_lock_acquire
                0x0000000000000450                __sfp_lock_release
                0x0000000000000454                __sinit_lock_acquire
                0x0000000000000458                __sinit_lock_release
                0x000000000000045c                __fp_lock_all
                0x0000000000000470                __fp_unlock_all
 .text          0x0000000000000484       0x88 /usr/lib/gcc/arm-none-eabi/12.2.1/../../../arm-none-eabi/lib/thumb/v7-m/nofp/libg_nano.a(lib_a-fwalk.o)
                0x0000000000000484                _fwalk
                0x00000000000004c4                _fwalk_reent
 .text          0x000000000000050c       0xec /usr/lib/gcc/arm-none-eabi/12.2.1/../../../arm-none-eabi/lib/thumb/v7-m/nofp/libg_nano.a(lib_a-memcpy.o)
                0x000000000000050c                memcpy
 .text          0x00000000000005f8       0xa4 /usr/lib/gcc/arm-none-eabi/12.2.1/../../../arm-none-eabi/lib/thumb/v7-m/nofp/libg_nano.a(lib_a-memset.o)
                0x00000000000005f8                memset
 .text          0x000000000000069c       0xcc /usr/lib/gcc/arm-none-eabi/12.2.1/../../../arm-none-eabi/lib/thumb/v7-m/nofp/libg_nano.a(lib_a-nano-freer.o)
                0x000000000000069c                _free_r
 .text          0x0000000000000768       0xb8 /usr/lib/gcc/arm-none-eabi/12.2.1/../../../arm-none-eabi/lib/thumb/v7-m/nofp/libg_nano.a(lib_a-nano-mallocr.o)
                0x0000000000000768                _malloc_r
 .text          0x0000000000000820       0xf0 /usr/lib/gcc/arm-none-eabi/12.2.1/../../../arm-none-eabi/lib/thumb/v7-m/nofp/libg_nano.a(lib_a-rand.o)
                0x0000000000000820                srand
                0x0000000000000884                rand
 .text          0x0000000000000910       0x24 /usr/lib/gcc/arm-none-eabi/12.2.1/../../../arm-none-eabi/lib/thumb/v7-m/nofp/libg_nano.a(lib_a-sbrkr.o)
                0x0000000000000910                _sbrk_r
 .text          0x0000000000000934       0x90 /usr/lib/gcc/arm-none-eabi/12.2.1/../../../arm-none-eabi/lib/thumb/v7-m/nofp/libg_nano.a(lib_a-stdio.o)
                0x0000000000000934                __sread
                0x0000000000000958                __seofread
                0x000000000000095c                __swrite
                0x000000000000099c                __sseek
                0x00000000000009bc                __sclose
 .text          0x00000000000009c4       0x2c /usr/lib/gcc/arm-none-eabi/12.2.1/../../../arm-none-eabi/lib/thumb/v7-m/nofp/libg_nano.a(lib_a-writer.o)
                0x00000000000009c4                _write_r
 .text          0x00000000000009f0       0x4c /usr/lib/gcc/arm-none-eabi/12.2.1/../../../arm-none-eabi/lib/thumb/v7-m/nofp/libg_nano.a(lib_a-assert.o)
                0x00000000000009f0                __assert_func
                0x0000000000000a30                __assert
 .text          0x0000000000000a3c       0x24 /usr/lib/gcc/arm-none-eabi/12.2.1/../../../arm-none-eabi/lib/thumb/v7-m/nofp/libg_nano.a(lib_a-closer.o)
                0x0000000000000a3c                _close_r
 .text          0x0000000000000a60       0x44 /usr/lib/gcc/arm-none-eabi/12.2.1/../../../arm-none-eabi/lib/thumb/v7-m/nofp/libg_nano.a(lib_a-fprintf.o)
                0x0000000000000a60                _fprintf_r
                0x0000000000000a60                _fiprintf_r
                0x0000000000000a7c                fprintf
                0x0000000000000a7c                fiprintf
 .text          0x0000000000000aa4       0x2c /usr/lib/gcc/arm-none-eabi/12.2.1/../../../arm-none-eabi/lib/thumb/v7-m/nofp/libg_nano.a(lib_a-lseekr.o)
                0x0000000000000aa4                _lseek_r
 .text          0x0000000000000ad0       0x20 /usr/lib/gcc/arm-none-eabi/12.2.1/../../../arm-none-eabi/lib/thumb/v7-m/nofp/libg_nano.a(lib_a-malloc.o)
                0x0000000000000ad0                malloc
                0x0000000000000ae0                free
 .text          0x0000000000000af0        0x8 /usr/lib/gcc/arm-none-eabi/12.2.1/../../../arm-none-eabi/lib/thumb/v7-m/nofp/libg_nano.a(lib_a-mlock.o)
                0x0000000000000af0                __malloc_lock
                0x0000000000000af4                __malloc_unlock
 .text          0x0000000000000af8      0x320 /usr/lib/gcc/arm-none-eabi/12.2.1/../../../arm-none-eabi/lib/thumb/v7-m/nofp/libg_nano.a(lib_a-nano-vfprintf.o)
                0x0000000000000b20                __sfputs_r
                0x0000000000000b50                __sprint_r
                0x0000000000000b6c                _vfiprintf_r
                0x0000000000000b6c                _vfprintf_r
                0x0000000000000dfc                vfiprintf
                0x0000000000000dfc                vfprintf
 .text          0x0000000000000e18      0x3d8 /usr/lib/gcc/arm-none-eabi/12.2.1/../../../arm-none-eabi/lib/thumb/v7-m/nofp/libg_nano.a(lib_a-nano-vfprintf_i.o)
                0x0000000000000e18                _printf_common
                0x0000000000000f44                _printf_i
 .text          0x00000000000011f0       0x2c /usr/lib/gcc/arm-none-eabi/12.2.1/../../../arm-none-eabi/lib/thumb/v7-m/nofp/libg_nano.a(lib_a-readr.o)
                0x00000000000011f0                _read_r
 .text          0x000000000000121c       0xc4 /usr/lib/gcc/arm-none-eabi/12.2.1/../../../arm-none-eabi/lib/thumb/v7-m/nofp/libg_nano.a(lib_a-wbuf.o)
                0x000000000000121c                __swbuf_r
                0x00000000000012cc                __swbuf
 .text          0x00000000000012e0      0x104 /usr/lib/gcc/arm-none-eabi/12.2.1/../../../arm-none-eabi/lib/thumb/v7-m/nofp/libg_nano.a(lib_a-wsetup.o)
                0x00000000000012e0                __swsetup_r
 .text          0x00000000000013e4       0x10 /usr/lib/gcc/arm-none-eabi/12.2.1/../../../arm-none-eabi/lib/thumb/v7-m/nofp/libg_nano.a(lib_a-abort.o)
                0x00000000000013e4                abort
 .text          0x00000000000013f4      0x2f0 /usr/lib/gcc/arm-none-eabi/12.2.1/../../../arm-none-eabi/lib/thumb/v7-m/nofp/libg_nano.a(lib_a-fvwrite.o)
                0x00000000000013f4                __sfvwrite_r
 .text          0x00000000000016e4      0x11c /usr/lib/gcc/arm-none-eabi/12.2.1/../../../arm-none-eabi/lib/thumb/v7-m/nofp/libg_nano.a(lib_a-makebuf.o)
                0x00000000000016e4                __smakebuf_r
                0x00000000000017a4                __swhatbuf_r
 .text          0x0000000000001800       0x90 /usr/lib/gcc/arm-none-eabi/12.2.1/../../../arm-none-eabi/lib/thumb/v7-m/nofp/libg_nano.a(lib_a-memchr-stub.o)
                0x0000000000001800                memchr
 .text          0x0000000000001890       0xf8 /usr/lib/gcc/arm-none-eabi/12.2.1/../../../arm-none-eabi/lib/thumb/v7-m/nofp/libg_nano.a(lib_a-memmove.o)
                0x0000000000001890                memmove
 .text          0x0000000000001988       0x50 /usr/lib/gcc/arm-none-eabi/12.2.1/../../../arm-none-eabi/lib/thumb/v7-m/nofp/libg_nano.a(lib_a-nano-reallocr.o)
                0x0000000000001988                _realloc_r
 .text          0x00000000000019d8      0x26c /usr/lib/gcc/arm-none-eabi/12.2.1/../../../arm-none-eabi/lib/thumb/v7-m/nofp/libg_nano.a(lib_a-signal.o)
                0x00000000000019d8                _init_signal_r
                0x0000000000001a04                _signal_r
                0x0000000000001a4c                _raise_r
                0x0000000000001aa0                __sigtramp_r
                0x0000000000001b04                raise
                0x0000000000001b5c                signal
                0x0000000000001bac                _init_signal
                0x0000000000001be0                __sigtramp
 .text          0x0000000000001c44       0x2c /usr/lib/gcc/arm-none-eabi/12.2.1/../../../arm-none-eabi/lib/thumb/v7-m/nofp/libg_nano.a(lib_a-signalr.o)
                0x0000000000001c44                _kill_r
                0x0000000000001c6c                _getpid_r
 .text          0x0000000000001c70       0x28 /usr/lib/gcc/arm-none-eabi/12.2.1/../../../arm-none-eabi/lib/thumb/v7-m/nofp/libg_nano.a(lib_a-fstatr.o)
                0x0000000000001c70                _fstat_r
 .text          0x0000000000001c98       0x24 /usr/lib/gcc/arm-none-eabi/12.2.1/../../../arm-none-eabi/lib/thumb/v7-m/nofp/libg_nano.a(lib_a-isattyr.o)
                0x0000000000001c98                _isatty_r
 .text          0x0000000000001cbc       0x14 /usr/lib/gcc/arm-none-eabi/12.2.1/../../../arm-none-eabi/lib/thumb/v7-m/nofp/libg_nano.a(lib_a-nano-msizer.o)
                0x0000000000001cbc                _malloc_usable_size_r
 .text          0x0000000000001cd0      0xa10 /usr/lib/gcc/arm-none-eabi/12.2.1/../../../arm-none-eabi/lib/thumb/v7-m/nofp/librdimon_nano.a(rdimon-syscalls.o)
                0x0000000000001cd0                _swiread
                0x0000000000001d0c                _read
                0x0000000000001d9c                _swilseek
                0x0000000000001e80                _lseek
                0x0000000000001e84                _swiwrite
                0x0000000000001ec0                _write
                0x0000000000001f7c                _swiclose
                0x0000000000001fb4                _close
                0x000000000000204c                _getpid
                0x0000000000002050                _sbrk
                0x00000000000020a4                _swistat
                0x0000000000002124                _fstat
                0x0000000000002140                _stat
                0x000000000000217c                _swiopen
                0x0000000000002248                _open
                0x000000000000225c                _get_semihosting_exts
                0x000000000000236c                _has_ext_exit_extended
                0x00000000000023ac                _has_ext_stdout_stderr
                0x00000000000023ec                initialise_monitor_handles
                0x0000000000002518                _link
                0x000000000000252c                _unlink
                0x000000000000256c                _gettimeofday
                0x0000000000002594                _clock
                0x00000000000025a8                _times
                0x00000000000025c8                _isatty
                0x0000000000002630                _system
                0x000000000000268c                _rename
 .text          0x00000000000026e0       0x14 /usr/lib/gcc/arm-none-eabi/12.2.1/../../../arm-none-eabi/lib/thumb/v7-m/nofp/librdimon_nano.a(rdimon-_exit.o)
                0x00000000000026e0                _exit
 .text          0x00000000000026f4       0x4c /usr/lib/gcc/arm-none-eabi/12.2.1/../../../arm-none-eabi/lib/thumb/v7-m/nofp/librdimon_nano.a(rdimon-_kill.o)
                0x00000000000026f4                _kill_shared
                0x0000000000002724                _kill
 .text          0x0000000000002740        0xc /usr/lib/gcc/arm-none-eabi/12.2.1/../../../arm-none-eabi/lib/thumb/v7-m/nofp/libc_nano.a(lib_a-errno.o)
                0x0000000000002740                __errno
 .text          0x000000000000274c       0x5c /usr/lib/gcc/arm-none-eabi/12.2.1/../../../arm-none-eabi/lib/thumb/v7-m/nofp/libc_nano.a(lib_a-strlen-stub.o)
                0x000000000000274c                strlen
 *(.rodata*)
 .rodata        0x00000000000027a8       0x25 ./output/tasks.o
 *fill*         0x00000000000027cd        0x3 
 .rodata        0x00000000000027d0       0x1e ./output/queue.o
 *fill*         0x00000000000027ee        0x2 
 .rodata        0x00000000000027f0       0x2d ./output/timers.o
 *fill*         0x000000000000281d        0x3 
 .rodata.xHeapStructSize
                0x0000000000002820        0x4 ./output/heap_custom.o
                0x0000000000002820                xHeapStructSize
 .rodata        0x0000000000002824      0x2d5 ./output/heap_custom.o
 *fill*         0x0000000000002af9        0x3 
 .rodata        0x0000000000002afc       0x32 ./output/port.o
 *fill*         0x0000000000002b2e        0x2 
 .rodata        0x0000000000002b30       0x53 ./output/main.o
 *fill*         0x0000000000002b83        0x1 
 .rodata        0x0000000000002b84      0x573 ./output/main_mem_demo.o
 *fill*         0x00000000000030f7        0x1 
 .rodata        0x00000000000030f8       0x36 ./output/startup_gcc.o
 *fill*         0x000000000000312e        0x2 
 .rodata        0x0000000000003130        0x7 ./output/printf-stdarg.o
 *fill*         0x0000000000003137        0x1 
 .rodata        0x0000000000003138       0x60 /usr/lib/gcc/arm-none-eabi/12.2.1/../../../arm-none-eabi/lib/thumb/v7-m/nofp/libg_nano.a(lib_a-findfp.o)
                0x0000000000003138                __sf_fake_stderr
                0x0000000000003158                __sf_fake_stdout
                0x0000000000003178                __sf_fake_stdin
 .rodata        0x0000000000003198        0x4 /usr/lib/gcc/arm-none-eabi/12.2.1/../../../arm-none-eabi/lib/thumb/v7-m/nofp/libg_nano.a(lib_a-impure.o)
                0x0000000000003198                _global_impure_ptr
 .rodata.str1.4
                0x000000000000319c       0x4a /usr/lib/gcc/arm-none-eabi/12.2.1/../../../arm-none-eabi/lib/thumb/v7-m/nofp/libg_nano.a(lib_a-rand.o)
 *fill*         0x00000000000031e6        0x2 
 .rodata.str1.4
                0x00000000000031e8       0x3f /usr/lib/gcc/arm-none-eabi/12.2.1/../../../arm-none-eabi/lib/thumb/v7-m/nofp/libg_nano.a(lib_a-assert.o)
                                         0x43 (size before relaxing)
 *fill*         0x0000000000003227        0x1 
 .rodata.str1.4
                0x0000000000003228       0x13 /usr/lib/gcc/arm-none-eabi/12.2.1/../../../arm-none-eabi/lib/thumb/v7-m/nofp/libg_nano.a(lib_a-nano-vfprintf.o)
 *fill*         0x000000000000323b        0x1 
 .rodata.str1.4
                0x000000000000323c       0x25 /usr/lib/gcc/arm-none-eabi/12.2.1/../../../arm-none-eabi/lib/thumb/v7-m/nofp/libg_nano.a(lib_a-nano-vfprintf_i.o)
 *fill*         0x0000000000003261        0x3 
 .rodata.str1.4
                0x0000000000003264       0x1c /usr/lib/gcc/arm-none-eabi/12.2.1/../../../arm-none-eabi/lib/thumb/v7-m/nofp/librdimon_nano.a(rdimon-syscalls.o)
 *(.constdata*)
                0x0000000000003280                _etext = .
                0x0000000000003280                _sidata = .

.glue_7         0x0000000000003280        0x0
 .glue_7        0x0000000000003280        0x0 linker stubs

.glue_7t        0x0000000000003280        0x0
 .glue_7t       0x0000000000003280        0x0 linker stubs

.vfp11_veneer   0x0000000000003280        0x0
 .vfp11_veneer  0x0000000000003280        0x0 linker stubs

.v4_bx          0x0000000000003280        0x0
 .v4_bx         0x0000000000003280        0x0 linker stubs

.text.prvCreateStaticTask
                0x0000000000003280       0x9c
 .text.prvCreateStaticTask
                0x0000000000003280       0x9c ./output/tasks.o

.text.xTaskCreateStatic
                0x000000000000331c       0x48
 .text.xTaskCreateStatic
                0x000000000000331c       0x48 ./output/tasks.o
                0x000000000000331c                xTaskCreateStatic

.text.prvInitialiseNewTask
                0x0000000000003364      0x108
 .text.prvInitialiseNewTask
                0x0000000000003364      0x108 ./output/tasks.o

.text.prvAddNewTaskToReadyList
                0x000000000000346c      0x100
 .text.prvAddNewTaskToReadyList
                0x000000000000346c      0x100 ./output/tasks.o

.text.vTaskDelay
                0x000000000000356c       0x60
 .text.vTaskDelay
                0x000000000000356c       0x60 ./output/tasks.o
                0x000000000000356c                vTaskDelay

.text.prvCreateIdleTasks
                0x00000000000035cc       0xd0
 .text.prvCreateIdleTasks
                0x00000000000035cc       0xd0 ./output/tasks.o

.text.vTaskStartScheduler
                0x000000000000369c       0x80
 .text.vTaskStartScheduler
                0x000000000000369c       0x80 ./output/tasks.o
                0x000000000000369c                vTaskStartScheduler

.text.vTaskSuspendAll
                0x000000000000371c       0x1c
 .text.vTaskSuspendAll
                0x000000000000371c       0x1c ./output/tasks.o
                0x000000000000371c                vTaskSuspendAll

.text.xTaskResumeAll
                0x0000000000003738      0x1e4
 .text.xTaskResumeAll
                0x0000000000003738      0x1e4 ./output/tasks.o
                0x0000000000003738                xTaskResumeAll

.text.xTaskGetTickCount
                0x000000000000391c       0x1c
 .text.xTaskGetTickCount
                0x000000000000391c       0x1c ./output/tasks.o
                0x000000000000391c                xTaskGetTickCount

.text.uxTaskGetNumberOfTasks
                0x0000000000003938       0x14
 .text.uxTaskGetNumberOfTasks
                0x0000000000003938       0x14 ./output/tasks.o
                0x0000000000003938                uxTaskGetNumberOfTasks

.text.xTaskIncrementTick
                0x000000000000394c      0x1f4
 .text.xTaskIncrementTick
                0x000000000000394c      0x1f4 ./output/tasks.o
                0x000000000000394c                xTaskIncrementTick

.text.vTaskSwitchContext
                0x0000000000003b40      0x100
 .text.vTaskSwitchContext
                0x0000000000003b40      0x100 ./output/tasks.o
                0x0000000000003b40                vTaskSwitchContext

.text.vTaskPlaceOnEventList
                0x0000000000003c40       0x40
 .text.vTaskPlaceOnEventList
                0x0000000000003c40       0x40 ./output/tasks.o
                0x0000000000003c40                vTaskPlaceOnEventList

.text.vTaskPlaceOnEventListRestricted
                0x0000000000003c80       0x84
 .text.vTaskPlaceOnEventListRestricted
                0x0000000000003c80       0x84 ./output/tasks.o
                0x0000000000003c80                vTaskPlaceOnEventListRestricted

.text.xTaskRemoveFromEventList
                0x0000000000003d04      0x1a4
 .text.xTaskRemoveFromEventList
                0x0000000000003d04      0x1a4 ./output/tasks.o
                0x0000000000003d04                xTaskRemoveFromEventList

.text.vTaskInternalSetTimeOutState
                0x0000000000003ea8       0x2c
 .text.vTaskInternalSetTimeOutState
                0x0000000000003ea8       0x2c ./output/tasks.o
                0x0000000000003ea8                vTaskInternalSetTimeOutState

.text.xTaskCheckForTimeOut
                0x0000000000003ed4       0xa8
 .text.xTaskCheckForTimeOut
                0x0000000000003ed4       0xa8 ./output/tasks.o
                0x0000000000003ed4                xTaskCheckForTimeOut

.text.vTaskMissedYield
                0x0000000000003f7c       0x18
 .text.vTaskMissedYield
                0x0000000000003f7c       0x18 ./output/tasks.o
                0x0000000000003f7c                vTaskMissedYield

.text.prvIdleTask
                0x0000000000003f94       0x24
 .text.prvIdleTask
                0x0000000000003f94       0x24 ./output/tasks.o

.text.prvInitialiseTaskLists
                0x0000000000003fb8       0x6c
 .text.prvInitialiseTaskLists
                0x0000000000003fb8       0x6c ./output/tasks.o

.text.prvCheckTasksWaitingTermination
                0x0000000000004024        0xc
 .text.prvCheckTasksWaitingTermination
                0x0000000000004024        0xc ./output/tasks.o

.text.prvResetNextTaskUnblockTime
                0x0000000000004030       0x34
 .text.prvResetNextTaskUnblockTime
                0x0000000000004030       0x34 ./output/tasks.o

.text.xTaskGetSchedulerState
                0x0000000000004064       0x3c
 .text.xTaskGetSchedulerState
                0x0000000000004064       0x3c ./output/tasks.o
                0x0000000000004064                xTaskGetSchedulerState

.text.xTaskPriorityDisinherit
                0x00000000000040a0      0x118
 .text.xTaskPriorityDisinherit
                0x00000000000040a0      0x118 ./output/tasks.o
                0x00000000000040a0                xTaskPriorityDisinherit

.text.prvAddCurrentTaskToDelayedList
                0x00000000000041b8       0x8c
 .text.prvAddCurrentTaskToDelayedList
                0x00000000000041b8       0x8c ./output/tasks.o

.iplt           0x0000000000004244        0x0
 .iplt          0x0000000000004244        0x0 ./output/tasks.o

.text.vListInitialise
                0x0000000000004244       0x3e
 .text.vListInitialise
                0x0000000000004244       0x3e ./output/list.o
                0x0000000000004244                vListInitialise

.text.vListInitialiseItem
                0x0000000000004282       0x18
 .text.vListInitialiseItem
                0x0000000000004282       0x18 ./output/list.o
                0x0000000000004282                vListInitialiseItem

.text.vListInsert
                0x000000000000429a       0x70
 .text.vListInsert
                0x000000000000429a       0x70 ./output/list.o
                0x000000000000429a                vListInsert

.text.uxListRemove
                0x000000000000430a       0x52
 .text.uxListRemove
                0x000000000000430a       0x52 ./output/list.o
                0x000000000000430a                uxListRemove

.text.xQueueGenericReset
                0x000000000000435c       0xf0
 .text.xQueueGenericReset
                0x000000000000435c       0xf0 ./output/queue.o
                0x000000000000435c                xQueueGenericReset

.text.xQueueGenericCreateStatic
                0x000000000000444c       0x9c
 .text.xQueueGenericCreateStatic
                0x000000000000444c       0x9c ./output/queue.o
                0x000000000000444c                xQueueGenericCreateStatic

.text.prvInitialiseNewQueue
                0x00000000000044e8       0x44
 .text.prvInitialiseNewQueue
                0x00000000000044e8       0x44 ./output/queue.o

.text.xQueueGenericSendFromISR
                0x000000000000452c      0x168
 .text.xQueueGenericSendFromISR
                0x000000000000452c      0x168 ./output/queue.o
                0x000000000000452c                xQueueGenericSendFromISR

.text.xQueueReceive
                0x0000000000004694      0x188
 .text.xQueueReceive
                0x0000000000004694      0x188 ./output/queue.o
                0x0000000000004694                xQueueReceive

.text.xQueueReceiveFromISR
                0x000000000000481c      0x110
 .text.xQueueReceiveFromISR
                0x000000000000481c      0x110 ./output/queue.o
                0x000000000000481c                xQueueReceiveFromISR

.text.prvCopyDataToQueue
                0x000000000000492c       0xd4
 .text.prvCopyDataToQueue
                0x000000000000492c       0xd4 ./output/queue.o

.text.prvCopyDataFromQueue
                0x0000000000004a00       0x4c
 .text.prvCopyDataFromQueue
                0x0000000000004a00       0x4c ./output/queue.o

.text.prvUnlockQueue
                0x0000000000004a4c       0xbe
 .text.prvUnlockQueue
                0x0000000000004a4c       0xbe ./output/queue.o

.text.prvIsQueueEmpty
                0x0000000000004b0a       0x2c
 .text.prvIsQueueEmpty
                0x0000000000004b0a       0x2c ./output/queue.o

.text.xQueueIsQueueFullFromISR
                0x0000000000004b38       0x40
 .text.xQueueIsQueueFullFromISR
                0x0000000000004b38       0x40 ./output/queue.o
                0x0000000000004b38                xQueueIsQueueFullFromISR

.text.vQueueAddToRegistry
                0x0000000000004b78       0x90
 .text.vQueueAddToRegistry
                0x0000000000004b78       0x90 ./output/queue.o
                0x0000000000004b78                vQueueAddToRegistry

.text.vQueueWaitForMessageRestricted
                0x0000000000004c08       0x68
 .text.vQueueWaitForMessageRestricted
                0x0000000000004c08       0x68 ./output/queue.o
                0x0000000000004c08                vQueueWaitForMessageRestricted

.text.prvNotifyQueueSetContainer
                0x0000000000004c70       0xc0
 .text.prvNotifyQueueSetContainer
                0x0000000000004c70       0xc0 ./output/queue.o

.text.xTimerCreateTimerTask
                0x0000000000004d30       0x88
 .text.xTimerCreateTimerTask
                0x0000000000004d30       0x88 ./output/timers.o
                0x0000000000004d30                xTimerCreateTimerTask

.text.prvReloadTimer
                0x0000000000004db8       0x42
 .text.prvReloadTimer
                0x0000000000004db8       0x42 ./output/timers.o

.text.prvProcessExpiredTimer
                0x0000000000004dfc       0x60
 .text.prvProcessExpiredTimer
                0x0000000000004dfc       0x60 ./output/timers.o

.text.prvTimerTask
                0x0000000000004e5c       0x26
 .text.prvTimerTask
                0x0000000000004e5c       0x26 ./output/timers.o

.text.prvProcessTimerOrBlockTask
                0x0000000000004e84       0x9c
 .text.prvProcessTimerOrBlockTask
                0x0000000000004e84       0x9c ./output/timers.o

.text.prvGetNextExpireTime
                0x0000000000004f20       0x44
 .text.prvGetNextExpireTime
                0x0000000000004f20       0x44 ./output/timers.o

.text.prvSampleTimeNow
                0x0000000000004f64       0x40
 .text.prvSampleTimeNow
                0x0000000000004f64       0x40 ./output/timers.o

.text.prvInsertTimerInActiveList
                0x0000000000004fa4       0x84
 .text.prvInsertTimerInActiveList
                0x0000000000004fa4       0x84 ./output/timers.o

.text.prvProcessReceivedCommands
                0x0000000000005028      0x184
 .text.prvProcessReceivedCommands
                0x0000000000005028      0x184 ./output/timers.o

.text.prvSwitchTimerLists
                0x00000000000051ac       0x4c
 .text.prvSwitchTimerLists
                0x00000000000051ac       0x4c ./output/timers.o

.text.prvCheckForValidListAndQueue
                0x00000000000051f8       0x80
 .text.prvCheckForValidListAndQueue
                0x00000000000051f8       0x80 ./output/timers.o

.text.pvPortMalloc
                0x0000000000005278      0x2ac
 .text.pvPortMalloc
                0x0000000000005278      0x2ac ./output/heap_custom.o
                0x0000000000005278                pvPortMalloc

.text.vPortFree
                0x0000000000005524       0xa4
 .text.vPortFree
                0x0000000000005524       0xa4 ./output/heap_custom.o
                0x0000000000005524                vPortFree

.text.prvInsertBlockIntoFreeList
                0x00000000000055c8      0x180
 .text.prvInsertBlockIntoFreeList
                0x00000000000055c8      0x180 ./output/heap_custom.o

.text.vPortDefineHeapRegions
                0x0000000000005748      0x158
 .text.vPortDefineHeapRegions
                0x0000000000005748      0x158 ./output/heap_custom.o
                0x0000000000005748                vPortDefineHeapRegions

.text.pxPortInitialiseStack
                0x00000000000058a0       0x58
 .text.pxPortInitialiseStack
                0x00000000000058a0       0x58 ./output/port.o
                0x00000000000058a0                pxPortInitialiseStack

.text.prvTaskExitError
                0x00000000000058f8       0x4c
 .text.prvTaskExitError
                0x00000000000058f8       0x4c ./output/port.o

.text.vPortSVCHandler
                0x0000000000005950       0x28
 .text.vPortSVCHandler
                0x0000000000005950       0x28 ./output/port.o
                0x0000000000005950                vPortSVCHandler

.text.prvPortStartFirstTask
                0x0000000000005978       0x24
 .text.prvPortStartFirstTask
                0x0000000000005978       0x24 ./output/port.o

.text.xPortStartScheduler
                0x000000000000599c      0x148
 .text.xPortStartScheduler
                0x000000000000599c      0x148 ./output/port.o
                0x000000000000599c                xPortStartScheduler

.text.vPortEnterCritical
                0x0000000000005ae4       0x54
 .text.vPortEnterCritical
                0x0000000000005ae4       0x54 ./output/port.o
                0x0000000000005ae4                vPortEnterCritical

.text.vPortExitCritical
                0x0000000000005b38       0x48
 .text.vPortExitCritical
                0x0000000000005b38       0x48 ./output/port.o
                0x0000000000005b38                vPortExitCritical

.text.xPortPendSVHandler
                0x0000000000005b80       0x48
 .text.xPortPendSVHandler
                0x0000000000005b80       0x48 ./output/port.o
                0x0000000000005b80                xPortPendSVHandler

.text.xPortSysTickHandler
                0x0000000000005bc8       0x44
 .text.xPortSysTickHandler
                0x0000000000005bc8       0x44 ./output/port.o
                0x0000000000005bc8                xPortSysTickHandler

.text.vPortSetupTimerInterrupt
                0x0000000000005c0c       0x34
 .text.vPortSetupTimerInterrupt
                0x0000000000005c0c       0x34 ./output/port.o
                0x0000000000005c0c                vPortSetupTimerInterrupt

.text.vPortValidateInterruptPriority
                0x0000000000005c40       0x68
 .text.vPortValidateInterruptPriority
                0x0000000000005c40       0x68 ./output/port.o
                0x0000000000005c40                vPortValidateInterruptPriority

.text.prvRecordValue_NormallyFull
                0x0000000000005ca8       0x3c
 .text.prvRecordValue_NormallyFull
                0x0000000000005ca8       0x3c ./output/IntQueue.o

.text.prvRecordValue_NormallyEmpty
                0x0000000000005ce4       0x3c
 .text.prvRecordValue_NormallyEmpty
                0x0000000000005ce4       0x3c ./output/IntQueue.o

.text.prvQueueAccessLogError
                0x0000000000005d20       0x28
 .text.prvQueueAccessLogError
                0x0000000000005d20       0x28 ./output/IntQueue.o

.text.xFirstTimerHandler
                0x0000000000005d48      0x1b8
 .text.xFirstTimerHandler
                0x0000000000005d48      0x1b8 ./output/IntQueue.o
                0x0000000000005d48                xFirstTimerHandler

.text.xSecondTimerHandler
                0x0000000000005f00      0x290
 .text.xSecondTimerHandler
                0x0000000000005f00      0x290 ./output/IntQueue.o
                0x0000000000005f00                xSecondTimerHandler

.text.TIMER0_Handler
                0x0000000000006190       0x48
 .text.TIMER0_Handler
                0x0000000000006190       0x48 ./output/IntQueueTimer.o
                0x0000000000006190                TIMER0_Handler

.text.TIMER1_Handler
                0x00000000000061d8       0x48
 .text.TIMER1_Handler
                0x00000000000061d8       0x48 ./output/IntQueueTimer.o
                0x00000000000061d8                TIMER1_Handler

.text.main      0x0000000000006220       0x10
 .text.main     0x0000000000006220       0x10 ./output/main.o
                0x0000000000006220                main

.text.vApplicationMallocFailedHook
                0x0000000000006230       0x14
 .text.vApplicationMallocFailedHook
                0x0000000000006230       0x14 ./output/main.o
                0x0000000000006230                vApplicationMallocFailedHook

.text.vApplicationStackOverflowHook
                0x0000000000006244       0x30
 .text.vApplicationStackOverflowHook
                0x0000000000006244       0x30 ./output/main.o
                0x0000000000006244                vApplicationStackOverflowHook

.text.vApplicationTickHook
                0x0000000000006274        0xc
 .text.vApplicationTickHook
                0x0000000000006274        0xc ./output/main.o
                0x0000000000006274                vApplicationTickHook

.text.vAssertCalled
                0x0000000000006280       0x3c
 .text.vAssertCalled
                0x0000000000006280       0x3c ./output/main.o
                0x0000000000006280                vAssertCalled

.text.vApplicationGetIdleTaskMemory
                0x00000000000062bc       0x30
 .text.vApplicationGetIdleTaskMemory
                0x00000000000062bc       0x30 ./output/main.o
                0x00000000000062bc                vApplicationGetIdleTaskMemory

.text.vApplicationGetTimerTaskMemory
                0x00000000000062ec       0x30
 .text.vApplicationGetTimerTaskMemory
                0x00000000000062ec       0x30 ./output/main.o
                0x00000000000062ec                vApplicationGetTimerTaskMemory

.text.prvUARTInit
                0x000000000000631c       0x20
 .text.prvUARTInit
                0x000000000000631c       0x20 ./output/main.o

.text.main_mem_demo
                0x000000000000633c       0x4c
 .text.main_mem_demo
                0x000000000000633c       0x4c ./output/main_mem_demo.o
                0x000000000000633c                main_mem_demo

.text.startMemDemo
                0x0000000000006388      0x1ec
 .text.startMemDemo
                0x0000000000006388      0x1ec ./output/main_mem_demo.o

.text.printAllocation
                0x0000000000006574       0x34
 .text.printAllocation
                0x0000000000006574       0x34 ./output/main_mem_demo.o

.text.showTimer
                0x00000000000065a8       0x58
 .text.showTimer
                0x00000000000065a8       0x58 ./output/main_mem_demo.o

.text.emptyAndPrintCurrentStructure
                0x0000000000006600       0x40
 .text.emptyAndPrintCurrentStructure
                0x0000000000006600       0x40 ./output/main_mem_demo.o

.text.emptyCurrentStructure
                0x0000000000006640       0xe4
 .text.emptyCurrentStructure
                0x0000000000006640       0xe4 ./output/main_mem_demo.o

.text.loadAndPrintCurrentStructure
                0x0000000000006724       0x34
 .text.loadAndPrintCurrentStructure
                0x0000000000006724       0x34 ./output/main_mem_demo.o

.text.loadCurrentStructure
                0x0000000000006758      0x1f4
 .text.loadCurrentStructure
                0x0000000000006758      0x1f4 ./output/main_mem_demo.o

.text.getBaseAddress
                0x000000000000694c       0x5c
 .text.getBaseAddress
                0x000000000000694c       0x5c ./output/main_mem_demo.o

.text.showCurrentMemAllocation
                0x00000000000069a8       0x78
 .text.showCurrentMemAllocation
                0x00000000000069a8       0x78 ./output/main_mem_demo.o

.text.printMemHeader
                0x0000000000006a20       0x78
 .text.printMemHeader
                0x0000000000006a20       0x78 ./output/main_mem_demo.o

.text.printMemBorder
                0x0000000000006a98       0x44
 .text.printMemBorder
                0x0000000000006a98       0x44 ./output/main_mem_demo.o

.text.printMemRow
                0x0000000000006adc       0xa0
 .text.printMemRow
                0x0000000000006adc       0xa0 ./output/main_mem_demo.o

.text.printSeparatorRow
                0x0000000000006b7c       0xb0
 .text.printSeparatorRow
                0x0000000000006b7c       0xb0 ./output/main_mem_demo.o

.text.printPaddingRows
                0x0000000000006c2c       0xa0
 .text.printPaddingRows
                0x0000000000006c2c       0xa0 ./output/main_mem_demo.o

.text.Reset_Handler
                0x0000000000006ccc        0xc
 .text.Reset_Handler
                0x0000000000006ccc        0xc ./output/startup_gcc.o
                0x0000000000006ccc                Reset_Handler

.text.prvGetRegistersFromStack
                0x0000000000006cd8       0x88
 .text.prvGetRegistersFromStack
                0x0000000000006cd8       0x88 ./output/startup_gcc.o
                0x0000000000006cd8                prvGetRegistersFromStack

.text.Default_Handler
                0x0000000000006e00       0x18
 .text.Default_Handler
                0x0000000000006e00       0x18 ./output/startup_gcc.o

.text.HardFault_Handler
                0x0000000000006f00       0x1c
 .text.HardFault_Handler
                0x0000000000006f00       0x1c ./output/startup_gcc.o

.text.printchar
                0x0000000000006f1c       0x62
 .text.printchar
                0x0000000000006f1c       0x62 ./output/printf-stdarg.o

.text.prints    0x0000000000006f7e       0xb6
 .text.prints   0x0000000000006f7e       0xb6 ./output/printf-stdarg.o

.text.printi    0x0000000000007034       0xe2
 .text.printi   0x0000000000007034       0xe2 ./output/printf-stdarg.o

.text.tiny_print
                0x0000000000007118      0x1fc
 .text.tiny_print
                0x0000000000007118      0x1fc ./output/printf-stdarg.o

.text.printf    0x0000000000007314       0x2a
 .text.printf   0x0000000000007314       0x2a ./output/printf-stdarg.o
                0x0000000000007314                printf

.rel.dyn        0x0000000000007340        0x0
 .rel.iplt      0x0000000000007340        0x0 ./output/tasks.o

.data           0x0000000020000000       0x70
                0x0000000020000000                . = ALIGN (0x8)
                0x0000000020000000                _data = .
                0x0000000020000000                _sdata = .
 *(vtable)
 *(.data)
 .data          0x0000000020000000       0x64 /usr/lib/gcc/arm-none-eabi/12.2.1/../../../arm-none-eabi/lib/thumb/v7-m/nofp/libg_nano.a(lib_a-impure.o)
                0x0000000020000000                _impure_ptr
 .data          0x0000000020000064        0xc /usr/lib/gcc/arm-none-eabi/12.2.1/../../../arm-none-eabi/lib/thumb/v7-m/nofp/librdimon_nano.a(rdimon-syscalls.o)
                0x0000000020000064                __heap_limit
                0x0000000020000070                _edata = .

.data.uxTopUsedPriority
                0x0000000020000070        0x4
 .data.uxTopUsedPriority
                0x0000000020000070        0x4 ./output/tasks.o

.igot.plt       0x0000000020000074        0x0
 .igot.plt      0x0000000020000074        0x0 ./output/tasks.o

.data.uxCriticalNesting
                0x0000000020000074        0x4
 .data.uxCriticalNesting
                0x0000000020000074        0x4 ./output/port.o

.data.xErrorStatus
                0x0000000020000078        0x4
 .data.xErrorStatus
                0x0000000020000078        0x4 ./output/IntQueue.o

.data.demoHeapRegions
                0x000000002000007c       0x38
 .data.demoHeapRegions
                0x000000002000007c       0x38 ./output/main_mem_demo.o
                0x000000002000007c                demoHeapRegions

.bss            0x00000000200000b4       0xc0
                0x00000000200000b8                . = ALIGN (0x8)
 *fill*         0x00000000200000b4        0x4 
                0x00000000200000b8                _bss = .
                0x00000000200000b8                _sbss = .
 *(.bss)
 .bss           0x00000000200000b8        0x8 /usr/lib/gcc/arm-none-eabi/12.2.1/../../../arm-none-eabi/lib/thumb/v7-m/nofp/libg_nano.a(lib_a-nano-mallocr.o)
                0x00000000200000b8                __malloc_free_list
                0x00000000200000bc                __malloc_sbrk_start
 .bss           0x00000000200000c0        0x4 /usr/lib/gcc/arm-none-eabi/12.2.1/../../../arm-none-eabi/lib/thumb/v7-m/nofp/libg_nano.a(lib_a-reent.o)
                0x00000000200000c0                errno
 .bss           0x00000000200000c4       0xb0 /usr/lib/gcc/arm-none-eabi/12.2.1/../../../arm-none-eabi/lib/thumb/v7-m/nofp/librdimon_nano.a(rdimon-syscalls.o)
                0x0000000020000174                _ebss = .

.bss.pxCurrentTCB
                0x0000000020000174        0x4
 .bss.pxCurrentTCB
                0x0000000020000174        0x4 ./output/tasks.o
                0x0000000020000174                pxCurrentTCB

.bss.pxReadyTasksLists
                0x0000000020000178       0xb4
 .bss.pxReadyTasksLists
                0x0000000020000178       0xb4 ./output/tasks.o

.bss.xDelayedTaskList1
                0x000000002000022c       0x14
 .bss.xDelayedTaskList1
                0x000000002000022c       0x14 ./output/tasks.o

.bss.xDelayedTaskList2
                0x0000000020000240       0x14
 .bss.xDelayedTaskList2
                0x0000000020000240       0x14 ./output/tasks.o

.bss.pxDelayedTaskList
                0x0000000020000254        0x4
 .bss.pxDelayedTaskList
                0x0000000020000254        0x4 ./output/tasks.o

.bss.pxOverflowDelayedTaskList
                0x0000000020000258        0x4
 .bss.pxOverflowDelayedTaskList
                0x0000000020000258        0x4 ./output/tasks.o

.bss.xPendingReadyList
                0x000000002000025c       0x14
 .bss.xPendingReadyList
                0x000000002000025c       0x14 ./output/tasks.o

.bss.uxCurrentNumberOfTasks
                0x0000000020000270        0x4
 .bss.uxCurrentNumberOfTasks
                0x0000000020000270        0x4 ./output/tasks.o

.bss.xTickCount
                0x0000000020000274        0x4
 .bss.xTickCount
                0x0000000020000274        0x4 ./output/tasks.o

.bss.uxTopReadyPriority
                0x0000000020000278        0x4
 .bss.uxTopReadyPriority
                0x0000000020000278        0x4 ./output/tasks.o

.bss.xSchedulerRunning
                0x000000002000027c        0x4
 .bss.xSchedulerRunning
                0x000000002000027c        0x4 ./output/tasks.o

.bss.xPendedTicks
                0x0000000020000280        0x4
 .bss.xPendedTicks
                0x0000000020000280        0x4 ./output/tasks.o

.bss.xYieldPendings
                0x0000000020000284        0x4
 .bss.xYieldPendings
                0x0000000020000284        0x4 ./output/tasks.o

.bss.xNumOfOverflows
                0x0000000020000288        0x4
 .bss.xNumOfOverflows
                0x0000000020000288        0x4 ./output/tasks.o

.bss.uxTaskNumber
                0x000000002000028c        0x4
 .bss.uxTaskNumber
                0x000000002000028c        0x4 ./output/tasks.o

.bss.xNextTaskUnblockTime
                0x0000000020000290        0x4
 .bss.xNextTaskUnblockTime
                0x0000000020000290        0x4 ./output/tasks.o

.bss.xIdleTaskHandles
                0x0000000020000294        0x4
 .bss.xIdleTaskHandles
                0x0000000020000294        0x4 ./output/tasks.o

.bss.uxSchedulerSuspended
                0x0000000020000298        0x4
 .bss.uxSchedulerSuspended
                0x0000000020000298        0x4 ./output/tasks.o

.bss.xQueueRegistry
                0x000000002000029c       0x50
 .bss.xQueueRegistry
                0x000000002000029c       0x50 ./output/queue.o
                0x000000002000029c                xQueueRegistry

.bss.xActiveTimerList1
                0x00000000200002ec       0x14
 .bss.xActiveTimerList1
                0x00000000200002ec       0x14 ./output/timers.o

.bss.xActiveTimerList2
                0x0000000020000300       0x14
 .bss.xActiveTimerList2
                0x0000000020000300       0x14 ./output/timers.o

.bss.pxCurrentTimerList
                0x0000000020000314        0x4
 .bss.pxCurrentTimerList
                0x0000000020000314        0x4 ./output/timers.o

.bss.pxOverflowTimerList
                0x0000000020000318        0x4
 .bss.pxOverflowTimerList
                0x0000000020000318        0x4 ./output/timers.o

.bss.xTimerQueue
                0x000000002000031c        0x4
 .bss.xTimerQueue
                0x000000002000031c        0x4 ./output/timers.o

.bss.xTimerTaskHandle
                0x0000000020000320        0x4
 .bss.xTimerTaskHandle
                0x0000000020000320        0x4 ./output/timers.o

.bss.xLastTime.2
                0x0000000020000324        0x4
 .bss.xLastTime.2
                0x0000000020000324        0x4 ./output/timers.o

.bss.ucStaticTimerQueueStorage.1
                0x0000000020000328       0xf0
 .bss.ucStaticTimerQueueStorage.1
                0x0000000020000328       0xf0 ./output/timers.o

.bss.xStaticTimerQueue.0
                0x0000000020000418       0x4c
 .bss.xStaticTimerQueue.0
                0x0000000020000418       0x4c ./output/timers.o

.bss.xStart     0x0000000020000464        0x8
 .bss.xStart    0x0000000020000464        0x8 ./output/heap_custom.o

.bss.pxEnd      0x000000002000046c        0x4
 .bss.pxEnd     0x000000002000046c        0x4 ./output/heap_custom.o

.bss.xFreeBytesRemaining
                0x0000000020000470        0x4
 .bss.xFreeBytesRemaining
                0x0000000020000470        0x4 ./output/heap_custom.o

.bss.xMinimumEverFreeBytesRemaining
                0x0000000020000474        0x4
 .bss.xMinimumEverFreeBytesRemaining
                0x0000000020000474        0x4 ./output/heap_custom.o

.bss.xNumberOfSuccessfulAllocations
                0x0000000020000478        0x4
 .bss.xNumberOfSuccessfulAllocations
                0x0000000020000478        0x4 ./output/heap_custom.o

.bss.xNumberOfSuccessfulFrees
                0x000000002000047c        0x4
 .bss.xNumberOfSuccessfulFrees
                0x000000002000047c        0x4 ./output/heap_custom.o

.bss.memPlusAlignment
                0x0000000020000480        0x1
 .bss.memPlusAlignment
                0x0000000020000480        0x1 ./output/heap_custom.o
                0x0000000020000480                memPlusAlignment

.bss.alignement
                0x0000000020000481        0x1
 .bss.alignement
                0x0000000020000481        0x1 ./output/heap_custom.o
                0x0000000020000481                alignement

.bss.separatorBlockArr
                0x0000000020000484       0x24
 .bss.separatorBlockArr
                0x0000000020000484       0x24 ./output/heap_custom.o
                0x0000000020000484                separatorBlockArr

.bss.ucMaxSysCallPriority
                0x00000000200004a8        0x1
 .bss.ucMaxSysCallPriority
                0x00000000200004a8        0x1 ./output/port.o

.bss.ulMaxPRIGROUPValue
                0x00000000200004ac        0x4
 .bss.ulMaxPRIGROUPValue
                0x00000000200004ac        0x4 ./output/port.o

.bss.xNormallyEmptyQueue
                0x00000000200004b0        0x4
 .bss.xNormallyEmptyQueue
                0x00000000200004b0        0x4 ./output/IntQueue.o

.bss.xNormallyFullQueue
                0x00000000200004b4        0x4
 .bss.xNormallyFullQueue
                0x00000000200004b4        0x4 ./output/IntQueue.o

.bss.xErrorLine
                0x00000000200004b8        0x4
 .bss.xErrorLine
                0x00000000200004b8        0x4 ./output/IntQueue.o

.bss.uxValueForNormallyEmptyQueue
                0x00000000200004bc        0x4
 .bss.uxValueForNormallyEmptyQueue
                0x00000000200004bc        0x4 ./output/IntQueue.o

.bss.uxValueForNormallyFullQueue
                0x00000000200004c0        0x4
 .bss.uxValueForNormallyFullQueue
                0x00000000200004c0        0x4 ./output/IntQueue.o

.bss.ucNormallyEmptyReceivedValues
                0x00000000200004c4       0xc8
 .bss.ucNormallyEmptyReceivedValues
                0x00000000200004c4       0xc8 ./output/IntQueue.o

.bss.ucNormallyFullReceivedValues
                0x000000002000058c       0xc8
 .bss.ucNormallyFullReceivedValues
                0x000000002000058c       0xc8 ./output/IntQueue.o

.bss.uxNextOperation.5
                0x0000000020000654        0x4
 .bss.uxNextOperation.5
                0x0000000020000654        0x4 ./output/IntQueue.o

.bss.uxNextOperation.4
                0x0000000020000658        0x4
 .bss.uxNextOperation.4
                0x0000000020000658        0x4 ./output/IntQueue.o

.bss.ulNest     0x000000002000065c        0x4
 .bss.ulNest    0x000000002000065c        0x4 ./output/IntQueueTimer.o
                0x000000002000065c                ulNest

.bss.ulNestCount
                0x0000000020000660        0x4
 .bss.ulNestCount
                0x0000000020000660        0x4 ./output/IntQueueTimer.o
                0x0000000020000660                ulNestCount

.bss.xIdleTaskTCB.3
                0x0000000020000664       0x58
 .bss.xIdleTaskTCB.3
                0x0000000020000664       0x58 ./output/main.o

.bss.uxIdleTaskStack.2
                0x00000000200006bc      0x140
 .bss.uxIdleTaskStack.2
                0x00000000200006bc      0x140 ./output/main.o

.bss.xTimerTaskTCB.1
                0x00000000200007fc       0x58
 .bss.xTimerTaskTCB.1
                0x00000000200007fc       0x58 ./output/main.o

.bss.uxTimerTaskStack.0
                0x0000000020000854      0x280
 .bss.uxTimerTaskStack.0
                0x0000000020000854      0x280 ./output/main.o

.bss.xTaskBuffer
                0x0000000020000ad4       0x58
 .bss.xTaskBuffer
                0x0000000020000ad4       0x58 ./output/main_mem_demo.o

.bss.xStack     0x0000000020000b2c      0x3c0
 .bss.xStack    0x0000000020000b2c      0x3c0 ./output/main_mem_demo.o

.bss.ramDemoImg
                0x0000000020000eec      0x120
 .bss.ramDemoImg
                0x0000000020000eec      0x120 ./output/main_mem_demo.o

.bss.r0         0x000000002000100c        0x4
 .bss.r0        0x000000002000100c        0x4 ./output/startup_gcc.o
                0x000000002000100c                r0

.bss.r1         0x0000000020001010        0x4
 .bss.r1        0x0000000020001010        0x4 ./output/startup_gcc.o
                0x0000000020001010                r1

.bss.r2         0x0000000020001014        0x4
 .bss.r2        0x0000000020001014        0x4 ./output/startup_gcc.o
                0x0000000020001014                r2

.bss.r3         0x0000000020001018        0x4
 .bss.r3        0x0000000020001018        0x4 ./output/startup_gcc.o
                0x0000000020001018                r3

.bss.r12        0x000000002000101c        0x4
 .bss.r12       0x000000002000101c        0x4 ./output/startup_gcc.o
                0x000000002000101c                r12

.bss.lr         0x0000000020001020        0x4
 .bss.lr        0x0000000020001020        0x4 ./output/startup_gcc.o
                0x0000000020001020                lr

.bss.pc         0x0000000020001024        0x4
 .bss.pc        0x0000000020001024        0x4 ./output/startup_gcc.o
                0x0000000020001024                pc

.bss.psr        0x0000000020001028        0x4
 .bss.psr       0x0000000020001028        0x4 ./output/startup_gcc.o
                0x0000000020001028                psr

.heap           0x000000002000102c     0x5004
                0x0000000020001030                . = ALIGN (0x8)
 *fill*         0x000000002000102c        0x4 
                0x0000000020001030                PROVIDE (end = .)
                [!provide]                        PROVIDE (_end = .)
                0x0000000020001030                _heap_bottom = .
                0x0000000020002030                . = (. + _Min_Heap_Size)
 *fill*         0x0000000020001030     0x1000 
                0x0000000020002030                _heap_top = .
                0x0000000020006030                . = (. + _Min_Stack_Size)
 *fill*         0x0000000020002030     0x4000 
                0x0000000020006030                . = ALIGN (0x8)
                0x0000000020400000                __StackTop = (ORIGIN (RAM) + LENGTH (RAM))
                0x00000000203fc000                __StackLimit = (__StackTop - _Min_Stack_Size)
                [!provide]                        PROVIDE (__stack = __StackTop)
                0x0000000000000001                ASSERT ((__StackLimit >= _heap_top), region RAM overflowed with stack)
START GROUP
LOAD /usr/lib/gcc/arm-none-eabi/12.2.1/thumb/v7-m/nofp/libgcc.a
LOAD /usr/lib/gcc/arm-none-eabi/12.2.1/../../../arm-none-eabi/lib/thumb/v7-m/nofp/libg_nano.a
LOAD /usr/lib/gcc/arm-none-eabi/12.2.1/../../../arm-none-eabi/lib/thumb/v7-m/nofp/libc_nano.a
END GROUP
START GROUP
LOAD /usr/lib/gcc/arm-none-eabi/12.2.1/thumb/v7-m/nofp/libgcc.a
LOAD /usr/lib/gcc/arm-none-eabi/12.2.1/../../../arm-none-eabi/lib/thumb/v7-m/nofp/libc_nano.a
LOAD /usr/lib/gcc/arm-none-eabi/12.2.1/../../../arm-none-eabi/lib/thumb/v7-m/nofp/librdimon_nano.a
LOAD /usr/lib/gcc/arm-none-eabi/12.2.1/../../../arm-none-eabi/lib/thumb/v7-m/nofp/libnosys.a
END GROUP
START GROUP
LOAD /usr/lib/gcc/arm-none-eabi/12.2.1/thumb/v7-m/nofp/libgcc.a
LOAD /usr/lib/gcc/arm-none-eabi/12.2.1/../../../arm-none-eabi/lib/thumb/v7-m/nofp/libc_nano.a
LOAD /usr/lib/gcc/arm-none-eabi/12.2.1/../../../arm-none-eabi/lib/thumb/v7-m/nofp/libnosys.a
END GROUP
START GROUP
LOAD /usr/lib/gcc/arm-none-eabi/12.2.1/thumb/v7-m/nofp/libgcc.a
LOAD /usr/lib/gcc/arm-none-eabi/12.2.1/../../../arm-none-eabi/lib/thumb/v7-m/nofp/libc_nano.a
LOAD /usr/lib/gcc/arm-none-eabi/12.2.1/../../../arm-none-eabi/lib/thumb/v7-m/nofp/librdimon_nano.a
END GROUP
OUTPUT(./output/RTOSDemo.out elf32-littlearm)
LOAD linker stubs

.debug_info     0x0000000000000000    0x1ecc0
 .debug_info    0x0000000000000000     0x1d19 ./output/tasks.o
 .debug_info    0x0000000000001d19      0x2a3 ./output/list.o
 .debug_info    0x0000000000001fbc     0x189e ./output/queue.o
 .debug_info    0x000000000000385a     0x1188 ./output/timers.o
 .debug_info    0x00000000000049e2      0x659 ./output/heap_custom.o
 .debug_info    0x000000000000503b      0x41e ./output/port.o
 .debug_info    0x0000000000005459      0xaca ./output/IntQueue.o
 .debug_info    0x0000000000005f23      0x583 ./output/IntQueueTimer.o
 .debug_info    0x00000000000064a6      0x48a ./output/main.o
 .debug_info    0x0000000000006930      0x965 ./output/main_mem_demo.o
 .debug_info    0x0000000000007295      0xa1b ./output/startup_gcc.o
 .debug_info    0x0000000000007cb0      0x403 ./output/printf-stdarg.o
 .debug_info    0x00000000000080b3      0xb0a /usr/lib/gcc/arm-none-eabi/12.2.1/../../../arm-none-eabi/lib/thumb/v7-m/nofp/libg_nano.a(lib_a-fflush.o)
 .debug_info    0x0000000000008bbd      0xfae /usr/lib/gcc/arm-none-eabi/12.2.1/../../../arm-none-eabi/lib/thumb/v7-m/nofp/libg_nano.a(lib_a-findfp.o)
 .debug_info    0x0000000000009b6b      0x900 /usr/lib/gcc/arm-none-eabi/12.2.1/../../../arm-none-eabi/lib/thumb/v7-m/nofp/libg_nano.a(lib_a-fwalk.o)
 .debug_info    0x000000000000a46b      0x863 /usr/lib/gcc/arm-none-eabi/12.2.1/../../../arm-none-eabi/lib/thumb/v7-m/nofp/libg_nano.a(lib_a-impure.o)
 .debug_info    0x000000000000acce       0x26 /usr/lib/gcc/arm-none-eabi/12.2.1/../../../arm-none-eabi/lib/thumb/v7-m/nofp/libg_nano.a(lib_a-memcpy.o)
 .debug_info    0x000000000000acf4      0x137 /usr/lib/gcc/arm-none-eabi/12.2.1/../../../arm-none-eabi/lib/thumb/v7-m/nofp/libg_nano.a(lib_a-memset.o)
 .debug_info    0x000000000000ae2b      0x940 /usr/lib/gcc/arm-none-eabi/12.2.1/../../../arm-none-eabi/lib/thumb/v7-m/nofp/libg_nano.a(lib_a-nano-freer.o)
 .debug_info    0x000000000000b76b      0xa0c /usr/lib/gcc/arm-none-eabi/12.2.1/../../../arm-none-eabi/lib/thumb/v7-m/nofp/libg_nano.a(lib_a-nano-mallocr.o)
 .debug_info    0x000000000000c177      0x8f2 /usr/lib/gcc/arm-none-eabi/12.2.1/../../../arm-none-eabi/lib/thumb/v7-m/nofp/libg_nano.a(lib_a-rand.o)
 .debug_info    0x000000000000ca69      0x828 /usr/lib/gcc/arm-none-eabi/12.2.1/../../../arm-none-eabi/lib/thumb/v7-m/nofp/libg_nano.a(lib_a-sbrkr.o)
 .debug_info    0x000000000000d291      0xabc /usr/lib/gcc/arm-none-eabi/12.2.1/../../../arm-none-eabi/lib/thumb/v7-m/nofp/libg_nano.a(lib_a-stdio.o)
 .debug_info    0x000000000000dd4d      0x85a /usr/lib/gcc/arm-none-eabi/12.2.1/../../../arm-none-eabi/lib/thumb/v7-m/nofp/libg_nano.a(lib_a-writer.o)
 .debug_info    0x000000000000e5a7      0x8bd /usr/lib/gcc/arm-none-eabi/12.2.1/../../../arm-none-eabi/lib/thumb/v7-m/nofp/libg_nano.a(lib_a-assert.o)
 .debug_info    0x000000000000ee64      0x805 /usr/lib/gcc/arm-none-eabi/12.2.1/../../../arm-none-eabi/lib/thumb/v7-m/nofp/libg_nano.a(lib_a-closer.o)
 .debug_info    0x000000000000f669      0x902 /usr/lib/gcc/arm-none-eabi/12.2.1/../../../arm-none-eabi/lib/thumb/v7-m/nofp/libg_nano.a(lib_a-fprintf.o)
 .debug_info    0x000000000000ff6b      0x83b /usr/lib/gcc/arm-none-eabi/12.2.1/../../../arm-none-eabi/lib/thumb/v7-m/nofp/libg_nano.a(lib_a-lseekr.o)
 .debug_info    0x00000000000107a6      0x832 /usr/lib/gcc/arm-none-eabi/12.2.1/../../../arm-none-eabi/lib/thumb/v7-m/nofp/libg_nano.a(lib_a-malloc.o)
 .debug_info    0x0000000000010fd8      0x7dc /usr/lib/gcc/arm-none-eabi/12.2.1/../../../arm-none-eabi/lib/thumb/v7-m/nofp/libg_nano.a(lib_a-mlock.o)
 .debug_info    0x00000000000117b4     0x115f /usr/lib/gcc/arm-none-eabi/12.2.1/../../../arm-none-eabi/lib/thumb/v7-m/nofp/libg_nano.a(lib_a-nano-vfprintf.o)
 .debug_info    0x0000000000012913      0xe9e /usr/lib/gcc/arm-none-eabi/12.2.1/../../../arm-none-eabi/lib/thumb/v7-m/nofp/libg_nano.a(lib_a-nano-vfprintf_i.o)
 .debug_info    0x00000000000137b1      0x853 /usr/lib/gcc/arm-none-eabi/12.2.1/../../../arm-none-eabi/lib/thumb/v7-m/nofp/libg_nano.a(lib_a-readr.o)
 .debug_info    0x0000000000014004      0xa7e /usr/lib/gcc/arm-none-eabi/12.2.1/../../../arm-none-eabi/lib/thumb/v7-m/nofp/libg_nano.a(lib_a-reent.o)
 .debug_info    0x0000000000014a82      0x998 /usr/lib/gcc/arm-none-eabi/12.2.1/../../../arm-none-eabi/lib/thumb/v7-m/nofp/libg_nano.a(lib_a-wbuf.o)
 .debug_info    0x000000000001541a      0x902 /usr/lib/gcc/arm-none-eabi/12.2.1/../../../arm-none-eabi/lib/thumb/v7-m/nofp/libg_nano.a(lib_a-wsetup.o)
 .debug_info    0x0000000000015d1c       0xcb /usr/lib/gcc/arm-none-eabi/12.2.1/../../../arm-none-eabi/lib/thumb/v7-m/nofp/libg_nano.a(lib_a-abort.o)
 .debug_info    0x0000000000015de7      0xb54 /usr/lib/gcc/arm-none-eabi/12.2.1/../../../arm-none-eabi/lib/thumb/v7-m/nofp/libg_nano.a(lib_a-fvwrite.o)
 .debug_info    0x000000000001693b      0xc8a /usr/lib/gcc/arm-none-eabi/12.2.1/../../../arm-none-eabi/lib/thumb/v7-m/nofp/libg_nano.a(lib_a-makebuf.o)
 .debug_info    0x00000000000175c5      0x14e /usr/lib/gcc/arm-none-eabi/12.2.1/../../../arm-none-eabi/lib/thumb/v7-m/nofp/libg_nano.a(lib_a-memchr-stub.o)
 .debug_info    0x0000000000017713      0x152 /usr/lib/gcc/arm-none-eabi/12.2.1/../../../arm-none-eabi/lib/thumb/v7-m/nofp/libg_nano.a(lib_a-memmove.o)
 .debug_info    0x0000000000017865      0x911 /usr/lib/gcc/arm-none-eabi/12.2.1/../../../arm-none-eabi/lib/thumb/v7-m/nofp/libg_nano.a(lib_a-nano-reallocr.o)
 .debug_info    0x0000000000018176      0xdcc /usr/lib/gcc/arm-none-eabi/12.2.1/../../../arm-none-eabi/lib/thumb/v7-m/nofp/libg_nano.a(lib_a-signal.o)
 .debug_info    0x0000000000018f42      0x871 /usr/lib/gcc/arm-none-eabi/12.2.1/../../../arm-none-eabi/lib/thumb/v7-m/nofp/libg_nano.a(lib_a-signalr.o)
 .debug_info    0x00000000000197b3      0xa1d /usr/lib/gcc/arm-none-eabi/12.2.1/../../../arm-none-eabi/lib/thumb/v7-m/nofp/libg_nano.a(lib_a-fstatr.o)
 .debug_info    0x000000000001a1d0      0x805 /usr/lib/gcc/arm-none-eabi/12.2.1/../../../arm-none-eabi/lib/thumb/v7-m/nofp/libg_nano.a(lib_a-isattyr.o)
 .debug_info    0x000000000001a9d5      0x840 /usr/lib/gcc/arm-none-eabi/12.2.1/../../../arm-none-eabi/lib/thumb/v7-m/nofp/libg_nano.a(lib_a-nano-msizer.o)
 .debug_info    0x000000000001b215     0x2f76 /usr/lib/gcc/arm-none-eabi/12.2.1/../../../arm-none-eabi/lib/thumb/v7-m/nofp/librdimon_nano.a(rdimon-syscalls.o)
 .debug_info    0x000000000001e18b       0x84 /usr/lib/gcc/arm-none-eabi/12.2.1/../../../arm-none-eabi/lib/thumb/v7-m/nofp/librdimon_nano.a(rdimon-_exit.o)
 .debug_info    0x000000000001e20f      0x247 /usr/lib/gcc/arm-none-eabi/12.2.1/../../../arm-none-eabi/lib/thumb/v7-m/nofp/librdimon_nano.a(rdimon-_kill.o)
 .debug_info    0x000000000001e456      0x7ae /usr/lib/gcc/arm-none-eabi/12.2.1/../../../arm-none-eabi/lib/thumb/v7-m/nofp/libc_nano.a(lib_a-errno.o)
 .debug_info    0x000000000001ec04       0xbc /usr/lib/gcc/arm-none-eabi/12.2.1/../../../arm-none-eabi/lib/thumb/v7-m/nofp/libc_nano.a(lib_a-strlen-stub.o)

.debug_abbrev   0x0000000000000000     0x65e3
 .debug_abbrev  0x0000000000000000      0x37c ./output/tasks.o
 .debug_abbrev  0x000000000000037c       0xf5 ./output/list.o
 .debug_abbrev  0x0000000000000471      0x360 ./output/queue.o
 .debug_abbrev  0x00000000000007d1      0x2d8 ./output/timers.o
 .debug_abbrev  0x0000000000000aa9      0x23e ./output/heap_custom.o
 .debug_abbrev  0x0000000000000ce7      0x254 ./output/port.o
 .debug_abbrev  0x0000000000000f3b      0x286 ./output/IntQueue.o
 .debug_abbrev  0x00000000000011c1      0x1d7 ./output/IntQueueTimer.o
 .debug_abbrev  0x0000000000001398      0x1e9 ./output/main.o
 .debug_abbrev  0x0000000000001581      0x2e9 ./output/main_mem_demo.o
 .debug_abbrev  0x000000000000186a      0x2a4 ./output/startup_gcc.o
 .debug_abbrev  0x0000000000001b0e      0x16b ./output/printf-stdarg.o
 .debug_abbrev  0x0000000000001c79      0x2da /usr/lib/gcc/arm-none-eabi/12.2.1/../../../arm-none-eabi/lib/thumb/v7-m/nofp/libg_nano.a(lib_a-fflush.o)
 .debug_abbrev  0x0000000000001f53      0x3cd /usr/lib/gcc/arm-none-eabi/12.2.1/../../../arm-none-eabi/lib/thumb/v7-m/nofp/libg_nano.a(lib_a-findfp.o)
 .debug_abbrev  0x0000000000002320      0x197 /usr/lib/gcc/arm-none-eabi/12.2.1/../../../arm-none-eabi/lib/thumb/v7-m/nofp/libg_nano.a(lib_a-fwalk.o)
 .debug_abbrev  0x00000000000024b7      0x151 /usr/lib/gcc/arm-none-eabi/12.2.1/../../../arm-none-eabi/lib/thumb/v7-m/nofp/libg_nano.a(lib_a-impure.o)
 .debug_abbrev  0x0000000000002608       0x14 /usr/lib/gcc/arm-none-eabi/12.2.1/../../../arm-none-eabi/lib/thumb/v7-m/nofp/libg_nano.a(lib_a-memcpy.o)
 .debug_abbrev  0x000000000000261c       0xb4 /usr/lib/gcc/arm-none-eabi/12.2.1/../../../arm-none-eabi/lib/thumb/v7-m/nofp/libg_nano.a(lib_a-memset.o)
 .debug_abbrev  0x00000000000026d0      0x245 /usr/lib/gcc/arm-none-eabi/12.2.1/../../../arm-none-eabi/lib/thumb/v7-m/nofp/libg_nano.a(lib_a-nano-freer.o)
 .debug_abbrev  0x0000000000002915      0x290 /usr/lib/gcc/arm-none-eabi/12.2.1/../../../arm-none-eabi/lib/thumb/v7-m/nofp/libg_nano.a(lib_a-nano-mallocr.o)
 .debug_abbrev  0x0000000000002ba5      0x203 /usr/lib/gcc/arm-none-eabi/12.2.1/../../../arm-none-eabi/lib/thumb/v7-m/nofp/libg_nano.a(lib_a-rand.o)
 .debug_abbrev  0x0000000000002da8      0x1d6 /usr/lib/gcc/arm-none-eabi/12.2.1/../../../arm-none-eabi/lib/thumb/v7-m/nofp/libg_nano.a(lib_a-sbrkr.o)
 .debug_abbrev  0x0000000000002f7e      0x1fb /usr/lib/gcc/arm-none-eabi/12.2.1/../../../arm-none-eabi/lib/thumb/v7-m/nofp/libg_nano.a(lib_a-stdio.o)
 .debug_abbrev  0x0000000000003179      0x1b0 /usr/lib/gcc/arm-none-eabi/12.2.1/../../../arm-none-eabi/lib/thumb/v7-m/nofp/libg_nano.a(lib_a-writer.o)
 .debug_abbrev  0x0000000000003329      0x1c3 /usr/lib/gcc/arm-none-eabi/12.2.1/../../../arm-none-eabi/lib/thumb/v7-m/nofp/libg_nano.a(lib_a-assert.o)
 .debug_abbrev  0x00000000000034ec      0x1ab /usr/lib/gcc/arm-none-eabi/12.2.1/../../../arm-none-eabi/lib/thumb/v7-m/nofp/libg_nano.a(lib_a-closer.o)
 .debug_abbrev  0x0000000000003697      0x213 /usr/lib/gcc/arm-none-eabi/12.2.1/../../../arm-none-eabi/lib/thumb/v7-m/nofp/libg_nano.a(lib_a-fprintf.o)
 .debug_abbrev  0x00000000000038aa      0x1bf /usr/lib/gcc/arm-none-eabi/12.2.1/../../../arm-none-eabi/lib/thumb/v7-m/nofp/libg_nano.a(lib_a-lseekr.o)
 .debug_abbrev  0x0000000000003a69      0x1b6 /usr/lib/gcc/arm-none-eabi/12.2.1/../../../arm-none-eabi/lib/thumb/v7-m/nofp/libg_nano.a(lib_a-malloc.o)
 .debug_abbrev  0x0000000000003c1f      0x189 /usr/lib/gcc/arm-none-eabi/12.2.1/../../../arm-none-eabi/lib/thumb/v7-m/nofp/libg_nano.a(lib_a-mlock.o)
 .debug_abbrev  0x0000000000003da8      0x358 /usr/lib/gcc/arm-none-eabi/12.2.1/../../../arm-none-eabi/lib/thumb/v7-m/nofp/libg_nano.a(lib_a-nano-vfprintf.o)
 .debug_abbrev  0x0000000000004100      0x25c /usr/lib/gcc/arm-none-eabi/12.2.1/../../../arm-none-eabi/lib/thumb/v7-m/nofp/libg_nano.a(lib_a-nano-vfprintf_i.o)
 .debug_abbrev  0x000000000000435c      0x1ab /usr/lib/gcc/arm-none-eabi/12.2.1/../../../arm-none-eabi/lib/thumb/v7-m/nofp/libg_nano.a(lib_a-readr.o)
 .debug_abbrev  0x0000000000004507      0x265 /usr/lib/gcc/arm-none-eabi/12.2.1/../../../arm-none-eabi/lib/thumb/v7-m/nofp/libg_nano.a(lib_a-reent.o)
 .debug_abbrev  0x000000000000476c      0x21f /usr/lib/gcc/arm-none-eabi/12.2.1/../../../arm-none-eabi/lib/thumb/v7-m/nofp/libg_nano.a(lib_a-wbuf.o)
 .debug_abbrev  0x000000000000498b      0x1d4 /usr/lib/gcc/arm-none-eabi/12.2.1/../../../arm-none-eabi/lib/thumb/v7-m/nofp/libg_nano.a(lib_a-wsetup.o)
 .debug_abbrev  0x0000000000004b5f       0x80 /usr/lib/gcc/arm-none-eabi/12.2.1/../../../arm-none-eabi/lib/thumb/v7-m/nofp/libg_nano.a(lib_a-abort.o)
 .debug_abbrev  0x0000000000004bdf      0x1f4 /usr/lib/gcc/arm-none-eabi/12.2.1/../../../arm-none-eabi/lib/thumb/v7-m/nofp/libg_nano.a(lib_a-fvwrite.o)
 .debug_abbrev  0x0000000000004dd3      0x278 /usr/lib/gcc/arm-none-eabi/12.2.1/../../../arm-none-eabi/lib/thumb/v7-m/nofp/libg_nano.a(lib_a-makebuf.o)
 .debug_abbrev  0x000000000000504b       0xd4 /usr/lib/gcc/arm-none-eabi/12.2.1/../../../arm-none-eabi/lib/thumb/v7-m/nofp/libg_nano.a(lib_a-memchr-stub.o)
 .debug_abbrev  0x000000000000511f       0xc0 /usr/lib/gcc/arm-none-eabi/12.2.1/../../../arm-none-eabi/lib/thumb/v7-m/nofp/libg_nano.a(lib_a-memmove.o)
 .debug_abbrev  0x00000000000051df      0x1d6 /usr/lib/gcc/arm-none-eabi/12.2.1/../../../arm-none-eabi/lib/thumb/v7-m/nofp/libg_nano.a(lib_a-nano-reallocr.o)
 .debug_abbrev  0x00000000000053b5      0x2ba /usr/lib/gcc/arm-none-eabi/12.2.1/../../../arm-none-eabi/lib/thumb/v7-m/nofp/libg_nano.a(lib_a-signal.o)
 .debug_abbrev  0x000000000000566f      0x1db /usr/lib/gcc/arm-none-eabi/12.2.1/../../../arm-none-eabi/lib/thumb/v7-m/nofp/libg_nano.a(lib_a-signalr.o)
 .debug_abbrev  0x000000000000584a      0x1bf /usr/lib/gcc/arm-none-eabi/12.2.1/../../../arm-none-eabi/lib/thumb/v7-m/nofp/libg_nano.a(lib_a-fstatr.o)
 .debug_abbrev  0x0000000000005a09      0x1ab /usr/lib/gcc/arm-none-eabi/12.2.1/../../../arm-none-eabi/lib/thumb/v7-m/nofp/libg_nano.a(lib_a-isattyr.o)
 .debug_abbrev  0x0000000000005bb4      0x191 /usr/lib/gcc/arm-none-eabi/12.2.1/../../../arm-none-eabi/lib/thumb/v7-m/nofp/libg_nano.a(lib_a-nano-msizer.o)
 .debug_abbrev  0x0000000000005d45      0x4d4 /usr/lib/gcc/arm-none-eabi/12.2.1/../../../arm-none-eabi/lib/thumb/v7-m/nofp/librdimon_nano.a(rdimon-syscalls.o)
 .debug_abbrev  0x0000000000006219       0x7c /usr/lib/gcc/arm-none-eabi/12.2.1/../../../arm-none-eabi/lib/thumb/v7-m/nofp/librdimon_nano.a(rdimon-_exit.o)
 .debug_abbrev  0x0000000000006295      0x17e /usr/lib/gcc/arm-none-eabi/12.2.1/../../../arm-none-eabi/lib/thumb/v7-m/nofp/librdimon_nano.a(rdimon-_kill.o)
 .debug_abbrev  0x0000000000006413      0x157 /usr/lib/gcc/arm-none-eabi/12.2.1/../../../arm-none-eabi/lib/thumb/v7-m/nofp/libc_nano.a(lib_a-errno.o)
 .debug_abbrev  0x000000000000656a       0x79 /usr/lib/gcc/arm-none-eabi/12.2.1/../../../arm-none-eabi/lib/thumb/v7-m/nofp/libc_nano.a(lib_a-strlen-stub.o)

.debug_aranges  0x0000000000000000      0xc68
 .debug_aranges
                0x0000000000000000      0x1a8 ./output/tasks.o
 .debug_aranges
                0x00000000000001a8       0x40 ./output/list.o
 .debug_aranges
                0x00000000000001e8      0x178 ./output/queue.o
 .debug_aranges
                0x0000000000000360       0xf0 ./output/timers.o
 .debug_aranges
                0x0000000000000450       0x60 ./output/heap_custom.o
 .debug_aranges
                0x00000000000004b0       0x78 ./output/port.o
 .debug_aranges
                0x0000000000000528       0x78 ./output/IntQueue.o
 .debug_aranges
                0x00000000000005a0       0x40 ./output/IntQueueTimer.o
 .debug_aranges
                0x00000000000005e0       0x70 ./output/main.o
 .debug_aranges
                0x0000000000000650       0x90 ./output/main_mem_demo.o
 .debug_aranges
                0x00000000000006e0       0x38 ./output/startup_gcc.o
 .debug_aranges
                0x0000000000000718       0x58 ./output/printf-stdarg.o
 .debug_aranges
                0x0000000000000770       0x20 /usr/lib/gcc/arm-none-eabi/12.2.1/../../../arm-none-eabi/lib/thumb/v7-m/nofp/libg_nano.a(lib_a-fflush.o)
 .debug_aranges
                0x0000000000000790       0x20 /usr/lib/gcc/arm-none-eabi/12.2.1/../../../arm-none-eabi/lib/thumb/v7-m/nofp/libg_nano.a(lib_a-findfp.o)
 .debug_aranges
                0x00000000000007b0       0x20 /usr/lib/gcc/arm-none-eabi/12.2.1/../../../arm-none-eabi/lib/thumb/v7-m/nofp/libg_nano.a(lib_a-fwalk.o)
 .debug_aranges
                0x00000000000007d0       0x18 /usr/lib/gcc/arm-none-eabi/12.2.1/../../../arm-none-eabi/lib/thumb/v7-m/nofp/libg_nano.a(lib_a-impure.o)
 .debug_aranges
                0x00000000000007e8       0x20 /usr/lib/gcc/arm-none-eabi/12.2.1/../../../arm-none-eabi/lib/thumb/v7-m/nofp/libg_nano.a(lib_a-memcpy.o)
 .debug_aranges
                0x0000000000000808       0x20 /usr/lib/gcc/arm-none-eabi/12.2.1/../../../arm-none-eabi/lib/thumb/v7-m/nofp/libg_nano.a(lib_a-memset.o)
 .debug_aranges
                0x0000000000000828       0x20 /usr/lib/gcc/arm-none-eabi/12.2.1/../../../arm-none-eabi/lib/thumb/v7-m/nofp/libg_nano.a(lib_a-nano-freer.o)
 .debug_aranges
                0x0000000000000848       0x20 /usr/lib/gcc/arm-none-eabi/12.2.1/../../../arm-none-eabi/lib/thumb/v7-m/nofp/libg_nano.a(lib_a-nano-mallocr.o)
 .debug_aranges
                0x0000000000000868       0x20 /usr/lib/gcc/arm-none-eabi/12.2.1/../../../arm-none-eabi/lib/thumb/v7-m/nofp/libg_nano.a(lib_a-rand.o)
 .debug_aranges
                0x0000000000000888       0x20 /usr/lib/gcc/arm-none-eabi/12.2.1/../../../arm-none-eabi/lib/thumb/v7-m/nofp/libg_nano.a(lib_a-sbrkr.o)
 .debug_aranges
                0x00000000000008a8       0x20 /usr/lib/gcc/arm-none-eabi/12.2.1/../../../arm-none-eabi/lib/thumb/v7-m/nofp/libg_nano.a(lib_a-stdio.o)
 .debug_aranges
                0x00000000000008c8       0x20 /usr/lib/gcc/arm-none-eabi/12.2.1/../../../arm-none-eabi/lib/thumb/v7-m/nofp/libg_nano.a(lib_a-writer.o)
 .debug_aranges
                0x00000000000008e8       0x20 /usr/lib/gcc/arm-none-eabi/12.2.1/../../../arm-none-eabi/lib/thumb/v7-m/nofp/libg_nano.a(lib_a-assert.o)
 .debug_aranges
                0x0000000000000908       0x20 /usr/lib/gcc/arm-none-eabi/12.2.1/../../../arm-none-eabi/lib/thumb/v7-m/nofp/libg_nano.a(lib_a-closer.o)
 .debug_aranges
                0x0000000000000928       0x20 /usr/lib/gcc/arm-none-eabi/12.2.1/../../../arm-none-eabi/lib/thumb/v7-m/nofp/libg_nano.a(lib_a-fprintf.o)
 .debug_aranges
                0x0000000000000948       0x20 /usr/lib/gcc/arm-none-eabi/12.2.1/../../../arm-none-eabi/lib/thumb/v7-m/nofp/libg_nano.a(lib_a-lseekr.o)
 .debug_aranges
                0x0000000000000968       0x20 /usr/lib/gcc/arm-none-eabi/12.2.1/../../../arm-none-eabi/lib/thumb/v7-m/nofp/libg_nano.a(lib_a-malloc.o)
 .debug_aranges
                0x0000000000000988       0x20 /usr/lib/gcc/arm-none-eabi/12.2.1/../../../arm-none-eabi/lib/thumb/v7-m/nofp/libg_nano.a(lib_a-mlock.o)
 .debug_aranges
                0x00000000000009a8       0x20 /usr/lib/gcc/arm-none-eabi/12.2.1/../../../arm-none-eabi/lib/thumb/v7-m/nofp/libg_nano.a(lib_a-nano-vfprintf.o)
 .debug_aranges
                0x00000000000009c8       0x20 /usr/lib/gcc/arm-none-eabi/12.2.1/../../../arm-none-eabi/lib/thumb/v7-m/nofp/libg_nano.a(lib_a-nano-vfprintf_i.o)
 .debug_aranges
                0x00000000000009e8       0x20 /usr/lib/gcc/arm-none-eabi/12.2.1/../../../arm-none-eabi/lib/thumb/v7-m/nofp/libg_nano.a(lib_a-readr.o)
 .debug_aranges
                0x0000000000000a08       0x20 /usr/lib/gcc/arm-none-eabi/12.2.1/../../../arm-none-eabi/lib/thumb/v7-m/nofp/libg_nano.a(lib_a-reent.o)
 .debug_aranges
                0x0000000000000a28       0x20 /usr/lib/gcc/arm-none-eabi/12.2.1/../../../arm-none-eabi/lib/thumb/v7-m/nofp/libg_nano.a(lib_a-wbuf.o)
 .debug_aranges
                0x0000000000000a48       0x20 /usr/lib/gcc/arm-none-eabi/12.2.1/../../../arm-none-eabi/lib/thumb/v7-m/nofp/libg_nano.a(lib_a-wsetup.o)
 .debug_aranges
                0x0000000000000a68       0x20 /usr/lib/gcc/arm-none-eabi/12.2.1/../../../arm-none-eabi/lib/thumb/v7-m/nofp/libg_nano.a(lib_a-abort.o)
 .debug_aranges
                0x0000000000000a88       0x20 /usr/lib/gcc/arm-none-eabi/12.2.1/../../../arm-none-eabi/lib/thumb/v7-m/nofp/libg_nano.a(lib_a-fvwrite.o)
 .debug_aranges
                0x0000000000000aa8       0x20 /usr/lib/gcc/arm-none-eabi/12.2.1/../../../arm-none-eabi/lib/thumb/v7-m/nofp/libg_nano.a(lib_a-makebuf.o)
 .debug_aranges
                0x0000000000000ac8       0x20 /usr/lib/gcc/arm-none-eabi/12.2.1/../../../arm-none-eabi/lib/thumb/v7-m/nofp/libg_nano.a(lib_a-memchr-stub.o)
 .debug_aranges
                0x0000000000000ae8       0x20 /usr/lib/gcc/arm-none-eabi/12.2.1/../../../arm-none-eabi/lib/thumb/v7-m/nofp/libg_nano.a(lib_a-memmove.o)
 .debug_aranges
                0x0000000000000b08       0x20 /usr/lib/gcc/arm-none-eabi/12.2.1/../../../arm-none-eabi/lib/thumb/v7-m/nofp/libg_nano.a(lib_a-nano-reallocr.o)
 .debug_aranges
                0x0000000000000b28       0x20 /usr/lib/gcc/arm-none-eabi/12.2.1/../../../arm-none-eabi/lib/thumb/v7-m/nofp/libg_nano.a(lib_a-signal.o)
 .debug_aranges
                0x0000000000000b48       0x20 /usr/lib/gcc/arm-none-eabi/12.2.1/../../../arm-none-eabi/lib/thumb/v7-m/nofp/libg_nano.a(lib_a-signalr.o)
 .debug_aranges
                0x0000000000000b68       0x20 /usr/lib/gcc/arm-none-eabi/12.2.1/../../../arm-none-eabi/lib/thumb/v7-m/nofp/libg_nano.a(lib_a-fstatr.o)
 .debug_aranges
                0x0000000000000b88       0x20 /usr/lib/gcc/arm-none-eabi/12.2.1/../../../arm-none-eabi/lib/thumb/v7-m/nofp/libg_nano.a(lib_a-isattyr.o)
 .debug_aranges
                0x0000000000000ba8       0x20 /usr/lib/gcc/arm-none-eabi/12.2.1/../../../arm-none-eabi/lib/thumb/v7-m/nofp/libg_nano.a(lib_a-nano-msizer.o)
 .debug_aranges
                0x0000000000000bc8       0x20 /usr/lib/gcc/arm-none-eabi/12.2.1/../../../arm-none-eabi/lib/thumb/v7-m/nofp/librdimon_nano.a(rdimon-syscalls.o)
 .debug_aranges
                0x0000000000000be8       0x20 /usr/lib/gcc/arm-none-eabi/12.2.1/../../../arm-none-eabi/lib/thumb/v7-m/nofp/librdimon_nano.a(rdimon-_exit.o)
 .debug_aranges
                0x0000000000000c08       0x20 /usr/lib/gcc/arm-none-eabi/12.2.1/../../../arm-none-eabi/lib/thumb/v7-m/nofp/librdimon_nano.a(rdimon-_kill.o)
 .debug_aranges
                0x0000000000000c28       0x20 /usr/lib/gcc/arm-none-eabi/12.2.1/../../../arm-none-eabi/lib/thumb/v7-m/nofp/libc_nano.a(lib_a-errno.o)
 .debug_aranges
                0x0000000000000c48       0x20 /usr/lib/gcc/arm-none-eabi/12.2.1/../../../arm-none-eabi/lib/thumb/v7-m/nofp/libc_nano.a(lib_a-strlen-stub.o)

.debug_rnglists
                0x0000000000000000      0x5b4
 .debug_rnglists
                0x0000000000000000      0x153 ./output/tasks.o
 .debug_rnglists
                0x0000000000000153       0x2b ./output/list.o
 .debug_rnglists
                0x000000000000017e      0x124 ./output/queue.o
 .debug_rnglists
                0x00000000000002a2       0xb5 ./output/timers.o
 .debug_rnglists
                0x0000000000000357       0x48 ./output/heap_custom.o
 .debug_rnglists
                0x000000000000039f       0x56 ./output/port.o
 .debug_rnglists
                0x00000000000003f5       0x5e ./output/IntQueue.o
 .debug_rnglists
                0x0000000000000453       0x2b ./output/IntQueueTimer.o
 .debug_rnglists
                0x000000000000047e       0x4f ./output/main.o
 .debug_rnglists
                0x00000000000004cd       0x81 ./output/main_mem_demo.o
 .debug_rnglists
                0x000000000000054e       0x26 ./output/startup_gcc.o
 .debug_rnglists
                0x0000000000000574       0x40 ./output/printf-stdarg.o

.debug_macro    0x0000000000000000     0x6ac9
 .debug_macro   0x0000000000000000      0x28f ./output/tasks.o
 .debug_macro   0x000000000000028f      0xa96 ./output/tasks.o
 .debug_macro   0x0000000000000d25       0x18 ./output/tasks.o
 .debug_macro   0x0000000000000d3d       0x22 ./output/tasks.o
 .debug_macro   0x0000000000000d5f       0x52 ./output/tasks.o
 .debug_macro   0x0000000000000db1       0x94 ./output/tasks.o
 .debug_macro   0x0000000000000e45       0x35 ./output/tasks.o
 .debug_macro   0x0000000000000e7a       0x34 ./output/tasks.o
 .debug_macro   0x0000000000000eae       0x16 ./output/tasks.o
 .debug_macro   0x0000000000000ec4      0x11c ./output/tasks.o
 .debug_macro   0x0000000000000fe0       0x94 ./output/tasks.o
 .debug_macro   0x0000000000001074       0x16 ./output/tasks.o
 .debug_macro   0x000000000000108a       0x43 ./output/tasks.o
 .debug_macro   0x00000000000010cd       0x57 ./output/tasks.o
 .debug_macro   0x0000000000001124       0x34 ./output/tasks.o
 .debug_macro   0x0000000000001158       0x10 ./output/tasks.o
 .debug_macro   0x0000000000001168       0x52 ./output/tasks.o
 .debug_macro   0x00000000000011ba      0x182 ./output/tasks.o
 .debug_macro   0x000000000000133c      0x333 ./output/tasks.o
 .debug_macro   0x000000000000166f       0x16 ./output/tasks.o
 .debug_macro   0x0000000000001685       0x29 ./output/tasks.o
 .debug_macro   0x00000000000016ae       0x16 ./output/tasks.o
 .debug_macro   0x00000000000016c4       0x35 ./output/tasks.o
 .debug_macro   0x00000000000016f9      0x34e ./output/tasks.o
 .debug_macro   0x0000000000001a47       0x16 ./output/tasks.o
 .debug_macro   0x0000000000001a5d      0x1b8 ./output/tasks.o
 .debug_macro   0x0000000000001c15       0x1c ./output/tasks.o
 .debug_macro   0x0000000000001c31      0x182 ./output/tasks.o
 .debug_macro   0x0000000000001db3       0xd2 ./output/tasks.o
 .debug_macro   0x0000000000001e85       0x28 ./output/tasks.o
 .debug_macro   0x0000000000001ead       0x1f ./output/tasks.o
 .debug_macro   0x0000000000001ecc       0x12 ./output/tasks.o
 .debug_macro   0x0000000000001ede     0x1040 ./output/tasks.o
 .debug_macro   0x0000000000002f1e       0xc3 ./output/tasks.o
 .debug_macro   0x0000000000002fe1      0x14f ./output/tasks.o
 .debug_macro   0x0000000000003130       0x98 ./output/tasks.o
 .debug_macro   0x00000000000031c8       0x16 ./output/tasks.o
 .debug_macro   0x00000000000031de      0x171 ./output/list.o
 .debug_macro   0x000000000000334f      0x203 ./output/queue.o
 .debug_macro   0x0000000000003552       0x8e ./output/queue.o
 .debug_macro   0x00000000000035e0      0x1c0 ./output/timers.o
 .debug_macro   0x00000000000037a0       0x9e ./output/timers.o
 .debug_macro   0x000000000000383e      0x2dd ./output/heap_custom.o
 .debug_macro   0x0000000000003b1b       0x1c ./output/heap_custom.o
 .debug_macro   0x0000000000003b37       0x10 ./output/heap_custom.o
 .debug_macro   0x0000000000003b47       0x10 ./output/heap_custom.o
 .debug_macro   0x0000000000003b57       0x6a ./output/heap_custom.o
 .debug_macro   0x0000000000003bc1       0x1c ./output/heap_custom.o
 .debug_macro   0x0000000000003bdd       0x52 ./output/heap_custom.o
 .debug_macro   0x0000000000003c2f       0x22 ./output/heap_custom.o
 .debug_macro   0x0000000000003c51       0x10 ./output/heap_custom.o
 .debug_macro   0x0000000000003c61       0x40 ./output/heap_custom.o
 .debug_macro   0x0000000000003ca1       0xd5 ./output/heap_custom.o
 .debug_macro   0x0000000000003d76       0x1c ./output/heap_custom.o
 .debug_macro   0x0000000000003d92       0x3d ./output/heap_custom.o
 .debug_macro   0x0000000000003dcf       0x16 ./output/heap_custom.o
 .debug_macro   0x0000000000003de5      0x16f ./output/heap_custom.o
 .debug_macro   0x0000000000003f54      0x162 ./output/port.o
 .debug_macro   0x00000000000040b6      0x189 ./output/port.o
 .debug_macro   0x000000000000423f      0x1fa ./output/IntQueue.o
 .debug_macro   0x0000000000004439       0x10 ./output/IntQueue.o
 .debug_macro   0x0000000000004449       0xfc ./output/IntQueueTimer.o
 .debug_macro   0x0000000000004545       0x22 ./output/IntQueueTimer.o
 .debug_macro   0x0000000000004567       0x1c ./output/IntQueueTimer.o
 .debug_macro   0x0000000000004583       0x22 ./output/IntQueueTimer.o
 .debug_macro   0x00000000000045a5       0xd6 ./output/IntQueueTimer.o
 .debug_macro   0x000000000000467b      0xe2d ./output/IntQueueTimer.o
 .debug_macro   0x00000000000054a8      0x11f ./output/IntQueueTimer.o
 .debug_macro   0x00000000000055c7      0x7b3 ./output/IntQueueTimer.o
 .debug_macro   0x0000000000005d7a      0x4a6 ./output/IntQueueTimer.o
 .debug_macro   0x0000000000006220      0x25f ./output/main.o
 .debug_macro   0x000000000000647f       0x16 ./output/main.o
 .debug_macro   0x0000000000006495      0x244 ./output/main_mem_demo.o
 .debug_macro   0x00000000000066d9       0x9e ./output/main_mem_demo.o
 .debug_macro   0x0000000000006777      0x10b ./output/main_mem_demo.o
 .debug_macro   0x0000000000006882      0x1b1 ./output/startup_gcc.o
 .debug_macro   0x0000000000006a33       0x3e ./output/printf-stdarg.o
 .debug_macro   0x0000000000006a71       0x58 ./output/printf-stdarg.o

.debug_line     0x0000000000000000     0xd57b
 .debug_line    0x0000000000000000     0x135a ./output/tasks.o
 .debug_line    0x000000000000135a      0x3a2 ./output/list.o
 .debug_line    0x00000000000016fc     0x1280 ./output/queue.o
 .debug_line    0x000000000000297c      0x8e1 ./output/timers.o
 .debug_line    0x000000000000325d      0x805 ./output/heap_custom.o
 .debug_line    0x0000000000003a62      0x416 ./output/port.o
 .debug_line    0x0000000000003e78      0x87f ./output/IntQueue.o
 .debug_line    0x00000000000046f7      0x352 ./output/IntQueueTimer.o
 .debug_line    0x0000000000004a49      0x4cc ./output/main.o
 .debug_line    0x0000000000004f15      0x8a2 ./output/main_mem_demo.o
 .debug_line    0x00000000000057b7      0x295 ./output/startup_gcc.o
 .debug_line    0x0000000000005a4c      0x3d6 ./output/printf-stdarg.o
 .debug_line    0x0000000000005e22      0x494 /usr/lib/gcc/arm-none-eabi/12.2.1/../../../arm-none-eabi/lib/thumb/v7-m/nofp/libg_nano.a(lib_a-fflush.o)
 .debug_line    0x00000000000062b6      0x5ab /usr/lib/gcc/arm-none-eabi/12.2.1/../../../arm-none-eabi/lib/thumb/v7-m/nofp/libg_nano.a(lib_a-findfp.o)
 .debug_line    0x0000000000006861      0x27a /usr/lib/gcc/arm-none-eabi/12.2.1/../../../arm-none-eabi/lib/thumb/v7-m/nofp/libg_nano.a(lib_a-fwalk.o)
 .debug_line    0x0000000000006adb       0xe4 /usr/lib/gcc/arm-none-eabi/12.2.1/../../../arm-none-eabi/lib/thumb/v7-m/nofp/libg_nano.a(lib_a-impure.o)
 .debug_line    0x0000000000006bbf       0xc1 /usr/lib/gcc/arm-none-eabi/12.2.1/../../../arm-none-eabi/lib/thumb/v7-m/nofp/libg_nano.a(lib_a-memcpy.o)
 .debug_line    0x0000000000006c80      0x1bf /usr/lib/gcc/arm-none-eabi/12.2.1/../../../arm-none-eabi/lib/thumb/v7-m/nofp/libg_nano.a(lib_a-memset.o)
 .debug_line    0x0000000000006e3f      0x2e5 /usr/lib/gcc/arm-none-eabi/12.2.1/../../../arm-none-eabi/lib/thumb/v7-m/nofp/libg_nano.a(lib_a-nano-freer.o)
 .debug_line    0x0000000000007124      0x2d6 /usr/lib/gcc/arm-none-eabi/12.2.1/../../../arm-none-eabi/lib/thumb/v7-m/nofp/libg_nano.a(lib_a-nano-mallocr.o)
 .debug_line    0x00000000000073fa      0x29e /usr/lib/gcc/arm-none-eabi/12.2.1/../../../arm-none-eabi/lib/thumb/v7-m/nofp/libg_nano.a(lib_a-rand.o)
 .debug_line    0x0000000000007698      0x186 /usr/lib/gcc/arm-none-eabi/12.2.1/../../../arm-none-eabi/lib/thumb/v7-m/nofp/libg_nano.a(lib_a-sbrkr.o)
 .debug_line    0x000000000000781e      0x231 /usr/lib/gcc/arm-none-eabi/12.2.1/../../../arm-none-eabi/lib/thumb/v7-m/nofp/libg_nano.a(lib_a-stdio.o)
 .debug_line    0x0000000000007a4f      0x18d /usr/lib/gcc/arm-none-eabi/12.2.1/../../../arm-none-eabi/lib/thumb/v7-m/nofp/libg_nano.a(lib_a-writer.o)
 .debug_line    0x0000000000007bdc      0x197 /usr/lib/gcc/arm-none-eabi/12.2.1/../../../arm-none-eabi/lib/thumb/v7-m/nofp/libg_nano.a(lib_a-assert.o)
 .debug_line    0x0000000000007d73      0x186 /usr/lib/gcc/arm-none-eabi/12.2.1/../../../arm-none-eabi/lib/thumb/v7-m/nofp/libg_nano.a(lib_a-closer.o)
 .debug_line    0x0000000000007ef9      0x1a0 /usr/lib/gcc/arm-none-eabi/12.2.1/../../../arm-none-eabi/lib/thumb/v7-m/nofp/libg_nano.a(lib_a-fprintf.o)
 .debug_line    0x0000000000008099      0x18d /usr/lib/gcc/arm-none-eabi/12.2.1/../../../arm-none-eabi/lib/thumb/v7-m/nofp/libg_nano.a(lib_a-lseekr.o)
 .debug_line    0x0000000000008226      0x15f /usr/lib/gcc/arm-none-eabi/12.2.1/../../../arm-none-eabi/lib/thumb/v7-m/nofp/libg_nano.a(lib_a-malloc.o)
 .debug_line    0x0000000000008385      0x13e /usr/lib/gcc/arm-none-eabi/12.2.1/../../../arm-none-eabi/lib/thumb/v7-m/nofp/libg_nano.a(lib_a-mlock.o)
 .debug_line    0x00000000000084c3      0x6f8 /usr/lib/gcc/arm-none-eabi/12.2.1/../../../arm-none-eabi/lib/thumb/v7-m/nofp/libg_nano.a(lib_a-nano-vfprintf.o)
 .debug_line    0x0000000000008bbb      0x75e /usr/lib/gcc/arm-none-eabi/12.2.1/../../../arm-none-eabi/lib/thumb/v7-m/nofp/libg_nano.a(lib_a-nano-vfprintf_i.o)
 .debug_line    0x0000000000009319      0x18c /usr/lib/gcc/arm-none-eabi/12.2.1/../../../arm-none-eabi/lib/thumb/v7-m/nofp/libg_nano.a(lib_a-readr.o)
 .debug_line    0x00000000000094a5      0x2c7 /usr/lib/gcc/arm-none-eabi/12.2.1/../../../arm-none-eabi/lib/thumb/v7-m/nofp/libg_nano.a(lib_a-reent.o)
 .debug_line    0x000000000000976c      0x27a /usr/lib/gcc/arm-none-eabi/12.2.1/../../../arm-none-eabi/lib/thumb/v7-m/nofp/libg_nano.a(lib_a-wbuf.o)
 .debug_line    0x00000000000099e6      0x352 /usr/lib/gcc/arm-none-eabi/12.2.1/../../../arm-none-eabi/lib/thumb/v7-m/nofp/libg_nano.a(lib_a-wsetup.o)
 .debug_line    0x0000000000009d38      0x109 /usr/lib/gcc/arm-none-eabi/12.2.1/../../../arm-none-eabi/lib/thumb/v7-m/nofp/libg_nano.a(lib_a-abort.o)
 .debug_line    0x0000000000009e41      0x5df /usr/lib/gcc/arm-none-eabi/12.2.1/../../../arm-none-eabi/lib/thumb/v7-m/nofp/libg_nano.a(lib_a-fvwrite.o)
 .debug_line    0x000000000000a420      0x3c2 /usr/lib/gcc/arm-none-eabi/12.2.1/../../../arm-none-eabi/lib/thumb/v7-m/nofp/libg_nano.a(lib_a-makebuf.o)
 .debug_line    0x000000000000a7e2      0x1d0 /usr/lib/gcc/arm-none-eabi/12.2.1/../../../arm-none-eabi/lib/thumb/v7-m/nofp/libg_nano.a(lib_a-memchr-stub.o)
 .debug_line    0x000000000000a9b2      0x206 /usr/lib/gcc/arm-none-eabi/12.2.1/../../../arm-none-eabi/lib/thumb/v7-m/nofp/libg_nano.a(lib_a-memmove.o)
 .debug_line    0x000000000000abb8      0x1c7 /usr/lib/gcc/arm-none-eabi/12.2.1/../../../arm-none-eabi/lib/thumb/v7-m/nofp/libg_nano.a(lib_a-nano-reallocr.o)
 .debug_line    0x000000000000ad7f      0x65f /usr/lib/gcc/arm-none-eabi/12.2.1/../../../arm-none-eabi/lib/thumb/v7-m/nofp/libg_nano.a(lib_a-signal.o)
 .debug_line    0x000000000000b3de      0x1a3 /usr/lib/gcc/arm-none-eabi/12.2.1/../../../arm-none-eabi/lib/thumb/v7-m/nofp/libg_nano.a(lib_a-signalr.o)
 .debug_line    0x000000000000b581      0x1fc /usr/lib/gcc/arm-none-eabi/12.2.1/../../../arm-none-eabi/lib/thumb/v7-m/nofp/libg_nano.a(lib_a-fstatr.o)
 .debug_line    0x000000000000b77d      0x187 /usr/lib/gcc/arm-none-eabi/12.2.1/../../../arm-none-eabi/lib/thumb/v7-m/nofp/libg_nano.a(lib_a-isattyr.o)
 .debug_line    0x000000000000b904      0x160 /usr/lib/gcc/arm-none-eabi/12.2.1/../../../arm-none-eabi/lib/thumb/v7-m/nofp/libg_nano.a(lib_a-nano-msizer.o)
 .debug_line    0x000000000000ba64     0x17d0 /usr/lib/gcc/arm-none-eabi/12.2.1/../../../arm-none-eabi/lib/thumb/v7-m/nofp/librdimon_nano.a(rdimon-syscalls.o)
 .debug_line    0x000000000000d234       0x67 /usr/lib/gcc/arm-none-eabi/12.2.1/../../../arm-none-eabi/lib/thumb/v7-m/nofp/librdimon_nano.a(rdimon-_exit.o)
 .debug_line    0x000000000000d29b       0xe3 /usr/lib/gcc/arm-none-eabi/12.2.1/../../../arm-none-eabi/lib/thumb/v7-m/nofp/librdimon_nano.a(rdimon-_kill.o)
 .debug_line    0x000000000000d37e      0x109 /usr/lib/gcc/arm-none-eabi/12.2.1/../../../arm-none-eabi/lib/thumb/v7-m/nofp/libc_nano.a(lib_a-errno.o)
 .debug_line    0x000000000000d487       0xf4 /usr/lib/gcc/arm-none-eabi/12.2.1/../../../arm-none-eabi/lib/thumb/v7-m/nofp/libc_nano.a(lib_a-strlen-stub.o)

.debug_str      0x0000000000000000    0x24c85
 .debug_str     0x0000000000000000    0x12e82 ./output/tasks.o
                                      0x131e0 (size before relaxing)
 .debug_str     0x0000000000012e82       0x6d ./output/list.o
                                       0xfb19 (size before relaxing)
 .debug_str     0x0000000000012eef     0x148a ./output/queue.o
                                      0x1277c (size before relaxing)
 .debug_str     0x0000000000014379      0x5bf ./output/timers.o
                                      0x12a7e (size before relaxing)
 .debug_str     0x0000000000014938     0x18a7 ./output/heap_custom.o
                                      0x12817 (size before relaxing)
 .debug_str     0x00000000000161df      0x7f1 ./output/port.o
                                       0xec97 (size before relaxing)
 .debug_str     0x00000000000169d0      0xb48 ./output/IntQueue.o
                                      0x12322 (size before relaxing)
 .debug_str     0x0000000000017518     0xb47d ./output/IntQueueTimer.o
                                      0x178fe (size before relaxing)
 .debug_str     0x0000000000022995      0x312 ./output/main.o
                                      0x12338 (size before relaxing)
 .debug_str     0x0000000000022ca7      0x21d ./output/main_mem_demo.o
                                      0x1234c (size before relaxing)
 .debug_str     0x0000000000022ec4      0x47a ./output/startup_gcc.o
                                       0x7c28 (size before relaxing)
 .debug_str     0x000000000002333e      0x1dc ./output/printf-stdarg.o
                                       0x308b (size before relaxing)
 .debug_str     0x000000000002351a      0x1aa /usr/lib/gcc/arm-none-eabi/12.2.1/../../../arm-none-eabi/lib/thumb/v7-m/nofp/libg_nano.a(lib_a-fflush.o)
                                        0x5b6 (size before relaxing)
 .debug_str     0x00000000000236c4      0x1d4 /usr/lib/gcc/arm-none-eabi/12.2.1/../../../arm-none-eabi/lib/thumb/v7-m/nofp/libg_nano.a(lib_a-findfp.o)
                                        0x72f (size before relaxing)
 .debug_str     0x0000000000023898       0x41 /usr/lib/gcc/arm-none-eabi/12.2.1/../../../arm-none-eabi/lib/thumb/v7-m/nofp/libg_nano.a(lib_a-fwalk.o)
                                        0x51c (size before relaxing)
 .debug_str     0x00000000000238d9       0x9c /usr/lib/gcc/arm-none-eabi/12.2.1/../../../arm-none-eabi/lib/thumb/v7-m/nofp/libg_nano.a(lib_a-impure.o)
                                        0x556 (size before relaxing)
 .debug_str     0x0000000000023975       0xb2 /usr/lib/gcc/arm-none-eabi/12.2.1/../../../arm-none-eabi/lib/thumb/v7-m/nofp/libg_nano.a(lib_a-memcpy.o)
 .debug_str     0x0000000000023a27       0xa6 /usr/lib/gcc/arm-none-eabi/12.2.1/../../../arm-none-eabi/lib/thumb/v7-m/nofp/libg_nano.a(lib_a-memset.o)
                                        0x1b8 (size before relaxing)
 .debug_str     0x0000000000023acd      0x112 /usr/lib/gcc/arm-none-eabi/12.2.1/../../../arm-none-eabi/lib/thumb/v7-m/nofp/libg_nano.a(lib_a-nano-freer.o)
                                        0x58d (size before relaxing)
 .debug_str     0x0000000000023bdf       0x46 /usr/lib/gcc/arm-none-eabi/12.2.1/../../../arm-none-eabi/lib/thumb/v7-m/nofp/libg_nano.a(lib_a-nano-mallocr.o)
                                        0x5b8 (size before relaxing)
 .debug_str     0x0000000000023c25       0x40 /usr/lib/gcc/arm-none-eabi/12.2.1/../../../arm-none-eabi/lib/thumb/v7-m/nofp/libg_nano.a(lib_a-rand.o)
                                        0x523 (size before relaxing)
 .debug_str     0x0000000000023c65       0x3d /usr/lib/gcc/arm-none-eabi/12.2.1/../../../arm-none-eabi/lib/thumb/v7-m/nofp/libg_nano.a(lib_a-sbrkr.o)
                                        0x50e (size before relaxing)
 .debug_str     0x0000000000023ca2       0x92 /usr/lib/gcc/arm-none-eabi/12.2.1/../../../arm-none-eabi/lib/thumb/v7-m/nofp/libg_nano.a(lib_a-stdio.o)
                                        0x56b (size before relaxing)
 .debug_str     0x0000000000023d34       0x33 /usr/lib/gcc/arm-none-eabi/12.2.1/../../../arm-none-eabi/lib/thumb/v7-m/nofp/libg_nano.a(lib_a-writer.o)
                                        0x50b (size before relaxing)
 .debug_str     0x0000000000023d67       0x57 /usr/lib/gcc/arm-none-eabi/12.2.1/../../../arm-none-eabi/lib/thumb/v7-m/nofp/libg_nano.a(lib_a-assert.o)
                                        0x53a (size before relaxing)
 .debug_str     0x0000000000023dbe       0x33 /usr/lib/gcc/arm-none-eabi/12.2.1/../../../arm-none-eabi/lib/thumb/v7-m/nofp/libg_nano.a(lib_a-closer.o)
                                        0x4fb (size before relaxing)
 .debug_str     0x0000000000023df1       0x4b /usr/lib/gcc/arm-none-eabi/12.2.1/../../../arm-none-eabi/lib/thumb/v7-m/nofp/libg_nano.a(lib_a-fprintf.o)
                                        0x543 (size before relaxing)
 .debug_str     0x0000000000023e3c       0x3a /usr/lib/gcc/arm-none-eabi/12.2.1/../../../arm-none-eabi/lib/thumb/v7-m/nofp/libg_nano.a(lib_a-lseekr.o)
                                        0x509 (size before relaxing)
 .debug_str     0x0000000000023e76       0x40 /usr/lib/gcc/arm-none-eabi/12.2.1/../../../arm-none-eabi/lib/thumb/v7-m/nofp/libg_nano.a(lib_a-malloc.o)
                                        0x52b (size before relaxing)